BL51 BANKED LINKER/LOCATER V6.22                                                        04/29/2026  17:23:35  PAGE 1


BL51 BANKED LINKER/LOCATER V6.22, INVOKED BY:
C:\KEIL_V5\C51\BIN\BL51.EXE COMMON {.\Objects\STARTUP.obj}, COMMON {.\Objects\L51_BANK.obj}, COMMON {.\Objects\lcd_main.
>> obj}, COMMON {.\Objects\lcd_data.obj}, COMMON {.\Objects\isr_main.obj}, BANK1 {.\Objects\flash_main.obj}, BANK1 {.\Ob
>> jects\spi_main.obj}, BANK1 {.\Objects\gpio_main.obj}, BANK1 {.\Objects\dly_main.obj}, BANK1 {.\Objects\crc_main.obj},
>>  BANK1 {.\Objects\prtc_main.obj}, BANK1 {.\Objects\modbus_main.obj}, BANK1 {.\Objects\dac_main.obj}, BANK1 {.\Objects
>> \bsp_main.obj}, BANK1 {.\Objects\adc_main.obj}, BANK1 {.\Objects\font_def.obj}, BANK1 {.\Objects\mem_main.obj}, BANK1
>>  {.\Objects\main.obj}, BANK1 {.\Objects\disp_main.obj}, BANK1 {.\Objects\app_main.obj}, BANK1 {.\Objects\tmr_main.obj
>> }, BANK1 {.\Objects\bsp_rest.obj}, BANK1 {.\Objects\measure_main.obj}, BANK1 {.\Objects\measure_analyze.obj}, BANK1 {
>> .\Objects\measure_temperature.obj}, BANK2 {.\Objects\screen_main.obj}, BANK2 {.\Objects\btn_main.obj}, BANK2 {.\Objec
>> ts\pcd_main.obj}, BANK2 {.\Objects\rly_main.obj}, BANK2 {.\Objects\uart_main.obj}, BANK2 {.\Objects\rtc_ds1302.obj}, 
>> BANK2 {.\Objects\rf_main.obj}, BANK2 {.\Objects\pwm_main.obj}, BANK2 {.\Objects\disp_menu.obj}, BANK2 {.\Objects\disp
>> _string.obj}, BANK2 {.\Objects\menu_pass.obj}, BANK2 {.\Objects\menu_main.obj}, BANK2 {.\Objects\menu_data.obj}, BANK
>> 2 {.\Objects\menu_box.obj}, BANK2 {.\Objects\data.main.obj}, BANK2 {.\Objects\menu_engineer.obj}, BANK2 {.\Objects\me
>> nu_test.obj}, BANK3 {.\Objects\menu_quick.obj}, BANK3 {.\Objects\menu_output.obj}, BANK3 {.\Objects\menu_measure.obj}
>> , BANK3 {.\Objects\menu_system.obj}, BANK3 {.\Objects\menu_factory.obj} TO .\Objects\_slm_101s.omf BANKAREA (0X8000, 
>> 0XFFFF) PRINT (.\Listings\_slm_101s.m51) RAMSIZE (256) XDATA (0X0000-0X1FFF)


MEMORY MODEL: LARGE WITH FLOATING POINT ARITHMETIC


INPUT MODULES INCLUDED:
  .\Objects\STARTUP.obj (?C_STARTUP)
  .\Objects\L51_BANK.obj (?BANK?SWITCHING)
  .\Objects\lcd_main.obj (LCD_MAIN)
  .\Objects\lcd_data.obj (LCD_DATA)
  .\Objects\isr_main.obj (ISR_MAIN)
  .\Objects\flash_main.obj (FLASH_MAIN)
  .\Objects\spi_main.obj (SPI_MAIN)
  .\Objects\gpio_main.obj (GPIO_MAIN)
  .\Objects\dly_main.obj (DLY_MAIN)
  .\Objects\crc_main.obj (CRC_MAIN)
  .\Objects\prtc_main.obj (PRTC_MAIN)
  .\Objects\modbus_main.obj (MODBUS_MAIN)
  .\Objects\dac_main.obj (DAC_MAIN)
  .\Objects\bsp_main.obj (BSP_MAIN)
  .\Objects\adc_main.obj (ADC_MAIN)
  .\Objects\font_def.obj (FONT_DEF)
  .\Objects\mem_main.obj (MEM_MAIN)
  .\Objects\main.obj (MAIN)
  .\Objects\disp_main.obj (DISP_MAIN)
  .\Objects\app_main.obj (APP_MAIN)
  .\Objects\tmr_main.obj (TMR_MAIN)
  .\Objects\bsp_rest.obj (BSP_REST)
  .\Objects\measure_main.obj (MEASURE_MAIN)
  .\Objects\measure_analyze.obj (MEASURE_ANALYZE)
  .\Objects\measure_temperature.obj (MEASURE_TEMPERATURE)
  .\Objects\screen_main.obj (SCREEN_MAIN)
  .\Objects\btn_main.obj (BTN_MAIN)
  .\Objects\pcd_main.obj (PCD_MAIN)
  .\Objects\rly_main.obj (RLY_MAIN)
  .\Objects\uart_main.obj (UART_MAIN)
  .\Objects\rtc_ds1302.obj (RTC_DS1302)
  .\Objects\rf_main.obj (RF_MAIN)
  .\Objects\pwm_main.obj (PWM_MAIN)
  .\Objects\disp_menu.obj (DISP_MENU)
  .\Objects\disp_string.obj (DISP_STRING)
  .\Objects\menu_pass.obj (MENU_PASS)
BL51 BANKED LINKER/LOCATER V6.22                                                      04/29/2026  17:23:35  PAGE 2


  .\Objects\menu_main.obj (MENU_MAIN)
  .\Objects\menu_data.obj (MENU_DATA)
  .\Objects\menu_box.obj (MENU_BOX)
  .\Objects\data.main.obj (DATA_MAIN)
  .\Objects\menu_engineer.obj (MENU_ENGINEER)
  .\Objects\menu_test.obj (MENU_TEST)
  .\Objects\menu_quick.obj (MENU_QUICK)
  .\Objects\menu_output.obj (MENU_OUTPUT)
  .\Objects\menu_measure.obj (MENU_MEASURE)
  .\Objects\menu_system.obj (MENU_SYSTEM)
  .\Objects\menu_factory.obj (MENU_FACTORY)
  C:\KEIL_V5\C51\LIB\C51FPL.LIB (?C?FPADD)
  C:\KEIL_V5\C51\LIB\C51FPL.LIB (?C?FPMUL)
  C:\KEIL_V5\C51\LIB\C51FPL.LIB (?C?FPDIV)
  C:\KEIL_V5\C51\LIB\C51FPL.LIB (?C?FPCMP)
  C:\KEIL_V5\C51\LIB\C51FPL.LIB (?C?FCAST)
  C:\KEIL_V5\C51\LIB\C51FPL.LIB (?C?CASTF)
  C:\KEIL_V5\C51\LIB\C51FPL.LIB (LOG)
  C:\KEIL_V5\C51\LIB\C51FPL.LIB (?C?FPGETOPN)
  C:\KEIL_V5\C51\LIB\C51FPL.LIB (?C?FPSERIES)
  C:\KEIL_V5\C51\LIB\C51L.LIB (?C_INIT)
  C:\KEIL_V5\C51\LIB\C51L.LIB (?C?COPY)
  C:\KEIL_V5\C51\LIB\C51L.LIB (?C?CLDPTR)
  C:\KEIL_V5\C51\LIB\C51L.LIB (?C?CLDOPTR)
  C:\KEIL_V5\C51\LIB\C51L.LIB (?C?IMUL)
  C:\KEIL_V5\C51\LIB\C51L.LIB (?C?UIDIV)
  C:\KEIL_V5\C51\LIB\C51L.LIB (?C?SIDIV)
  C:\KEIL_V5\C51\LIB\C51L.LIB (?C?IILDX)
  C:\KEIL_V5\C51\LIB\C51L.LIB (?C?ILDIX)
  C:\KEIL_V5\C51\LIB\C51L.LIB (?C?ISTPTR)
  C:\KEIL_V5\C51\LIB\C51L.LIB (?C?LMUL)
  C:\KEIL_V5\C51\LIB\C51L.LIB (?C?ULDIV)
  C:\KEIL_V5\C51\LIB\C51L.LIB (?C?LNEG)
  C:\KEIL_V5\C51\LIB\C51L.LIB (?C?SLCMP)
  C:\KEIL_V5\C51\LIB\C51L.LIB (?C?ULCMP)
  C:\KEIL_V5\C51\LIB\C51L.LIB (?C?ULSHR)
  C:\KEIL_V5\C51\LIB\C51L.LIB (?C?LSHL)
  C:\KEIL_V5\C51\LIB\C51L.LIB (?C?LLDCODE)
  C:\KEIL_V5\C51\LIB\C51L.LIB (?C?LLDXDATA0)
  C:\KEIL_V5\C51\LIB\C51L.LIB (?C?LLDCODE0)
  C:\KEIL_V5\C51\LIB\C51L.LIB (?C?LILDXDATA)
  C:\KEIL_V5\C51\LIB\C51L.LIB (?C?LSTXDATA)
  C:\KEIL_V5\C51\LIB\C51L.LIB (?C?LSTKXDATA)
  C:\KEIL_V5\C51\LIB\C51L.LIB (?C?OFFXADD)
  C:\KEIL_V5\C51\LIB\C51L.LIB (?C?LIMUL)
  C:\KEIL_V5\C51\LIB\C51L.LIB (STRNCPY)
  C:\KEIL_V5\C51\LIB\C51L.LIB (?C?CSTOPTR)


LINK MAP OF MODULE:  .\Objects\_slm_101s.omf (?C_STARTUP)


            TYPE    BASE      LENGTH    RELOCATION   SEGMENT NAME
            -----------------------------------------------------

            * * * * * * *   D A T A   M E M O R Y   * * * * * * *
            REG     0000H     0008H     ABSOLUTE     "REG BANK 0"
BL51 BANKED LINKER/LOCATER V6.22                                                      04/29/2026  17:23:35  PAGE 3


            DATA    0008H     0004H     UNIT         ?DT?FLASH_MAIN
            DATA    000CH     0001H     UNIT         ?BANK?DATA
                    000DH     0013H                  *** GAP ***
            BIT     0020H.0   0000H.1   UNIT         ?BI?DATA_MAIN
            BIT     0020H.1   0000H.1   UNIT         _BIT_GROUP_
                    0020H.2   0000H.6                *** GAP ***
            IDATA   0021H     0001H     UNIT         ?STACK

            * * * * * * *  X D A T A   M E M O R Y  * * * * * * *
            XDATA   0000H     0F00H     UNIT         ?XD?LCD_DATA
            XDATA   0F00H     0898H     UNIT         ?XD?ADC_MAIN
            XDATA   1798H     02E0H     UNIT         ?XD?MEASURE_MAIN
            XDATA   1A78H     0153H     UNIT         _XDATA_GROUP_
            XDATA   1BCBH     0100H     UNIT         ?XD?MENU_ENGINEER
            XDATA   1CCBH     00F2H     UNIT         ?XD?DISP_MAIN
            XDATA   1DBDH     003FH     UNIT         ?XD?UART_MAIN
            XDATA   1DFCH     002EH     UNIT         ?XD?DATA_MAIN
            XDATA   1E2AH     0026H     UNIT         ?XD?MEASURE_ANALYZE
            XDATA   1E50H     001DH     UNIT         ?XD?MENU_MEASURE
            XDATA   1E6DH     0015H     UNIT         ?XD?MENU_OUTPUT
            XDATA   1E82H     0014H     UNIT         ?XD?APP_MAIN
            XDATA   1E96H     0013H     UNIT         ?XD?MEASURE_TEMPERATURE
            XDATA   1EA9H     0010H     UNIT         ?XD?FONT_DEF
            XDATA   1EB9H     0009H     UNIT         ?XD?MENU_FACTORY
            XDATA   1EC2H     0007H     UNIT         ?XD?PCD_MAIN
            XDATA   1EC9H     0007H     UNIT         ?XD?RTC_DS1302
            XDATA   1ED0H     0005H     UNIT         ?XD?MENU_DATA
            XDATA   1ED5H     0004H     UNIT         ?XD?MEM_MAIN
            XDATA   1ED9H     0004H     UNIT         ?XD?MENU_SYSTEM
            XDATA   1EDDH     0003H     UNIT         ?XD?ISR_MAIN
            XDATA   1EE0H     0003H     UNIT         ?XD?RLY_MAIN
            XDATA   1EE3H     0003H     UNIT         ?XD?MENU_TEST
            XDATA   1EE6H     0002H     UNIT         ?XD?CRC_MAIN
            XDATA   1EE8H     0001H     UNIT         ?XD?SCREEN_MAIN
            XDATA   1EE9H     0001H     UNIT         ?XD?MENU_PASS

            * * * * * * *   C O D E   M E M O R Y   * * * * * * *
            CODE    0000H     0003H     ABSOLUTE     
            CODE    0003H     0008H     UNIT         ?CO?LCD_DATA
            CODE    000BH     0003H     ABSOLUTE     
            CODE    000EH     0013H     UNIT         ?CO?RTC_DS1302
                    0021H     0002H                  *** GAP ***
            CODE    0023H     0003H     ABSOLUTE     
            CODE    0026H     0044H     UNIT         ?PR?LCD_INITERASE?LCD_MAIN
            CODE    006AH     0009H     UNIT         ?PR?LDT_INITSCRN?LCD_DATA
            CODE    0073H     0003H     ABSOLUTE     
            CODE    0076H     242AH     UNIT         ?CO?FONT_DEF
            CODE    24A0H     08B8H     UNIT         ?C?LIB_CODE
            CODE    2D58H     04C6H     UNIT         ?CO?MENU_MEASURE
            CODE    321EH     00C1H     UNIT         ?PR?_LCD_DATALINE_HORZ?LCD_DATA
            CODE    32DFH     001FH     UNIT         ?PR?LCD_GETDATA?LCD_MAIN
                    32FEH     0002H                  *** GAP ***
            CODE    3300H     03F6H     PAGE         ?BANK?SWITCH
            CODE    36F6H     0363H     UNIT         ?C_INITSEG
            CODE    3A59H     02BAH     UNIT         ?CO?MENU_OUTPUT
            CODE    3D13H     02A8H     UNIT         ?PR?_LCD_WRSTRBUFF?LCD_DATA
            CODE    3FBBH     0290H     UNIT         ?PR?_LCD_WRITEGLYPH?LCD_DATA
BL51 BANKED LINKER/LOCATER V6.22                                                      04/29/2026  17:23:35  PAGE 4


            CODE    424BH     024DH     UNIT         ?CO?MENU_ENGINEER
            CODE    4498H     01B2H     UNIT         ?CO?MENU_DATA
            CODE    464AH     0199H     UNIT         ?CO?DISP_MAIN
            CODE    47E3H     0156H     UNIT         ?CO?DATA_MAIN
            CODE    4939H     0144H     UNIT         ?PR?INTERRUPT_UART0?ISR_MAIN
            CODE    4A7DH     0129H     UNIT         ?PR?LOG?LOG
            CODE    4BA6H     011FH     UNIT         ?CO?MENU_SYSTEM
            CODE    4CC5H     00FFH     UNIT         ?PR?_LDT_CLRBUFF?LCD_DATA
            CODE    4DC4H     00F9H     UNIT         ?CO?MENU_QUICK
            CODE    4EBDH     00B5H     UNIT         ?CO?MENU_MAIN
            CODE    4F72H     00B0H     UNIT         ?PR?_LDT_LINEVERT?LCD_DATA
            CODE    5022H     009AH     UNIT         ?CO?MENU_FACTORY
            CODE    50BCH     0091H     UNIT         ?PR?_LDT_UPDBUFF?LCD_DATA
            CODE    514DH     008FH     UNIT         ?C_C51STARTUP
            CODE    51DCH     0074H     UNIT         ?PR?_LCD_DATADOT_LINEVERT?LCD_DATA
            CODE    5250H     0068H     UNIT         ?PR?_STRNCPY?STRNCPY
            CODE    52B8H     0061H     UNIT         ?PR?LCD_INITCFG?LCD_MAIN
            CODE    5319H     005CH     UNIT         ?CO?MENU_TEST
            CODE    5375H     0058H     UNIT         ?CO?FLASH_MAIN
            CODE    53CDH     0052H     UNIT         ?PR?INTERRUPT_TIMER0?ISR_MAIN
            CODE    541FH     0041H     UNIT         ?PR?_LDT_DRAWBOX?LCD_DATA
            CODE    5460H     003EH     UNIT         ?CO?MENU_PASS
            CODE    549EH     0037H     UNIT         ?CO?DISP_STRING
            CODE    54D5H     0033H     UNIT         ?PR?_LDT_CLEARDOT?LCD_DATA
            CODE    5508H     002FH     UNIT         ?PR?INTERRUPT_TIMER3?ISR_MAIN
            CODE    5537H     002EH     UNIT         ?PR?_LCD_DATADOT_BUFF?LCD_DATA
            CODE    5565H     0024H     UNIT         ?CO?DISP_MENU
            CODE    5589H     0017H     UNIT         ?PR?_LCD_CFGDATA?LCD_MAIN
            CODE    55A0H     0017H     UNIT         ?PR?_LCD_CFGCTRL?LCD_MAIN
            CODE    55B7H     0016H     UNIT         ?PR?LCD_CHKBUSY?LCD_MAIN
            CODE    55CDH     0012H     UNIT         ?PR?_LCD_TXCMD2?LCD_MAIN
            CODE    55DFH     000DH     UNIT         ?PR?_LCD_TXCMD0?LCD_MAIN
            CODE    55ECH     000CH     UNIT         ?BANK?SELECT
            CODE    55F8H     000AH     UNIT         ?PR?_LCD_TXCMD1?LCD_MAIN
            CODE    5602H     000AH     UNIT         ?PR?ISR_INITBOOT?ISR_MAIN
            CODE    560CH     0008H     UNIT         ?PR?ISR_INITVARI?ISR_MAIN

            * * * * * * *   C O D E   B A N K   1   * * * * * * *
                    0000H     8000H                  *** GAP ***
            BANK1   8000H     064FH     UNIT         ?PR?DPFRT_PROCMAIN?DISP_MAIN
            BANK1   864FH     0571H     UNIT         ?PR?DSPSCR_ECHOCOMM?DISP_MAIN
            BANK1   8BC0H     04A8H     UNIT         ?PR?ANZ_CALCTRSHD?MEASURE_ANALYZE
            BANK1   9068H     046FH     UNIT         ?PR?_MSRCFG_TXCLK?MEASURE_MAIN
            BANK1   94D7H     041DH     UNIT         ?PR?MSANL_PROCSIGNAL?MEASURE_ANALYZE
            BANK1   98F4H     03A0H     UNIT         ?PR?_ADC_PROCSMOOTH?ADC_MAIN
            BANK1   9C94H     038CH     UNIT         ?PR?_DSP_DRAWGRAPH?DISP_MAIN
            BANK1   A020H     036EH     UNIT         ?PR?_DAC_OUTCURR?DAC_MAIN
            BANK1   A38EH     035CH     UNIT         ?PR?ANZ_CALCDAMP?MEASURE_ANALYZE
            BANK1   A6EAH     02FDH     UNIT         ?PR?_DSPDRW_AXISY?DISP_MAIN
            BANK1   A9E7H     026FH     UNIT         ?PR?DSPINFO_CURROUT?DISP_MAIN
            BANK1   AC56H     0255H     UNIT         ?PR?MSANL_TRACKINGSIGNAL?MEASURE_ANALYZE
            BANK1   AEABH     023AH     UNIT         ?PR?DSPARG_TIME?DISP_MAIN
            BANK1   B0E5H     0222H     UNIT         ?PR?DSPINFO_OFFSET?DISP_MAIN
            BANK1   B307H     01C4H     UNIT         ?PR?_APP_NUMTEST2STR?APP_MAIN
            BANK1   B4CBH     01C4H     UNIT         ?PR?_APP_NUM2STR?APP_MAIN
            BANK1   B68FH     01BEH     UNIT         ?PR?ANZ_SETTW?MEASURE_ANALYZE
            BANK1   B84DH     01A6H     UNIT         ?PR?DSP_GETCURRENT?DISP_MAIN
BL51 BANKED LINKER/LOCATER V6.22                                                      04/29/2026  17:23:35  PAGE 5


            BANK1   B9F3H     017AH     UNIT         ?PR?_DSPDRW_ECHO?DISP_MAIN
            BANK1   BB6DH     0167H     UNIT         ?PR?MSRCFG_ADCTIMING?MEASURE_MAIN
            BANK1   BCD4H     0162H     UNIT         ?PR?DSPINFO_DEADZONE?DISP_MAIN
            BANK1   BE36H     015CH     UNIT         ?PR?DSPINFO_EMPTY?DISP_MAIN
            BANK1   BF92H     0146H     UNIT         ?PR?FLS_RESETFACTORY?FLASH_MAIN
            BANK1   C0D8H     0142H     UNIT         ?PR?MSANL_CALCLEVEL?MEASURE_ANALYZE
            BANK1   C21AH     011AH     UNIT         ?PR?_DSP_SETBUFF?DISP_MAIN
            BANK1   C334H     010DH     UNIT         ?PR?MSTPR_CALCVAL?MEASURE_TEMPERATURE
            BANK1   C441H     010CH     UNIT         ?PR?MSRCFG_CALCSOS?MEASURE_MAIN
            BANK1   C54DH     0101H     UNIT         ?PR?ADC_WRITERAW?ADC_MAIN
            BANK1   C64EH     00F8H     UNIT         ?PR?ADC_AVRGRAW?ADC_MAIN
            BANK1   C746H     00E9H     UNIT         ?PR?MEAS_PROCMAIN?MEASURE_MAIN
            BANK1   C82FH     00D7H     UNIT         ?PR?DSPINFO_INIT?DISP_MAIN
            BANK1   C906H     00D4H     UNIT         ?PR?_DSP_CONFIGBOX?DISP_MAIN
            BANK1   C9DAH     00C1H     UNIT         ?PR?DSPINFO_ASF?DISP_MAIN
            BANK1   CA9BH     00BEH     UNIT         ?PR?MDB_PRCMAIN?MODBUS_MAIN
            BANK1   CB59H     00B9H     UNIT         ?PR?MEAS_SETDACTVG?MEASURE_MAIN
            BANK1   CC12H     00B5H     UNIT         ?PR?DSPINFO_ECHOAMP?DISP_MAIN
            BANK1   CCC7H     00B5H     UNIT         ?PR?APP_PROC1SEC?APP_MAIN
            BANK1   CD7CH     00B4H     UNIT         ?PR?MEAS_CFGTHRESHOLD?MEASURE_MAIN
            BANK1   CE30H     00A3H     UNIT         ?PR?DSPINFO_TESTMODE?DISP_MAIN
            BANK1   CED3H     00A0H     UNIT         ?PR?_FNT_GETSTR_2?FONT_DEF
            BANK1   CF73H     0093H     UNIT         ?PR?MDB_SETLEVEL?MODBUS_MAIN
            BANK1   D006H     0093H     UNIT         ?PR?MDB_SETTMPRT?MODBUS_MAIN
            BANK1   D099H     008AH     UNIT         ?PR?_DAC_OUTSPI?DAC_MAIN
            BANK1   D123H     0089H     UNIT         ?PR?MEAS_PRCSUB1?MEASURE_MAIN
            BANK1   D1ACH     0085H     UNIT         ?PR?_CRC_GETB16?CRC_MAIN
            BANK1   D231H     0079H     UNIT         ?PR?_DPGRP_PROCMAIN?DISP_MAIN
            BANK1   D2AAH     0074H     UNIT         ?PR?MSANL_CHECKERR?MEASURE_ANALYZE
            BANK1   D31EH     0073H     UNIT         ?PR?_MEM_WRITEWORD?MEM_MAIN
            BANK1   D391H     006FH     UNIT         ?PR?_FNT_SETSTR?FONT_DEF
            BANK1   D400H     006EH     UNIT         ?PR?DSPINFO_DENSITY?DISP_MAIN
            BANK1   D46EH     006EH     UNIT         ?PR?_DSP_DRAWECHOQ?DISP_MAIN
            BANK1   D4DCH     0062H     UNIT         ?PR?_MEM_READWORD?MEM_MAIN
            BANK1   D53EH     0062H     UNIT         ?PR?MEM_ERASEMRAM?MEM_MAIN
            BANK1   D5A0H     0062H     UNIT         ?PR?_MSRCFG_SETTX?MEASURE_MAIN
            BANK1   D602H     005FH     UNIT         ?PR?_MSRCFG_PROCTX?MEASURE_MAIN
            BANK1   D661H     005DH     UNIT         ?PR?_MEM_WRITEBYTE?MEM_MAIN
            BANK1   D6BEH     005AH     UNIT         ?PR?DLY_001USEC?DLY_MAIN
            BANK1   D718H     0059H     UNIT         ?PR?APP_INITBOOT?APP_MAIN
            BANK1   D771H     0059H     UNIT         ?PR?MSANL_INITVARI?MEASURE_ANALYZE
            BANK1   D7CAH     0056H     UNIT         ?PR?APP_PROCEVERY?APP_MAIN
            BANK1   D820H     0055H     UNIT         ?PR?_FLS_WR2BYTE?FLASH_MAIN
            BANK1   D875H     0054H     UNIT         ?PR?_FLS_RD2BYTE?FLASH_MAIN
            BANK1   D8C9H     0054H     UNIT         ?PR?_SPI0_WRITEADDR?SPI_MAIN
            BANK1   D91DH     0053H     UNIT         ?PR?ETC_INITOSC?BSP_REST
            BANK1   D970H     0052H     UNIT         ?PR?_MEM_READBYTE?MEM_MAIN
            BANK1   D9C2H     004FH     UNIT         ?PR?_MEM_INITMAIN?MEM_MAIN
            BANK1   DA11H     004FH     UNIT         ?PR?ANZ_CHKECHO_LEVEL?MEASURE_ANALYZE
            BANK1   DA60H     004BH     UNIT         ?PR?_MEM_WRITEDATA_SPIEN?MEM_MAIN
            BANK1   DAABH     0044H     UNIT         ?PR?ADC_PRCECHO?ADC_MAIN
            BANK1   DAEFH     0041H     UNIT         ?PR?_MEM_READDATA_STATUS?MEM_MAIN
            BANK1   DB30H     0040H     UNIT         ?PR?FLPRC_ERASEPAGE?FLASH_MAIN
            BANK1   DB70H     003FH     UNIT         ?PR?_MDB_TXMSG?MODBUS_MAIN
            BANK1   DBAFH     003FH     UNIT         ?PR?APPPROC_ENTERMENU?APP_MAIN
            BANK1   DBEEH     003DH     UNIT         ?PR?_MEM_WRITESEQ_STARTADDR?MEM_MAIN
            BANK1   DC2BH     003DH     UNIT         ?PR?_MEM_WRITEDATA_STATUS?MEM_MAIN
BL51 BANKED LINKER/LOCATER V6.22                                                      04/29/2026  17:23:35  PAGE 6


            BANK1   DC68H     003BH     UNIT         ?PR?TMR_INITBOOT?TMR_MAIN
            BANK1   DCA3H     0038H     UNIT         ?PR?_FLS_WR1BYTE?FLASH_MAIN
            BANK1   DCDBH     0037H     UNIT         ?PR?MEAS_SETOPR?MEASURE_MAIN
            BANK1   DD12H     0033H     UNIT         ?PR?_FLS_RD1BYTE?FLASH_MAIN
            BANK1   DD45H     0032H     UNIT         ?PR?BSP_INITBOOT?BSP_MAIN
            BANK1   DD77H     0031H     UNIT         ?PR?_MEAS_CFGSENS?MEASURE_MAIN
            BANK1   DDA8H     002CH     UNIT         ?PR?APPINIT_VARI?APP_MAIN
            BANK1   DDD4H     002CH     UNIT         ?PR?_MEAS_GETTVG?MEASURE_MAIN
            BANK1   DE00H     002BH     UNIT         ?PR?PRT_INITBOOT?PRTC_MAIN
            BANK1   DE2BH     002AH     UNIT         ?PR?_SPI0_WRITECMMD?SPI_MAIN
            BANK1   DE55H     0029H     UNIT         ?PR?_AD0_GETREGS?ADC_MAIN
            BANK1   DE7EH     0029H     UNIT         ?PR?DISP_INTROSCR?DISP_MAIN
            BANK1   DEA7H     0028H     UNIT         ?PR?_MEM_RWSEQ_END?MEM_MAIN
            BANK1   DECFH     0028H     UNIT         ?PR?MSANL_PROC1SEC?MEASURE_ANALYZE
            BANK1   DEF7H     0024H     UNIT         ?PR?BSP_INITPORT?BSP_MAIN
            BANK1   DF1BH     0024H     UNIT         ?PR?_ANZ_SETEMPTYPCT?MEASURE_ANALYZE
            BANK1   DF3FH     0023H     UNIT         ?PR?_MEM_READSEQ_STARTADDR?MEM_MAIN
            BANK1   DF62H     0023H     UNIT         ?PR?MEAS_PRCECHO?MEASURE_MAIN
            BANK1   DF85H     0022H     UNIT         ?PR?GIO_INITBOOT?GPIO_MAIN
            BANK1   DFA7H     0022H     UNIT         ?PR?MSANL_RESETFLAG?MEASURE_ANALYZE
            BANK1   DFC9H     0022H     UNIT         ?PR?MSANL_RESETTIMER?MEASURE_ANALYZE
            BANK1   DFEBH     0020H     UNIT         ?PR?MSRCFG_HWALL?MEASURE_MAIN
            BANK1   E00BH     001FH     UNIT         ?PR?MSRCFG_DLY10CM?MEASURE_MAIN
            BANK1   E02AH     001EH     UNIT         ?PR?_DLY_RUNMSEC?DLY_MAIN
            BANK1   E048H     001DH     UNIT         ?PR?_MEAS_CALCFEET2METER?MEASURE_MAIN
            BANK1   E065H     001DH     UNIT         ?PR?_MEAS_CALCMETER2FEET?MEASURE_MAIN
            BANK1   E082H     001BH     UNIT         ?PR?FLS_WRITEALL?FLASH_MAIN
            BANK1   E09DH     001BH     UNIT         ?PR?DPINF_PROCMAIN?DISP_MAIN
            BANK1   E0B8H     0018H     UNIT         ?PR?APPPROC_ENTERQUICK?APP_MAIN
            BANK1   E0D0H     0016H     UNIT         ?PR?MEM_RESET_STATUS?MEM_MAIN
            BANK1   E0E6H     0015H     UNIT         ?PR?FLPRC_READALL?FLASH_MAIN
            BANK1   E0FBH     0015H     UNIT         ?PR?PRT_PROCMAIN?PRTC_MAIN
            BANK1   E110H     0015H     UNIT         ?PR?DISP_INITVARI?DISP_MAIN
            BANK1   E125H     0015H     UNIT         ?PR?DISP_CLEARSCR?DISP_MAIN
            BANK1   E13AH     0013H     UNIT         ?PR?SPI_SETFUNC?SPI_MAIN
            BANK1   E14DH     0013H     UNIT         ?PR?SPI_RESETFUNC?SPI_MAIN
            BANK1   E160H     0013H     UNIT         ?PR?SPI0_READBYTE?SPI_MAIN
            BANK1   E173H     0013H     UNIT         ?PR?_MEM_WRITESEQ_BYTE?MEM_MAIN
            BANK1   E186H     0013H     UNIT         ?PR?TMR_CFGRESUME?TMR_MAIN
            BANK1   E199H     0012H     UNIT         ?PR?DLY_002USEC?DLY_MAIN
            BANK1   E1ABH     0012H     UNIT         ?PR?_MEM_READSEQ_BYTEDATA?MEM_MAIN
            BANK1   E1BDH     0011H     UNIT         ?PR?SPI_INITSPI0?SPI_MAIN
            BANK1   E1CEH     0011H     UNIT         ?PR?_SPI0_WRITEBYTE?SPI_MAIN
            BANK1   E1DFH     0011H     UNIT         ?PR?_APPPROC_MOVESCRN?APP_MAIN
            BANK1   E1F0H     0011H     UNIT         ?PR?MEAS_RESETFLAG?MEASURE_MAIN
            BANK1   E201H     0010H     UNIT         ?PR?MEAS_INITVARI?MEASURE_MAIN
            BANK1   E211H     000FH     UNIT         ?PR?_DA0_INITOUT?DAC_MAIN
            BANK1   E220H     000FH     UNIT         ?PR?_DAC_WRITEVAL?DAC_MAIN
            BANK1   E22FH     000FH     UNIT         ?PR?ADC_INITVARI?ADC_MAIN
            BANK1   E23EH     000FH     UNIT         ?PR?MEAS_GETVELOC?MEASURE_MAIN
            BANK1   E24DH     000EH     UNIT         ?PR?MAIN?MAIN
            BANK1   E25BH     000EH     UNIT         ?PR?MSRCFG_ENDCAPTURE?MEASURE_MAIN
            BANK1   E269H     000DH     UNIT         ?PR?DAC_INITBOOT?DAC_MAIN
            BANK1   E276H     000CH     UNIT         ?PR?MSTPR_INITVARI?MEASURE_TEMPERATURE
            BANK1   E282H     000AH     UNIT         ?PR?TMR3_START1SEC?TMR_MAIN
            BANK1   E28CH     000AH     UNIT         ?PR?TMR3_STOP1SEC?TMR_MAIN
            BANK1   E296H     0009H     UNIT         ?PR?MEAS_GETSGTHICK?MEASURE_MAIN
BL51 BANKED LINKER/LOCATER V6.22                                                      04/29/2026  17:23:35  PAGE 7


            BANK1   E29FH     0009H     UNIT         ?PR?MSANL_GETLEVELMT?MEASURE_ANALYZE
            BANK1   E2A8H     0009H     UNIT         ?PR?MSANL_GETLEVELFT?MEASURE_ANALYZE
            BANK1   E2B1H     0009H     UNIT         ?PR?MSANL_GETDISTAMT?MEASURE_ANALYZE
            BANK1   E2BAH     0009H     UNIT         ?PR?MSANL_GETDISTAFT?MEASURE_ANALYZE
            BANK1   E2C3H     0009H     UNIT         ?PR?MSANL_GETDIST1ST?MEASURE_ANALYZE
            BANK1   E2CCH     0009H     UNIT         ?PR?MSANL_GETDISTMOD?MEASURE_ANALYZE
            BANK1   E2D5H     0009H     UNIT         ?PR?MSANL_GETEMPTY?MEASURE_ANALYZE
            BANK1   E2DEH     0009H     UNIT         ?PR?MSANL_GETTRHDPCT?MEASURE_ANALYZE
            BANK1   E2E7H     0009H     UNIT         ?PR?_MSANL_SETDISTAMT?MEASURE_ANALYZE
            BANK1   E2F0H     0009H     UNIT         ?PR?_MSANL_SETDISTMOD?MEASURE_ANALYZE
            BANK1   E2F9H     0007H     UNIT         ?PR?FLS_INITBOOT?FLASH_MAIN
            BANK1   E300H     0007H     UNIT         ?PR?DLY_100NSEC?DLY_MAIN
            BANK1   E307H     0007H     UNIT         ?PR?AD0_INITBOOT?ADC_MAIN
            BANK1   E30EH     0007H     UNIT         ?PR?ETC_INITVOLTREF?BSP_REST
            BANK1   E315H     0006H     UNIT         ?PR?MEAS_GETFGADC?MEASURE_MAIN
            BANK1   E31BH     0006H     UNIT         ?PR?MEAS_GETCTAVRG?MEASURE_MAIN
            BANK1   E321H     0006H     UNIT         ?PR?MSANL_GETFGTIMWIN?MEASURE_ANALYZE
            BANK1   E327H     0006H     UNIT         ?PR?MSANL_GETFGECODLY?MEASURE_ANALYZE
            BANK1   E32DH     0006H     UNIT         ?PR?MSANL_GETFGECODTT?MEASURE_ANALYZE
            BANK1   E333H     0006H     UNIT         ?PR?MSANL_GETFGECOTRK?MEASURE_ANALYZE
            BANK1   E339H     0006H     UNIT         ?PR?MSANL_GETFGECOCHK?MEASURE_ANALYZE
            BANK1   E33FH     0006H     UNIT         ?PR?MSANL_GETFGERR?MEASURE_ANALYZE
            BANK1   E345H     0006H     UNIT         ?PR?MSANL_GETCTECHO?MEASURE_ANALYZE
            BANK1   E34BH     0006H     UNIT         ?PR?MSANL_GETERRSTAT?MEASURE_ANALYZE
            BANK1   E351H     0006H     UNIT         ?PR?_MSANL_SETFGTIMWIN?MEASURE_ANALYZE
            BANK1   E357H     0006H     UNIT         ?PR?_MSANL_SETCTECHO?MEASURE_ANALYZE
            BANK1   E35DH     0003H     UNIT         ?PR?FLS_INITMAIN?FLASH_MAIN
            BANK1   E360H     0003H     UNIT         ?PR?DLY_020NSEC?DLY_MAIN

            * * * * * * *   C O D E   B A N K   2   * * * * * * *
                    0000H     8000H                  *** GAP ***
            BANK2   8000H     09C0H     UNIT         ?PR?SCTRDDP_PROCUPD?DATA_MAIN
            BANK2   89C0H     05FBH     UNIT         ?PR?EGNTVG_PROCFUNC?MENU_ENGINEER
            BANK2   8FBBH     0573H     UNIT         ?PR?LOGTX_NORMAL?DATA_MAIN
            BANK2   952EH     0490H     UNIT         ?PR?LOG_INITADDR?DATA_MAIN
            BANK2   99BEH     0436H     UNIT         ?PR?LOGTX_RF?DATA_MAIN
            BANK2   9DF4H     03BEH     UNIT         ?PR?LOG_SETDPADDR?DATA_MAIN
            BANK2   A1B2H     038AH     UNIT         ?PR?_DATDP_LISTP1?MENU_DATA
            BANK2   A53CH     02E8H     UNIT         ?PR?DATA_TX_RF_1?UART_MAIN
            BANK2   A824H     02E4H     UNIT         ?PR?DATA_TX_RF?UART_MAIN
            BANK2   AB08H     02ADH     UNIT         ?PR?UT0TX_STANDARD?UART_MAIN
            BANK2   ADB5H     02AAH     UNIT         ?PR?_MNUMAIN_DSPLIST?MENU_MAIN
            BANK2   B05FH     0285H     UNIT         ?PR?_DPSTR_NUMBUPD?DISP_STRING
            BANK2   B2E4H     0269H     UNIT         ?PR?LOGDP_INTV10M?DATA_MAIN
            BANK2   B54DH     0224H     UNIT         ?PR?MNDAT_INTERVAL?MENU_DATA
            BANK2   B771H     0221H     UNIT         ?PR?_BTN_GETVALUE_UPDN?BTN_MAIN
            BANK2   B992H     021BH     UNIT         ?PR?MNEGN_TRHDMIN?MENU_ENGINEER
            BANK2   BBADH     0207H     UNIT         ?PR?MNEGN_TVGIDX?MENU_ENGINEER
            BANK2   BDB4H     01EEH     UNIT         ?PR?_EGNDP_LISTP1?MENU_ENGINEER
            BANK2   BFA2H     01E8H     UNIT         ?PR?_RTC_ADJTIME?RTC_DS1302
            BANK2   C18AH     01DCH     UNIT         ?PR?LOG_DPTIME?DATA_MAIN
            BANK2   C366H     01D3H     UNIT         ?PR?LOG_PROCDATA?DATA_MAIN
            BANK2   C539H     01C2H     UNIT         ?PR?MNDAT_DPTERM?MENU_DATA
            BANK2   C6FBH     01C1H     UNIT         ?PR?LOGDP_INTV60M?DATA_MAIN
            BANK2   C8BCH     01BDH     UNIT         ?PR?LOGDP_INTV01M?DATA_MAIN
            BANK2   CA79H     019EH     UNIT         ?PR?_MNBOX_SELARG4?MENU_BOX
            BANK2   CC17H     0192H     UNIT         ?PR?MNPAS_PROCMAIN?MENU_PASS
BL51 BANKED LINKER/LOCATER V6.22                                                      04/29/2026  17:23:35  PAGE 8


            BANK2   CDA9H     017AH     UNIT         ?PR?_MNBOX_CFGNUMB?MENU_BOX
            BANK2   CF23H     0155H     UNIT         ?PR?MNDAT_DELETE?MENU_DATA
            BANK2   D078H     0154H     UNIT         ?PR?_MNUPS_UDPASS?MENU_PASS
            BANK2   D1CCH     00F8H     UNIT         ?PR?MNEGN_PROCMAIN?MENU_ENGINEER
            BANK2   D2C4H     00F2H     UNIT         ?PR?SCTRD_PROCENTER?DATA_MAIN
            BANK2   D3B6H     00E2H     UNIT         ?PR?MNDAT_DOWNLOAD?MENU_DATA
            BANK2   D498H     00DBH     UNIT         ?PR?RTC_GETTIME?RTC_DS1302
            BANK2   D573H     00D2H     UNIT         ?PR?MNEGNCK_VARI?MENU_ENGINEER
            BANK2   D645H     00CCH     UNIT         ?PR?_DPSTR_FREQUPD?DISP_STRING
            BANK2   D711H     00C9H     UNIT         ?PR?MNEGN_MEMLOAD?MENU_ENGINEER
            BANK2   D7DAH     00C8H     UNIT         ?PR?_RTC_SETTIME?RTC_DS1302
            BANK2   D8A2H     00C6H     UNIT         ?PR?PCD_PRC1SEC?PCD_MAIN
            BANK2   D968H     00C5H     UNIT         ?PR?MNEGN_MEMSAVE?MENU_ENGINEER
            BANK2   DA2DH     00BCH     UNIT         ?PR?_TSTDP_LISTP1?MENU_TEST
            BANK2   DAE9H     00B8H     UNIT         ?PR?_MNENGDP_LIST?MENU_ENGINEER
            BANK2   DBA1H     00B8H     UNIT         ?PR?_MNTSTDP_LIST?MENU_TEST
            BANK2   DC59H     00B6H     UNIT         ?PR?_DATDP_PROCLIST?MENU_DATA
            BANK2   DD0FH     00B3H     UNIT         ?PR?_RLY_PROCOUT?RLY_MAIN
            BANK2   DDC2H     00B0H     UNIT         ?PR?_MNLST_DISPSTR?DISP_MENU
            BANK2   DE72H     00AAH     UNIT         ?PR?MENU_PROCMAIN?MENU_MAIN
            BANK2   DF1CH     00A2H     UNIT         ?PR?_EGNTVG_RESETALL?MENU_ENGINEER
            BANK2   DFBEH     009AH     UNIT         ?PR?MNEGN_MEMFTRY?MENU_ENGINEER
            BANK2   E058H     0097H     UNIT         ?PR?_MNBOX_DISPSTR?MENU_BOX
            BANK2   E0EFH     0094H     UNIT         ?PR?MNEGN_TVGCST?MENU_ENGINEER
            BANK2   E183H     0093H     UNIT         ?PR?_BTN_CHKLONG?BTN_MAIN
            BANK2   E216H     0093H     UNIT         ?PR?MNDAT_PROCMAIN?MENU_DATA
            BANK2   E2A9H     008DH     UNIT         ?PR?LOG_SAVEADDR1?DATA_MAIN
            BANK2   E336H     008DH     UNIT         ?PR?LOG_SAVEADDR2?DATA_MAIN
            BANK2   E3C3H     008BH     UNIT         ?PR?MNEGN_TRHDRNG?MENU_ENGINEER
            BANK2   E44EH     008AH     UNIT         ?PR?MNEGN_SMTHRNG?MENU_ENGINEER
            BANK2   E4D8H     0087H     UNIT         ?PR?MNDAT_SAVEEN?MENU_DATA
            BANK2   E55FH     0083H     UNIT         ?PR?MNTST_PROCMAIN?MENU_TEST
            BANK2   E5E2H     007CH     UNIT         ?PR?MNTST_GLOBAL_CNT?MENU_TEST
            BANK2   E65EH     006FH     UNIT         ?PR?MNEGN_PROFNUM?MENU_ENGINEER
            BANK2   E6CDH     006EH     UNIT         ?PR?MNEGN_SMTHNUM?MENU_ENGINEER
            BANK2   E73BH     005FH     UNIT         ?PR?_BTN_DELAYMSEC?BTN_MAIN
            BANK2   E79AH     005FH     UNIT         ?PR?_BTN_GETSTATUS?BTN_MAIN
            BANK2   E7F9H     005EH     UNIT         ?PR?_UT0_PRCTX?UART_MAIN
            BANK2   E857H     005AH     UNIT         ?PR?_UAT_SETBAUDRATE?UART_MAIN
            BANK2   E8B1H     0057H     UNIT         ?PR?SCTRD_PROCMAIN?DATA_MAIN
            BANK2   E908H     0051H     UNIT         ?PR?_DPSTR_DRAWLIN?DISP_STRING
            BANK2   E959H     0051H     UNIT         ?PR?LOG_OUTDATA?DATA_MAIN
            BANK2   E9AAH     004EH     UNIT         ?PR?MNPROC_EXITSECTION?MENU_MAIN
            BANK2   E9F8H     0048H     UNIT         ?PR?DAT_PROCSAVE?DATA_MAIN
            BANK2   EA40H     0044H     UNIT         ?PR?MNBOX_DISPBOX?MENU_BOX
            BANK2   EA84H     003FH     UNIT         ?PR?SCRN_PROCDISP?SCREEN_MAIN
            BANK2   EAC3H     003AH     UNIT         ?PR?_RTCPROC_READDATA?RTC_DS1302
            BANK2   EAFDH     0039H     UNIT         ?PR?BTN_GETIDX?BTN_MAIN
            BANK2   EB36H     0039H     UNIT         ?PR?DATCHK_VARI?MENU_DATA
            BANK2   EB6FH     0037H     UNIT         ?PR?LOG_RESETADDR?DATA_MAIN
            BANK2   EBA6H     0034H     UNIT         ?PR?_RTCPROC_WRITEBYTE?RTC_DS1302
            BANK2   EBDAH     0033H     UNIT         ?PR?MNDAT_MEMLOAD?MENU_DATA
            BANK2   EC0DH     0032H     UNIT         ?PR?MNDAT_MEMSAVE?MENU_DATA
            BANK2   EC3FH     002FH     UNIT         ?PR?_UT0_TXASCII?UART_MAIN
            BANK2   EC6EH     0029H     UNIT         ?PR?_SCRN_PROCKEY?SCREEN_MAIN
            BANK2   EC97H     0027H     UNIT         ?PR?_DPSTR_LINEUPD?DISP_STRING
            BANK2   ECBEH     0026H     UNIT         ?PR?UAT_INITVARI?UART_MAIN
BL51 BANKED LINKER/LOCATER V6.22                                                      04/29/2026  17:23:35  PAGE 9


            BANK2   ECE4H     0023H     UNIT         ?PR?MNDAT_MEMFTRY?MENU_DATA
            BANK2   ED07H     0021H     UNIT         ?PR?BTN_CHKPUSH?BTN_MAIN
            BANK2   ED28H     001DH     UNIT         ?PR?_UT0_TXBYTE?UART_MAIN
            BANK2   ED45H     001DH     UNIT         ?PR?_MNLST_DISPCLR?DISP_MENU
            BANK2   ED62H     0018H     UNIT         ?PR?UAT_INITBOOT?UART_MAIN
            BANK2   ED7AH     0018H     UNIT         ?PR?UAT_SETTMPRT?UART_MAIN
            BANK2   ED92H     0018H     UNIT         ?PR?MENU_INITVARI?MENU_MAIN
            BANK2   EDAAH     0017H     UNIT         ?PR?UAT_SETLEVEL?UART_MAIN
            BANK2   EDC1H     0016H     UNIT         ?PR?_RTCPROC_WRITEDATA?RTC_DS1302
            BANK2   EDD7H     0012H     UNIT         ?PR?PCD_INITVARI?PCD_MAIN
            BANK2   EDE9H     0012H     UNIT         ?PR?_MNEGN_GETCSTTVG?MENU_ENGINEER
            BANK2   EDFBH     0011H     UNIT         ?PR?_UT1_TXBYTE?UART_MAIN
            BANK2   EE0CH     0010H     UNIT         ?PR?MNTST_MEMLOAD?MENU_TEST
            BANK2   EE1CH     000FH     UNIT         ?PR?RTCPROC_WAITDLY?RTC_DS1302
            BANK2   EE2BH     000FH     UNIT         ?PR?MNTST_MEMSAVE?MENU_TEST
            BANK2   EE3AH     000CH     UNIT         ?PR?MNEGN_INITVARI?MENU_ENGINEER
            BANK2   EE46H     000CH     UNIT         ?PR?MNTSTCK_VARI?MENU_TEST
            BANK2   EE52H     000BH     UNIT         ?PR?MNTST_MEMFTRY?MENU_TEST
            BANK2   EE5DH     000AH     UNIT         ?PR?RLY_INITVARI?RLY_MAIN
            BANK2   EE67H     0009H     UNIT         ?PR?SCRN_INITVARI?SCREEN_MAIN
            BANK2   EE70H     0009H     UNIT         ?PR?MNEGN_GETTRHDGAB?MENU_ENGINEER
            BANK2   EE79H     0007H     UNIT         ?PR?PWM_INITPCA?PWM_MAIN
            BANK2   EE80H     0006H     UNIT         ?PR?SCRN_GETSCRNIDX?SCREEN_MAIN
            BANK2   EE86H     0006H     UNIT         ?PR?PCD_GETFGRUN?PCD_MAIN
            BANK2   EE8CH     0006H     UNIT         ?PR?UAT_INIT2ND?UART_MAIN
            BANK2   EE92H     0006H     UNIT         ?PR?MNDAT_GETFGSAVE?MENU_DATA
            BANK2   EE98H     0006H     UNIT         ?PR?MNDAT_GETSAVINTV?MENU_DATA
            BANK2   EE9EH     0006H     UNIT         ?PR?MNDAT_GETDISP01M?MENU_DATA
            BANK2   EEA4H     0006H     UNIT         ?PR?MNDAT_GETDISP10M?MENU_DATA
            BANK2   EEAAH     0006H     UNIT         ?PR?MNDAT_GETDISP60M?MENU_DATA
            BANK2   EEB0H     0006H     UNIT         ?PR?MNDAT_INITVARI?MENU_DATA
            BANK2   EEB6H     0006H     UNIT         ?PR?DAT_GETMSKOVF1?DATA_MAIN
            BANK2   EEBCH     0006H     UNIT         ?PR?MNEGN_GETADCNUMB?MENU_ENGINEER
            BANK2   EEC2H     0006H     UNIT         ?PR?MNEGN_GETSMTHCNT?MENU_ENGINEER
            BANK2   EEC8H     0006H     UNIT         ?PR?MNEGN_GETSMTHRNG?MENU_ENGINEER
            BANK2   EECEH     0006H     UNIT         ?PR?MNEGN_GETTRHDRNG?MENU_ENGINEER
            BANK2   EED4H     0006H     UNIT         ?PR?MNEGN_GETTRHDMIN?MENU_ENGINEER
            BANK2   EEDAH     0006H     UNIT         ?PR?MNEGN_GETTVGNUMB?MENU_ENGINEER
            BANK2   EEE0H     0006H     UNIT         ?PR?MNEGN_GETFTVGCST?MENU_ENGINEER
            BANK2   EEE6H     0006H     UNIT         ?PR?MNEGN_GETFGDZMOD?MENU_ENGINEER
            BANK2   EEECH     0006H     UNIT         ?PR?MNEGN_GETFGTHMOD?MENU_ENGINEER
            BANK2   EEF2H     0006H     UNIT         ?PR?MNEGN_GETFGTWMOD?MENU_ENGINEER
            BANK2   EEF8H     0006H     UNIT         ?PR?MNEGN_GETTRHDLOW?MENU_ENGINEER
            BANK2   EEFEH     0006H     UNIT         ?PR?MNEGN_GETTHSTRNG?MENU_ENGINEER
            BANK2   EF04H     0006H     UNIT         ?PR?MNEGN_GETTHTWRNG?MENU_ENGINEER
            BANK2   EF0AH     0006H     UNIT         ?PR?MNTST_GETGLOVAL_FCNT?MENU_TEST
            BANK2   EF10H     0006H     UNIT         ?PR?MNTST_INITVARI?MENU_TEST
            BANK2   EF16H     0003H     UNIT         ?PR?SCTRD_INITVAI?DATA_MAIN
            BANK2   EF19H     0001H     UNIT         ?PR?MNPAS_INITVARI?MENU_PASS

            * * * * * * *   C O D E   B A N K   3   * * * * * * *
                    0000H     8000H                  *** GAP ***
            BANK3   8000H     0536H     UNIT         ?PR?_OUTDP_LISTP1?MENU_OUTPUT
            BANK3   8536H     0499H     UNIT         ?PR?_MSRDP_LISTP2?MENU_MEASURE
            BANK3   89CFH     0442H     UNIT         ?PR?_MSRDP_LISTP1?MENU_MEASURE
            BANK3   8E11H     0409H     UNIT         ?PR?_MSRDP_STRCFG?MENU_MEASURE
            BANK3   921AH     03E9H     UNIT         ?PR?_OUTDP_LISTP2?MENU_OUTPUT
BL51 BANKED LINKER/LOCATER V6.22                                                      04/29/2026  17:23:35  PAGE 10


            BANK3   9603H     03B9H     UNIT         ?PR?_QUIDP_LISTP1?MENU_QUICK
            BANK3   99BCH     0367H     UNIT         ?PR?MNMSRASF_CALCVARI?MENU_MEASURE
            BANK3   9D23H     035AH     UNIT         ?PR?MNMSR_THRESHOLD?MENU_MEASURE
            BANK3   A07DH     0323H     UNIT         ?PR?MNSYS_TIME?MENU_SYSTEM
            BANK3   A3A0H     0322H     UNIT         ?PR?_MSRDP_LISTP3?MENU_MEASURE
            BANK3   A6C2H     02F6H     UNIT         ?PR?MNOUT_RELAYTEST?MENU_OUTPUT
            BANK3   A9B8H     02DFH     UNIT         ?PR?MNMSR_DAMPING?MENU_MEASURE
            BANK3   AC97H     02C8H     UNIT         ?PR?_SYSDP_LISTP1?MENU_SYSTEM
            BANK3   AF5FH     02AAH     UNIT         ?PR?MNMSR_CFGASF?MENU_MEASURE
            BANK3   B209H     025DH     UNIT         ?PR?_MNOUT_SETCURR?MENU_OUTPUT
            BANK3   B466H     023EH     UNIT         ?PR?MNOUT_PROTOCOL?MENU_OUTPUT
            BANK3   B6A4H     0237H     UNIT         ?PR?MNMSR_OFFSET?MENU_MEASURE
            BANK3   B8DBH     0235H     UNIT         ?PR?_FTRP1_L01_02_SETDAC?MENU_FACTORY
            BANK3   BB10H     021CH     UNIT         ?PR?_MNOUT_RLYOPER?MENU_OUTPUT
            BANK3   BD2CH     01E6H     UNIT         ?PR?_MNOUT_TRIMCURR?MENU_OUTPUT
            BANK3   BF12H     01A1H     UNIT         ?PR?MNMSRASF_PROCFUNC?MENU_MEASURE
            BANK3   C0B3H     018CH     UNIT         ?PR?MSRCHK_VARI?MENU_MEASURE
            BANK3   C23FH     018AH     UNIT         ?PR?MNSYS_LANGUAGE?MENU_SYSTEM
            BANK3   C3C9H     0183H     UNIT         ?PR?OUTCHK_VARI?MENU_OUTPUT
            BANK3   C54CH     0170H     UNIT         ?PR?_MSRDP_VISUALCFG?MENU_MEASURE
            BANK3   C6BCH     0164H     UNIT         ?PR?MNMSR_PCDINTV?MENU_MEASURE
            BANK3   C820H     015AH     UNIT         ?PR?MSRDP_STREMPTY?MENU_MEASURE
            BANK3   C97AH     015AH     UNIT         ?PR?MSRDP_STRDEADZONE?MENU_MEASURE
            BANK3   CAD4H     0113H     UNIT         ?PR?MNMSR_PROCMAIN?MENU_MEASURE
            BANK3   CBE7H     00F3H     UNIT         ?PR?_MNFTRDP_LIST?MENU_FACTORY
            BANK3   CCDAH     00EFH     UNIT         ?PR?MNSYS_PASSWORD?MENU_SYSTEM
            BANK3   CDC9H     00EEH     UNIT         ?PR?_OUTDP_LISTCMMN?MENU_OUTPUT
            BANK3   CEB7H     00E9H     UNIT         ?PR?_OUTDP_PROCLIST?MENU_OUTPUT
            BANK3   CFA0H     00E7H     UNIT         ?PR?MNMSR_INTERVAL?MENU_MEASURE
            BANK3   D087H     00E0H     UNIT         ?PR?MNMSR_OPERATION?MENU_MEASURE
            BANK3   D167H     00DAH     UNIT         ?PR?MNOUT_PROCMAIN?MENU_OUTPUT
            BANK3   D241H     00D9H     UNIT         ?PR?_MSRDP_PROCLIST?MENU_MEASURE
            BANK3   D31AH     00CEH     UNIT         ?PR?MNSYS_PROCMAIN?MENU_SYSTEM
            BANK3   D3E8H     00CCH     UNIT         ?PR?MSRDP_STRECHOAMP?MENU_MEASURE
            BANK3   D4B4H     00C7H     UNIT         ?PR?MNMSR_MEMLOAD?MENU_MEASURE
            BANK3   D57BH     00C6H     UNIT         ?PR?MNMSR_MEMSAVE?MENU_MEASURE
            BANK3   D641H     00BFH     UNIT         ?PR?_QUIDP_PROCLIST?MENU_QUICK
            BANK3   D700H     00BFH     UNIT         ?PR?MNMSR_UNIT?MENU_MEASURE
            BANK3   D7BFH     00BCH     UNIT         ?PR?MNFTRCK_VARI?MENU_FACTORY
            BANK3   D87BH     00B9H     UNIT         ?PR?MNQUI_PROCMAIN?MENU_QUICK
            BANK3   D934H     00B6H     UNIT         ?PR?_SYSDP_PROCLIST?MENU_SYSTEM
            BANK3   D9EAH     00A8H     UNIT         ?PR?MNMSR_TESTMODE?MENU_MEASURE
            BANK3   DA92H     00A2H     UNIT         ?PR?MNOUT_MEMLOAD?MENU_OUTPUT
            BANK3   DB34H     00A2H     UNIT         ?PR?MNMSR_EMPTY?MENU_MEASURE
            BANK3   DBD6H     00A1H     UNIT         ?PR?MNOUT_MEMSAVE?MENU_OUTPUT
            BANK3   DC77H     009FH     UNIT         ?PR?MNOUT_ECHOCURR?MENU_OUTPUT
            BANK3   DD16H     008BH     UNIT         ?PR?MNMSR_TWRANGE?MENU_MEASURE
            BANK3   DDA1H     008AH     UNIT         ?PR?MNMSR_PCDTERM?MENU_MEASURE
            BANK3   DE2BH     008AH     UNIT         ?PR?MNMSR_RSTMSR?MENU_MEASURE
            BANK3   DEB5H     0087H     UNIT         ?PR?MSRDP_STRFREQ?MENU_MEASURE
            BANK3   DF3CH     0087H     UNIT         ?PR?MNMSR_MEMFTRY?MENU_MEASURE
            BANK3   DFC3H     0087H     UNIT         ?PR?MNFTR_PROCMAIN?MENU_FACTORY
            BANK3   E04AH     0080H     UNIT         ?PR?MNOUT_ECHODELAY?MENU_OUTPUT
            BANK3   E0CAH     0079H     UNIT         ?PR?FTRP1_L03_DISTMAX?MENU_FACTORY
            BANK3   E143H     0074H     UNIT         ?PR?MNMSR_TWDELAY?MENU_MEASURE
            BANK3   E1B7H     0073H     UNIT         ?PR?MNOUT_OUTP04MA?MENU_OUTPUT
            BANK3   E22AH     006EH     UNIT         ?PR?MNOUT_MEMFTRY?MENU_OUTPUT
BL51 BANKED LINKER/LOCATER V6.22                                                      04/29/2026  17:23:35  PAGE 11


            BANK3   E298H     0069H     UNIT         ?PR?MNMSR_RSTFTR?MENU_MEASURE
            BANK3   E301H     0060H     UNIT         ?PR?MNQUI_PROCEXIT?MENU_QUICK
            BANK3   E361H     0045H     UNIT         ?PR?MNFTR_MEMFTRY?MENU_FACTORY
            BANK3   E3A6H     003FH     UNIT         ?PR?MNFTR_MEMLOAD?MENU_FACTORY
            BANK3   E3E5H     003EH     UNIT         ?PR?MNFTR_MEMSAVE?MENU_FACTORY
            BANK3   E423H     002CH     UNIT         ?PR?MNMSR_DEADZONE?MENU_MEASURE
            BANK3   E44FH     0026H     UNIT         ?PR?MNMSR_FREQ?MENU_MEASURE
            BANK3   E475H     0025H     UNIT         ?PR?SYSCHK_VARI?MENU_SYSTEM
            BANK3   E49AH     0018H     UNIT         ?PR?MNSYS_MEMLOAD?MENU_SYSTEM
            BANK3   E4B2H     0017H     UNIT         ?PR?MNSYS_MEMSAVE?MENU_SYSTEM
            BANK3   E4C9H     000FH     UNIT         ?PR?MNSYS_MEMFTRY?MENU_SYSTEM
            BANK3   E4D8H     0009H     UNIT         ?PR?MNOUT_GETSET04MA?MENU_OUTPUT
            BANK3   E4E1H     0009H     UNIT         ?PR?MNOUT_GETSET20MA?MENU_OUTPUT
            BANK3   E4EAH     0009H     UNIT         ?PR?MNOUT_GETECHODLY?MENU_OUTPUT
            BANK3   E4F3H     0009H     UNIT         ?PR?MNOUT_GETRLY1ACT?MENU_OUTPUT
            BANK3   E4FCH     0009H     UNIT         ?PR?MNOUT_GETRLY1STP?MENU_OUTPUT
            BANK3   E505H     0009H     UNIT         ?PR?MNOUT_GETRLY2ACT?MENU_OUTPUT
            BANK3   E50EH     0009H     UNIT         ?PR?MNOUT_GETRLY2STP?MENU_OUTPUT
            BANK3   E517H     0009H     UNIT         ?PR?_MNOUT_SETSET20MA?MENU_OUTPUT
            BANK3   E520H     0009H     UNIT         ?PR?MNMSR_GETEMPTY?MENU_MEASURE
            BANK3   E529H     0009H     UNIT         ?PR?MNMSR_GETDEAD?MENU_MEASURE
            BANK3   E532H     0009H     UNIT         ?PR?MNMSR_GETOFFS?MENU_MEASURE
            BANK3   E53BH     0009H     UNIT         ?PR?MNMSR_GETASF?MENU_MEASURE
            BANK3   E544H     0009H     UNIT         ?PR?MNMSR_GETTWDLY?MENU_MEASURE
            BANK3   E54DH     0009H     UNIT         ?PR?MNMSR_GETPCDINTV?MENU_MEASURE
            BANK3   E556H     0009H     UNIT         ?PR?MNSYS_GETPASS?MENU_SYSTEM
            BANK3   E55FH     0009H     UNIT         ?PR?MNFTR_GETDAC04MA?MENU_FACTORY
            BANK3   E568H     0009H     UNIT         ?PR?MNFTR_GETDAC20MA?MENU_FACTORY
            BANK3   E571H     0009H     UNIT         ?PR?MNFTR_GETDAC38MA?MENU_FACTORY
            BANK3   E57AH     0009H     UNIT         ?PR?MNFTR_GETDAC21MA?MENU_FACTORY
            BANK3   E583H     0006H     UNIT         ?PR?MNOUT_GETTRIM12MA?MENU_OUTPUT
            BANK3   E589H     0006H     UNIT         ?PR?MNOUT_GETTRIM20MA?MENU_OUTPUT
            BANK3   E58FH     0006H     UNIT         ?PR?MNOUT_GETECHOOUT?MENU_OUTPUT
            BANK3   E595H     0006H     UNIT         ?PR?MNOUT_GETPROTOCOL?MENU_OUTPUT
            BANK3   E59BH     0006H     UNIT         ?PR?MNOUT_GETMDBADDR?MENU_OUTPUT
            BANK3   E5A1H     0006H     UNIT         ?PR?MNOUT_GETMDBBAUD?MENU_OUTPUT
            BANK3   E5A7H     0006H     UNIT         ?PR?MNOUT_GETRFCH?MENU_OUTPUT
            BANK3   E5ADH     0006H     UNIT         ?PR?MNOUT_INITVARI?MENU_OUTPUT
            BANK3   E5B3H     0006H     UNIT         ?PR?MNMSR_GETUNIT?MENU_MEASURE
            BANK3   E5B9H     0006H     UNIT         ?PR?MNMSR_GETOPER?MENU_MEASURE
            BANK3   E5BFH     0006H     UNIT         ?PR?MNMSR_GETAMP?MENU_MEASURE
            BANK3   E5C5H     0006H     UNIT         ?PR?MNMSR_GETFREQ?MENU_MEASURE
            BANK3   E5CBH     0006H     UNIT         ?PR?MNMSR_GETINTV?MENU_MEASURE
            BANK3   E5D1H     0006H     UNIT         ?PR?MNMSR_GETDAMP?MENU_MEASURE
            BANK3   E5D7H     0006H     UNIT         ?PR?MNMSR_GETTRHDMOD?MENU_MEASURE
            BANK3   E5DDH     0006H     UNIT         ?PR?MNMSR_GETTRHDPER?MENU_MEASURE
            BANK3   E5E3H     0006H     UNIT         ?PR?MNMSR_GETTRHDFIX?MENU_MEASURE
            BANK3   E5E9H     0006H     UNIT         ?PR?MNMSR_GETTWRNG?MENU_MEASURE
            BANK3   E5EFH     0006H     UNIT         ?PR?MNMSR_GETPCDTERM?MENU_MEASURE
            BANK3   E5F5H     0006H     UNIT         ?PR?MNMSR_GETFGTEST?MENU_MEASURE
            BANK3   E5FBH     0006H     UNIT         ?PR?_MNMSR_SETTRHDPER?MENU_MEASURE
            BANK3   E601H     0006H     UNIT         ?PR?_MNMSR_SETTRHDFIX?MENU_MEASURE
            BANK3   E607H     0006H     UNIT         ?PR?MNMSR_INITVARI?MENU_MEASURE
            BANK3   E60DH     0006H     UNIT         ?PR?MNSYS_GETLANG?MENU_SYSTEM
            BANK3   E613H     0006H     UNIT         ?PR?MNSYS_GETLOCFT?MENU_SYSTEM
            BANK3   E619H     0006H     UNIT         ?PR?MNSYS_INITVARI?MENU_SYSTEM
            BANK3   E61FH     0006H     UNIT         ?PR?MNFTR_GETDISTMAX?MENU_FACTORY
BL51 BANKED LINKER/LOCATER V6.22                                                      04/29/2026  17:23:35  PAGE 12


            BANK3   E625H     0006H     UNIT         ?PR?MNFTR_INITVARI?MENU_FACTORY
            BANK3   E62BH     0005H     UNIT         ?PR?MNMSR_ECHOAMP?MENU_MEASURE
            BANK3   E630H     0001H     UNIT         ?PR?MNSYS_VERSION?MENU_SYSTEM



OVERLAY MAP OF MODULE:   .\Objects\_slm_101s.omf (?C_STARTUP)


SEGMENT                                             BIT_GROUP          XDATA_GROUP
  +--> CALLED SEGMENT                            START    LENGTH     START    LENGTH
------------------------------------------------------------------------------------
?C_C51STARTUP                                    -----    -----      -----    -----
  +--> ?PR?MAIN?MAIN
  +--> ?C_INITSEG

?PR?MAIN?MAIN                                    -----    -----      -----    -----
  +--> ?PR?BSP_INITBOOT?BSP_MAIN
  +--> ?PR?APP_INITBOOT?APP_MAIN
  +--> ?PR?APP_PROCEVERY?APP_MAIN
  +--> ?PR?APP_PROC1SEC?APP_MAIN

?PR?BSP_INITBOOT?BSP_MAIN                        -----    -----      -----    -----
  +--> ?PR?GIO_INITBOOT?GPIO_MAIN
  +--> ?PR?TMR_INITBOOT?TMR_MAIN
  +--> ?PR?PWM_INITPCA?PWM_MAIN
  +--> ?PR?UAT_INITBOOT?UART_MAIN
  +--> ?PR?SPI_INITSPI0?SPI_MAIN
  +--> ?PR?AD0_INITBOOT?ADC_MAIN
  +--> ?PR?DAC_INITBOOT?DAC_MAIN
  +--> ?PR?FLS_INITBOOT?FLASH_MAIN
  +--> ?PR?ETC_INITVOLTREF?BSP_REST
  +--> ?PR?ETC_INITOSC?BSP_REST
  +--> ?PR?ISR_INITBOOT?ISR_MAIN
  +--> ?PR?LDT_INITSCRN?LCD_DATA
  +--> ?PR?_MEM_INITMAIN?MEM_MAIN
  +--> ?PR?UAT_INIT2ND?UART_MAIN
  +--> ?PR?_DA0_INITOUT?DAC_MAIN

?PR?LDT_INITSCRN?LCD_DATA                        -----    -----      -----    -----
  +--> ?PR?LCD_INITCFG?LCD_MAIN
  +--> ?PR?LCD_INITERASE?LCD_MAIN
  +--> ?PR?DISP_CLEARSCR?DISP_MAIN

?PR?LCD_INITCFG?LCD_MAIN                         -----    -----      1A78H    0002H
  +--> ?PR?DLY_002USEC?DLY_MAIN
  +--> ?PR?_LCD_TXCMD2?LCD_MAIN
  +--> ?PR?_LCD_TXCMD0?LCD_MAIN
  +--> ?PR?DLY_020NSEC?DLY_MAIN
  +--> ?PR?DLY_100NSEC?DLY_MAIN

?PR?DLY_002USEC?DLY_MAIN                         -----    -----      -----    -----
  +--> ?PR?DLY_001USEC?DLY_MAIN

?PR?_LCD_TXCMD2?LCD_MAIN                         -----    -----      -----    -----
  +--> ?PR?LCD_CHKBUSY?LCD_MAIN
  +--> ?PR?_LCD_CFGDATA?LCD_MAIN
BL51 BANKED LINKER/LOCATER V6.22                                                      04/29/2026  17:23:35  PAGE 13


  +--> ?PR?_LCD_CFGCTRL?LCD_MAIN

?PR?LCD_CHKBUSY?LCD_MAIN                         -----    -----      -----    -----
  +--> ?PR?_LCD_CFGDATA?LCD_MAIN
  +--> ?PR?LCD_GETDATA?LCD_MAIN

?PR?_LCD_TXCMD0?LCD_MAIN                         -----    -----      -----    -----
  +--> ?PR?LCD_CHKBUSY?LCD_MAIN
  +--> ?PR?_LCD_CFGCTRL?LCD_MAIN

?PR?LCD_INITERASE?LCD_MAIN                       -----    -----      1A78H    0002H
  +--> ?PR?_LCD_TXCMD2?LCD_MAIN
  +--> ?PR?_LCD_TXCMD1?LCD_MAIN

?PR?_LCD_TXCMD1?LCD_MAIN                         -----    -----      -----    -----
  +--> ?PR?LCD_CHKBUSY?LCD_MAIN
  +--> ?PR?_LCD_CFGCTRL?LCD_MAIN

?PR?DISP_CLEARSCR?DISP_MAIN                      -----    -----      -----    -----
  +--> ?PR?_LDT_CLRBUFF?LCD_DATA
  +--> ?PR?_LDT_UPDBUFF?LCD_DATA

?PR?_LDT_CLRBUFF?LCD_DATA                        -----    -----      1B5EH    0008H
  +--> ?CO?LCD_DATA

?PR?_LDT_UPDBUFF?LCD_DATA                        -----    -----      1B8DH    0007H
  +--> ?PR?_LCD_TXCMD2?LCD_MAIN
  +--> ?PR?_LCD_TXCMD0?LCD_MAIN
  +--> ?PR?LCD_GETDATA?LCD_MAIN
  +--> ?PR?_LCD_CFGDATA?LCD_MAIN
  +--> ?PR?_LCD_CFGCTRL?LCD_MAIN

?PR?_MEM_INITMAIN?MEM_MAIN                       -----    -----      1A78H    0002H
  +--> ?PR?DLY_001USEC?DLY_MAIN
  +--> ?PR?_SPI0_WRITECMMD?SPI_MAIN
  +--> ?PR?_SPI0_WRITEBYTE?SPI_MAIN

?PR?_SPI0_WRITECMMD?SPI_MAIN                     -----    -----      1AB3H    0002H
  +--> ?PR?DLY_001USEC?DLY_MAIN
  +--> ?PR?_SPI0_WRITEBYTE?SPI_MAIN

?PR?APP_INITBOOT?APP_MAIN                        -----    -----      1A78H    0002H
  +--> ?PR?_BTN_GETSTATUS?BTN_MAIN
  +--> ?PR?FLS_RESETFACTORY?FLASH_MAIN
  +--> ?PR?DISP_INTROSCR?DISP_MAIN
  +--> ?PR?MEM_ERASEMRAM?MEM_MAIN
  +--> ?PR?FLS_INITMAIN?FLASH_MAIN
  +--> ?PR?PRT_INITBOOT?PRTC_MAIN
  +--> ?PR?BSP_INITPORT?BSP_MAIN
  +--> ?PR?APPINIT_VARI?APP_MAIN
  +--> ?PR?RTC_GETTIME?RTC_DS1302
  +--> ?PR?LOG_INITADDR?DATA_MAIN
  +--> ?PR?MSTPR_CALCVAL?MEASURE_TEMPERATURE
  +--> ?PR?_ANZ_SETEMPTYPCT?MEASURE_ANALYZE

?PR?FLS_RESETFACTORY?FLASH_MAIN                  -----    -----      -----    -----
  +--> ?CO?FLASH_MAIN
BL51 BANKED LINKER/LOCATER V6.22                                                      04/29/2026  17:23:35  PAGE 14


  +--> ?PR?_DPSTR_LINEUPD?DISP_STRING
  +--> ?PR?_DLY_RUNMSEC?DLY_MAIN
  +--> ?PR?FLPRC_ERASEPAGE?FLASH_MAIN
  +--> ?PR?MNSYS_MEMFTRY?MENU_SYSTEM
  +--> ?PR?MNMSR_MEMFTRY?MENU_MEASURE
  +--> ?PR?MNOUT_MEMFTRY?MENU_OUTPUT
  +--> ?PR?MNDAT_MEMFTRY?MENU_DATA
  +--> ?PR?MNEGN_MEMFTRY?MENU_ENGINEER
  +--> ?PR?MNFTR_MEMFTRY?MENU_FACTORY
  +--> ?PR?MNTST_MEMFTRY?MENU_TEST
  +--> ?PR?FLPRC_READALL?FLASH_MAIN

?PR?_DPSTR_LINEUPD?DISP_STRING                   -----    -----      1B4CH    0007H
  +--> ?PR?_DPSTR_DRAWLIN?DISP_STRING
  +--> ?PR?_LDT_UPDBUFF?LCD_DATA

?PR?_DPSTR_DRAWLIN?DISP_STRING                   -----    -----      1B8DH    0007H
  +--> ?PR?_LCD_WRSTRBUFF?LCD_DATA

?PR?_LCD_WRSTRBUFF?LCD_DATA                      -----    -----      1B94H    0012H
  +--> ?CO?FONT_DEF
  +--> ?PR?_LCD_WRITEGLYPH?LCD_DATA

?PR?_LCD_WRITEGLYPH?LCD_DATA                     -----    -----      1BA6H    0015H
  +--> ?CO?LCD_DATA

?PR?_DLY_RUNMSEC?DLY_MAIN                        -----    -----      -----    -----
  +--> ?PR?DLY_002USEC?DLY_MAIN

?PR?FLPRC_ERASEPAGE?FLASH_MAIN                   0020H.1  0000H.1    -----    -----
  +--> ?PR?DLY_002USEC?DLY_MAIN

?PR?MNSYS_MEMFTRY?MENU_SYSTEM                    -----    -----      -----    -----
  +--> ?PR?_FLS_WR2BYTE?FLASH_MAIN
  +--> ?PR?_FLS_WR1BYTE?FLASH_MAIN

?PR?_FLS_WR2BYTE?FLASH_MAIN                      0020H.1  0000H.1    1B4DH    0001H
  +--> ?PR?DLY_002USEC?DLY_MAIN

?PR?_FLS_WR1BYTE?FLASH_MAIN                      0020H.1  0000H.1    -----    -----
  +--> ?PR?DLY_002USEC?DLY_MAIN

?PR?MNMSR_MEMFTRY?MENU_MEASURE                   -----    -----      -----    -----
  +--> ?PR?_FLS_WR1BYTE?FLASH_MAIN
  +--> ?PR?_FLS_WR2BYTE?FLASH_MAIN

?PR?MNOUT_MEMFTRY?MENU_OUTPUT                    -----    -----      -----    -----
  +--> ?PR?_FLS_WR2BYTE?FLASH_MAIN
  +--> ?PR?_FLS_WR1BYTE?FLASH_MAIN

?PR?MNDAT_MEMFTRY?MENU_DATA                      -----    -----      -----    -----
  +--> ?PR?_FLS_WR1BYTE?FLASH_MAIN

?PR?MNEGN_MEMFTRY?MENU_ENGINEER                  -----    -----      1A7CH    0001H
  +--> ?PR?_FLS_WR1BYTE?FLASH_MAIN
  +--> ?PR?_FLS_WR2BYTE?FLASH_MAIN

BL51 BANKED LINKER/LOCATER V6.22                                                      04/29/2026  17:23:35  PAGE 15


?PR?MNFTR_MEMFTRY?MENU_FACTORY                   -----    -----      1A7CH    0004H
  +--> ?PR?_FLS_WR2BYTE?FLASH_MAIN
  +--> ?PR?_FLS_WR1BYTE?FLASH_MAIN

?PR?MNTST_MEMFTRY?MENU_TEST                      -----    -----      1A7CH    0001H
  +--> ?PR?_FLS_WR1BYTE?FLASH_MAIN

?PR?FLPRC_READALL?FLASH_MAIN                     -----    -----      -----    -----
  +--> ?PR?MNSYS_MEMLOAD?MENU_SYSTEM
  +--> ?PR?MNMSR_MEMLOAD?MENU_MEASURE
  +--> ?PR?MNOUT_MEMLOAD?MENU_OUTPUT
  +--> ?PR?MNDAT_MEMLOAD?MENU_DATA
  +--> ?PR?MNEGN_MEMLOAD?MENU_ENGINEER
  +--> ?PR?MNFTR_MEMLOAD?MENU_FACTORY
  +--> ?PR?MNTST_MEMLOAD?MENU_TEST

?PR?MNSYS_MEMLOAD?MENU_SYSTEM                    -----    -----      -----    -----
  +--> ?PR?_FLS_RD2BYTE?FLASH_MAIN
  +--> ?PR?_FLS_RD1BYTE?FLASH_MAIN

?PR?_FLS_RD2BYTE?FLASH_MAIN                      0020H.1  0000H.1    1B4DH    0002H
  +--> ?PR?DLY_002USEC?DLY_MAIN

?PR?_FLS_RD1BYTE?FLASH_MAIN                      0020H.1  0000H.1    1B4DH    0001H
  +--> ?PR?DLY_002USEC?DLY_MAIN

?PR?MNMSR_MEMLOAD?MENU_MEASURE                   -----    -----      -----    -----
  +--> ?PR?_FLS_RD1BYTE?FLASH_MAIN
  +--> ?PR?_FLS_RD2BYTE?FLASH_MAIN

?PR?MNOUT_MEMLOAD?MENU_OUTPUT                    -----    -----      -----    -----
  +--> ?PR?_FLS_RD2BYTE?FLASH_MAIN
  +--> ?PR?_FLS_RD1BYTE?FLASH_MAIN

?PR?MNDAT_MEMLOAD?MENU_DATA                      -----    -----      -----    -----
  +--> ?PR?_FLS_RD1BYTE?FLASH_MAIN

?PR?MNEGN_MEMLOAD?MENU_ENGINEER                  -----    -----      1B4CH    0001H
  +--> ?PR?_FLS_RD1BYTE?FLASH_MAIN
  +--> ?PR?_FLS_RD2BYTE?FLASH_MAIN

?PR?MNFTR_MEMLOAD?MENU_FACTORY                   -----    -----      -----    -----
  +--> ?PR?_FLS_RD2BYTE?FLASH_MAIN
  +--> ?PR?_FLS_RD1BYTE?FLASH_MAIN

?PR?MNTST_MEMLOAD?MENU_TEST                      -----    -----      1B4CH    0001H
  +--> ?PR?_FLS_RD1BYTE?FLASH_MAIN

?PR?DISP_INTROSCR?DISP_MAIN                      -----    -----      -----    -----
  +--> ?PR?_LDT_CLRBUFF?LCD_DATA
  +--> ?CO?DISP_MAIN
  +--> ?PR?_DPSTR_LINEUPD?DISP_STRING

?PR?MEM_ERASEMRAM?MEM_MAIN                       -----    -----      1A7AH    0004H
  +--> ?PR?_MEM_WRITESEQ_STARTADDR?MEM_MAIN
  +--> ?PR?_MEM_WRITESEQ_BYTE?MEM_MAIN
  +--> ?PR?_MEM_RWSEQ_END?MEM_MAIN
BL51 BANKED LINKER/LOCATER V6.22                                                      04/29/2026  17:23:35  PAGE 16



?PR?_MEM_WRITESEQ_STARTADDR?MEM_MAIN             -----    -----      1A84H    0006H
  +--> ?PR?_MEM_WRITEDATA_SPIEN?MEM_MAIN
  +--> ?PR?DLY_001USEC?DLY_MAIN
  +--> ?PR?_SPI0_WRITECMMD?SPI_MAIN
  +--> ?PR?_SPI0_WRITEADDR?SPI_MAIN

?PR?_MEM_WRITEDATA_SPIEN?MEM_MAIN                -----    -----      1AA7H    0003H
  +--> ?PR?DLY_001USEC?DLY_MAIN
  +--> ?PR?_SPI0_WRITEBYTE?SPI_MAIN

?PR?_SPI0_WRITEADDR?SPI_MAIN                     -----    -----      1AB3H    0004H
  +--> ?PR?_SPI0_WRITEBYTE?SPI_MAIN

?PR?_MEM_WRITESEQ_BYTE?MEM_MAIN                  -----    -----      1A84H    0001H
  +--> ?PR?_SPI0_WRITEBYTE?SPI_MAIN

?PR?_MEM_RWSEQ_END?MEM_MAIN                      -----    -----      1AADH    0002H
  +--> ?PR?DLY_001USEC?DLY_MAIN

?PR?FLS_INITMAIN?FLASH_MAIN                      -----    -----      -----    -----
  +--> ?PR?FLPRC_READALL?FLASH_MAIN

?PR?PRT_INITBOOT?PRTC_MAIN                       -----    -----      1A7AH    0001H
  +--> ?PR?MNOUT_GETMDBBAUD?MENU_OUTPUT
  +--> ?PR?MNOUT_GETPROTOCOL?MENU_OUTPUT
  +--> ?PR?_UAT_SETBAUDRATE?UART_MAIN
  +--> ?PR?_DLY_RUNMSEC?DLY_MAIN

?PR?BSP_INITPORT?BSP_MAIN                        -----    -----      -----    -----
  +--> ?PR?_DLY_RUNMSEC?DLY_MAIN

?PR?APPINIT_VARI?APP_MAIN                        -----    -----      -----    -----
  +--> ?PR?UAT_INITVARI?UART_MAIN
  +--> ?PR?RLY_INITVARI?RLY_MAIN
  +--> ?PR?PCD_INITVARI?PCD_MAIN
  +--> ?PR?ADC_INITVARI?ADC_MAIN
  +--> ?PR?ISR_INITVARI?ISR_MAIN
  +--> ?PR?MEAS_INITVARI?MEASURE_MAIN
  +--> ?PR?MSTPR_INITVARI?MEASURE_TEMPERATURE
  +--> ?PR?MSANL_INITVARI?MEASURE_ANALYZE
  +--> ?PR?DISP_INITVARI?DISP_MAIN
  +--> ?PR?MENU_INITVARI?MENU_MAIN
  +--> ?PR?SCRN_INITVARI?SCREEN_MAIN

?PR?MENU_INITVARI?MENU_MAIN                      -----    -----      -----    -----
  +--> ?PR?MNSYS_INITVARI?MENU_SYSTEM
  +--> ?PR?MNFTR_INITVARI?MENU_FACTORY
  +--> ?PR?MNMSR_INITVARI?MENU_MEASURE
  +--> ?PR?MNOUT_INITVARI?MENU_OUTPUT
  +--> ?PR?MNDAT_INITVARI?MENU_DATA
  +--> ?PR?MNPAS_INITVARI?MENU_PASS
  +--> ?PR?MNEGN_INITVARI?MENU_ENGINEER
  +--> ?PR?MNTST_INITVARI?MENU_TEST

?PR?MNSYS_INITVARI?MENU_SYSTEM                   -----    -----      -----    -----
  +--> ?PR?MNSYS_MEMLOAD?MENU_SYSTEM
BL51 BANKED LINKER/LOCATER V6.22                                                      04/29/2026  17:23:35  PAGE 17


  +--> ?PR?SYSCHK_VARI?MENU_SYSTEM

?PR?MNFTR_INITVARI?MENU_FACTORY                  -----    -----      -----    -----
  +--> ?PR?MNFTR_MEMLOAD?MENU_FACTORY
  +--> ?PR?MNFTRCK_VARI?MENU_FACTORY

?PR?MNMSR_INITVARI?MENU_MEASURE                  -----    -----      -----    -----
  +--> ?PR?MNMSR_MEMLOAD?MENU_MEASURE
  +--> ?PR?MSRCHK_VARI?MENU_MEASURE

?PR?MSRCHK_VARI?MENU_MEASURE                     -----    -----      -----    -----
  +--> ?PR?MNFTR_GETDISTMAX?MENU_FACTORY

?PR?MNOUT_INITVARI?MENU_OUTPUT                   -----    -----      -----    -----
  +--> ?PR?MNOUT_MEMLOAD?MENU_OUTPUT
  +--> ?PR?OUTCHK_VARI?MENU_OUTPUT

?PR?OUTCHK_VARI?MENU_OUTPUT                      -----    -----      -----    -----
  +--> ?PR?MNFTR_GETDISTMAX?MENU_FACTORY

?PR?MNDAT_INITVARI?MENU_DATA                     -----    -----      -----    -----
  +--> ?PR?MNDAT_MEMLOAD?MENU_DATA
  +--> ?PR?DATCHK_VARI?MENU_DATA

?PR?MNEGN_INITVARI?MENU_ENGINEER                 -----    -----      -----    -----
  +--> ?PR?MNEGN_MEMLOAD?MENU_ENGINEER
  +--> ?PR?MNEGNCK_VARI?MENU_ENGINEER

?PR?MNTST_INITVARI?MENU_TEST                     -----    -----      -----    -----
  +--> ?PR?MNTST_MEMLOAD?MENU_TEST
  +--> ?PR?MNTSTCK_VARI?MENU_TEST

?PR?SCRN_INITVARI?SCREEN_MAIN                    -----    -----      -----    -----
  +--> ?PR?SCTRD_INITVAI?DATA_MAIN

?PR?RTC_GETTIME?RTC_DS1302                       -----    -----      1ACEH    0001H
  +--> ?PR?SPI_RESETFUNC?SPI_MAIN
  +--> ?PR?_RTCPROC_READDATA?RTC_DS1302
  +--> ?PR?SPI_SETFUNC?SPI_MAIN

?PR?_RTCPROC_READDATA?RTC_DS1302                 -----    -----      -----    -----
  +--> ?PR?_RTCPROC_WRITEBYTE?RTC_DS1302
  +--> ?PR?RTCPROC_WAITDLY?RTC_DS1302

?PR?_RTCPROC_WRITEBYTE?RTC_DS1302                -----    -----      -----    -----
  +--> ?PR?RTCPROC_WAITDLY?RTC_DS1302

?PR?SPI_SETFUNC?SPI_MAIN                         -----    -----      -----    -----
  +--> ?PR?SPI_INITSPI0?SPI_MAIN

?PR?LOG_INITADDR?DATA_MAIN                       -----    -----      1A7AH    0010H
  +--> ?PR?_MEM_READSEQ_STARTADDR?MEM_MAIN
  +--> ?PR?_MEM_READSEQ_BYTEDATA?MEM_MAIN
  +--> ?PR?_MEM_RWSEQ_END?MEM_MAIN
  +--> ?PR?_MEM_READBYTE?MEM_MAIN
  +--> ?PR?LOG_RESETADDR?DATA_MAIN

BL51 BANKED LINKER/LOCATER V6.22                                                      04/29/2026  17:23:35  PAGE 18


?PR?_MEM_READSEQ_STARTADDR?MEM_MAIN              -----    -----      1AADH    0006H
  +--> ?PR?_SPI0_WRITECMMD?SPI_MAIN
  +--> ?PR?_SPI0_WRITEADDR?SPI_MAIN

?PR?_MEM_READSEQ_BYTEDATA?MEM_MAIN               -----    -----      1AADH    0001H
  +--> ?PR?SPI0_READBYTE?SPI_MAIN

?PR?_MEM_READBYTE?MEM_MAIN                       -----    -----      1A8AH    0007H
  +--> ?PR?_SPI0_WRITECMMD?SPI_MAIN
  +--> ?PR?_SPI0_WRITEADDR?SPI_MAIN
  +--> ?PR?SPI0_READBYTE?SPI_MAIN
  +--> ?PR?DLY_001USEC?DLY_MAIN

?PR?MSTPR_CALCVAL?MEASURE_TEMPERATURE            -----    -----      1B4CH    000AH
  +--> ?PR?_AD0_GETREGS?ADC_MAIN
  +--> ?PR?LOG?LOG
  +--> ?PR?MNMSR_GETUNIT?MENU_MEASURE

?PR?LOG?LOG                                      0020H.1  0000H.1    1B56H    0004H

?PR?_ANZ_SETEMPTYPCT?MEASURE_ANALYZE             -----    -----      1A9CH    0001H
  +--> ?PR?MNMSR_GETEMPTY?MENU_MEASURE

?PR?APP_PROCEVERY?APP_MAIN                       -----    -----      -----    -----
  +--> ?PR?PRT_PROCMAIN?PRTC_MAIN
  +--> ?PR?MDB_PRCMAIN?MODBUS_MAIN
  +--> ?PR?BTN_CHKPUSH?BTN_MAIN
  +--> ?PR?SCTRD_PROCMAIN?DATA_MAIN
  +--> ?PR?BTN_GETIDX?BTN_MAIN
  +--> ?PR?APPPROC_ENTERMENU?APP_MAIN
  +--> ?PR?APPPROC_ENTERQUICK?APP_MAIN
  +--> ?PR?SCTRD_PROCENTER?DATA_MAIN
  +--> ?PR?_APPPROC_MOVESCRN?APP_MAIN
  +--> ?PR?SCRN_GETSCRNIDX?SCREEN_MAIN
  +--> ?PR?_BTN_DELAYMSEC?BTN_MAIN
  +--> ?PR?MEAS_CFGTHRESHOLD?MEASURE_MAIN

?PR?PRT_PROCMAIN?PRTC_MAIN                       -----    -----      -----    -----
  +--> ?PR?MNOUT_GETPROTOCOL?MENU_OUTPUT
  +--> ?PR?UAT_SETLEVEL?UART_MAIN
  +--> ?PR?UAT_SETTMPRT?UART_MAIN

?PR?UAT_SETLEVEL?UART_MAIN                       -----    -----      -----    -----
  +--> ?PR?MEAS_GETSGTHICK?MEASURE_MAIN

?PR?MDB_PRCMAIN?MODBUS_MAIN                      -----    -----      1B4CH    0003H
  +--> ?PR?MNOUT_GETMDBBAUD?MENU_OUTPUT
  +--> ?PR?MDB_SETLEVEL?MODBUS_MAIN
  +--> ?PR?MDB_SETTMPRT?MODBUS_MAIN
  +--> ?PR?_MDB_TXMSG?MODBUS_MAIN
  +--> ?PR?_DLY_RUNMSEC?DLY_MAIN

?PR?MDB_SETLEVEL?MODBUS_MAIN                     -----    -----      1B4FH    0001H
  +--> ?PR?MNOUT_GETMDBADDR?MENU_OUTPUT
  +--> ?PR?_CRC_GETB16?CRC_MAIN

?PR?_CRC_GETB16?CRC_MAIN                         -----    -----      1BC4H    0007H
BL51 BANKED LINKER/LOCATER V6.22                                                      04/29/2026  17:23:35  PAGE 19



?PR?MDB_SETTMPRT?MODBUS_MAIN                     -----    -----      1B4FH    0001H
  +--> ?PR?MNOUT_GETMDBADDR?MENU_OUTPUT
  +--> ?PR?_CRC_GETB16?CRC_MAIN

?PR?_MDB_TXMSG?MODBUS_MAIN                       -----    -----      1B4FH    0005H
  +--> ?PR?_UT0_TXBYTE?UART_MAIN

?PR?SCTRD_PROCMAIN?DATA_MAIN                     -----    -----      -----    -----
  +--> ?PR?BTN_GETIDX?BTN_MAIN
  +--> ?PR?DISP_CLEARSCR?DISP_MAIN
  +--> ?PR?LOG_SETDPADDR?DATA_MAIN
  +--> ?PR?SCTRDDP_PROCUPD?DATA_MAIN
  +--> ?PR?_DLY_RUNMSEC?DLY_MAIN

?PR?LOG_SETDPADDR?DATA_MAIN                      -----    -----      1A78H    000CH
  +--> ?PR?MNDAT_GETSAVINTV?MENU_DATA
  +--> ?PR?MNDAT_GETDISP01M?MENU_DATA
  +--> ?PR?MNDAT_GETDISP10M?MENU_DATA
  +--> ?PR?MNDAT_GETDISP60M?MENU_DATA

?PR?SCTRDDP_PROCUPD?DATA_MAIN                    -----    -----      1A78H    0033H
  +--> ?CO?DATA_MAIN
  +--> ?PR?LOG_DPTIME?DATA_MAIN
  +--> ?PR?_DPSTR_LINEUPD?DISP_STRING
  +--> ?PR?_APP_NUM2STR?APP_MAIN
  +--> ?PR?_DPSTR_DRAWLIN?DISP_STRING
  +--> ?PR?MNDAT_GETSAVINTV?MENU_DATA
  +--> ?PR?LOGDP_INTV01M?DATA_MAIN
  +--> ?PR?LOGDP_INTV10M?DATA_MAIN
  +--> ?PR?LOGDP_INTV60M?DATA_MAIN
  +--> ?PR?_MEM_READWORD?MEM_MAIN
  +--> ?PR?MNMSR_GETUNIT?MENU_MEASURE
  +--> ?PR?_DSP_DRAWGRAPH?DISP_MAIN
  +--> ?PR?_LDT_UPDBUFF?LCD_DATA

?PR?LOG_DPTIME?DATA_MAIN                         -----    -----      1AABH    0023H
  +--> ?CO?DATA_MAIN
  +--> ?PR?RTC_GETTIME?RTC_DS1302
  +--> ?PR?_APP_NUM2STR?APP_MAIN
  +--> ?PR?_DPSTR_DRAWLIN?DISP_STRING

?PR?_APP_NUM2STR?APP_MAIN                        -----    -----      1B8DH    0011H
  +--> ?PR?_STRNCPY?STRNCPY

?PR?_STRNCPY?STRNCPY                             -----    -----      1B9EH    000AH

?PR?LOGDP_INTV01M?DATA_MAIN                      -----    -----      1AABH    0024H
  +--> ?CO?DATA_MAIN
  +--> ?PR?MNDAT_GETDISP01M?MENU_DATA
  +--> ?PR?_APP_NUM2STR?APP_MAIN
  +--> ?PR?_DPSTR_LINEUPD?DISP_STRING

?PR?LOGDP_INTV10M?DATA_MAIN                      -----    -----      1AABH    0024H
  +--> ?CO?DATA_MAIN
  +--> ?PR?MNDAT_GETDISP10M?MENU_DATA
  +--> ?PR?_APP_NUM2STR?APP_MAIN
BL51 BANKED LINKER/LOCATER V6.22                                                      04/29/2026  17:23:35  PAGE 20


  +--> ?PR?_DPSTR_LINEUPD?DISP_STRING

?PR?LOGDP_INTV60M?DATA_MAIN                      -----    -----      1AABH    0024H
  +--> ?CO?DATA_MAIN
  +--> ?PR?MNDAT_GETDISP60M?MENU_DATA
  +--> ?PR?_APP_NUM2STR?APP_MAIN
  +--> ?PR?_DPSTR_LINEUPD?DISP_STRING

?PR?_MEM_READWORD?MEM_MAIN                       -----    -----      1AABH    0008H
  +--> ?PR?_SPI0_WRITECMMD?SPI_MAIN
  +--> ?PR?_SPI0_WRITEADDR?SPI_MAIN
  +--> ?PR?SPI0_READBYTE?SPI_MAIN
  +--> ?PR?DLY_001USEC?DLY_MAIN

?PR?_DSP_DRAWGRAPH?DISP_MAIN                     -----    -----      1B4CH    002DH
  +--> ?PR?MSANL_GETTRHDPCT?MEASURE_ANALYZE
  +--> ?PR?MNMSR_GETDEAD?MENU_MEASURE
  +--> ?PR?MSANL_GETEMPTY?MEASURE_ANALYZE
  +--> ?PR?_LDT_LINEVERT?LCD_DATA
  +--> ?PR?_LDT_CLEARDOT?LCD_DATA
  +--> ?PR?_LCD_DATADOT_BUFF?LCD_DATA
  +--> ?PR?_DSPDRW_AXISY?DISP_MAIN

?PR?_LDT_LINEVERT?LCD_DATA                       -----    -----      1B99H    0006H
  +--> ?CO?LCD_DATA

?PR?_LDT_CLEARDOT?LCD_DATA                       -----    -----      -----    -----
  +--> ?CO?LCD_DATA

?PR?_LCD_DATADOT_BUFF?LCD_DATA                   -----    -----      -----    -----
  +--> ?CO?LCD_DATA

?PR?_DSPDRW_AXISY?DISP_MAIN                      -----    -----      1B79H    0020H
  +--> ?PR?_LCD_DATALINE_HORZ?LCD_DATA
  +--> ?PR?_LDT_LINEVERT?LCD_DATA
  +--> ?PR?_LCD_DATADOT_LINEVERT?LCD_DATA
  +--> ?PR?_LDT_CLEARDOT?LCD_DATA
  +--> ?PR?_LCD_DATADOT_BUFF?LCD_DATA

?PR?_LCD_DATALINE_HORZ?LCD_DATA                  -----    -----      1B99H    0003H
  +--> ?CO?LCD_DATA

?PR?_LCD_DATADOT_LINEVERT?LCD_DATA               -----    -----      1B99H    0002H
  +--> ?CO?LCD_DATA

?PR?APPPROC_ENTERMENU?APP_MAIN                   -----    -----      -----    -----
  +--> ?PR?_BTN_CHKLONG?BTN_MAIN
  +--> ?PR?MNPAS_PROCMAIN?MENU_PASS
  +--> ?PR?DISP_CLEARSCR?DISP_MAIN
  +--> ?PR?SCRN_PROCDISP?SCREEN_MAIN
  +--> ?PR?TMR_CFGRESUME?TMR_MAIN
  +--> ?PR?MENU_PROCMAIN?MENU_MAIN

?PR?_BTN_CHKLONG?BTN_MAIN                        -----    -----      1A78H    000AH
  +--> ?PR?_BTN_GETSTATUS?BTN_MAIN
  +--> ?PR?_DLY_RUNMSEC?DLY_MAIN

BL51 BANKED LINKER/LOCATER V6.22                                                      04/29/2026  17:23:35  PAGE 21


?PR?MNPAS_PROCMAIN?MENU_PASS                     -----    -----      1A7AH    0015H
  +--> ?CO?MENU_PASS
  +--> ?PR?MNSYS_GETPASS?MENU_SYSTEM
  +--> ?PR?DISP_CLEARSCR?DISP_MAIN
  +--> ?PR?MNSYS_GETLANG?MENU_SYSTEM
  +--> ?PR?_FNT_GETSTR_2?FONT_DEF
  +--> ?PR?_DPSTR_LINEUPD?DISP_STRING
  +--> ?PR?_APP_NUM2STR?APP_MAIN
  +--> ?PR?_DLY_RUNMSEC?DLY_MAIN
  +--> ?PR?_MNUPS_UDPASS?MENU_PASS
  +--> ?PR?_LDT_CLRBUFF?LCD_DATA

?PR?_FNT_GETSTR_2?FONT_DEF                       -----    -----      1A9BH    001FH
  +--> ?CO?FONT_DEF

?PR?_MNUPS_UDPASS?MENU_PASS                      -----    -----      1A8FH    0013H
  +--> ?CO?MENU_PASS
  +--> ?PR?_APP_NUM2STR?APP_MAIN
  +--> ?PR?_DPSTR_LINEUPD?DISP_STRING
  +--> ?PR?_BTN_DELAYMSEC?BTN_MAIN

?PR?_BTN_DELAYMSEC?BTN_MAIN                      -----    -----      1B67H    0008H
  +--> ?PR?BTN_CHKPUSH?BTN_MAIN
  +--> ?PR?_DLY_RUNMSEC?DLY_MAIN

?PR?SCRN_PROCDISP?SCREEN_MAIN                    -----    -----      -----    -----
  +--> ?PR?_LDT_CLRBUFF?LCD_DATA
  +--> ?PR?DPFRT_PROCMAIN?DISP_MAIN
  +--> ?PR?_DPGRP_PROCMAIN?DISP_MAIN
  +--> ?PR?DPINF_PROCMAIN?DISP_MAIN
  +--> ?PR?_LDT_UPDBUFF?LCD_DATA

?PR?DPFRT_PROCMAIN?DISP_MAIN                     -----    -----      1A7CH    0030H
  +--> ?PR?MNMSR_GETUNIT?MENU_MEASURE
  +--> ?PR?MNMSR_GETOPER?MENU_MEASURE
  +--> ?PR?MNOUT_GETPROTOCOL?MENU_OUTPUT
  +--> ?PR?MNOUT_GETMDBADDR?MENU_OUTPUT
  +--> ?PR?MSANL_GETLEVELMT?MEASURE_ANALYZE
  +--> ?PR?MSANL_GETLEVELFT?MEASURE_ANALYZE
  +--> ?PR?MSANL_GETDISTAMT?MEASURE_ANALYZE
  +--> ?PR?MSANL_GETDISTAFT?MEASURE_ANALYZE
  +--> ?PR?MSANL_GETFGECODTT?MEASURE_ANALYZE
  +--> ?PR?MSANL_GETFGECOTRK?MEASURE_ANALYZE
  +--> ?PR?DSPARG_TIME?DISP_MAIN
  +--> ?PR?MNOUT_GETRFCH?MENU_OUTPUT
  +--> ?PR?_APP_NUM2STR?APP_MAIN
  +--> ?CO?DISP_MAIN
  +--> ?PR?_DPSTR_DRAWLIN?DISP_STRING
  +--> ?PR?MNTST_GETGLOVAL_FCNT?MENU_TEST
  +--> ?PR?_APP_NUMTEST2STR?APP_MAIN
  +--> ?PR?DSP_GETCURRENT?DISP_MAIN
  +--> ?PR?_LCD_DATALINE_HORZ?LCD_DATA
  +--> ?PR?MSANL_GETERRSTAT?MEASURE_ANALYZE

?PR?DSPARG_TIME?DISP_MAIN                        -----    -----      1AACH    0043H
  +--> ?CO?DISP_MAIN
  +--> ?PR?_APP_NUM2STR?APP_MAIN
BL51 BANKED LINKER/LOCATER V6.22                                                      04/29/2026  17:23:35  PAGE 22


  +--> ?PR?_DPSTR_DRAWLIN?DISP_STRING

?PR?_APP_NUMTEST2STR?APP_MAIN                    -----    -----      1AACH    0011H
  +--> ?PR?_STRNCPY?STRNCPY

?PR?DSP_GETCURRENT?DISP_MAIN                     -----    -----      1AACH    0013H
  +--> ?PR?MEAS_GETSGTHICK?MEASURE_MAIN
  +--> ?PR?MNOUT_GETSET04MA?MENU_OUTPUT
  +--> ?PR?MNOUT_GETSET20MA?MENU_OUTPUT
  +--> ?PR?MNOUT_GETECHOOUT?MENU_OUTPUT
  +--> ?PR?MNMSR_GETUNIT?MENU_MEASURE
  +--> ?PR?MSANL_GETFGERR?MEASURE_ANALYZE

?PR?_DPGRP_PROCMAIN?DISP_MAIN                    -----    -----      1A7CH    0003H
  +--> ?PR?MNSYS_GETLANG?MENU_SYSTEM
  +--> ?PR?MNSYS_GETLOCFT?MENU_SYSTEM
  +--> ?CO?DISP_MAIN
  +--> ?PR?_DPSTR_DRAWLIN?DISP_STRING
  +--> ?PR?_DSPDRW_ECHO?DISP_MAIN
  +--> ?PR?DSPSCR_ECHOCOMM?DISP_MAIN

?PR?_DSPDRW_ECHO?DISP_MAIN                       -----    -----      1A7FH    0014H
  +--> ?PR?MNMSR_GETEMPTY?MENU_MEASURE
  +--> ?PR?MNMSR_GETDEAD?MENU_MEASURE
  +--> ?PR?MNMSR_GETFGTEST?MENU_MEASURE
  +--> ?PR?MSANL_GETEMPTY?MEASURE_ANALYZE
  +--> ?PR?MSANL_GETDIST1ST?MEASURE_ANALYZE
  +--> ?PR?MSANL_GETDISTMOD?MEASURE_ANALYZE
  +--> ?PR?MEAS_GETFGADC?MEASURE_MAIN
  +--> ?PR?SCRN_GETSCRNIDX?SCREEN_MAIN
  +--> ?PR?_DSP_DRAWGRAPH?DISP_MAIN
  +--> ?CO?DISP_MAIN
  +--> ?PR?_DPSTR_DRAWLIN?DISP_STRING

?PR?DSPSCR_ECHOCOMM?DISP_MAIN                    -----    -----      1A7FH    0029H
  +--> ?CO?DISP_MAIN
  +--> ?PR?MNSYS_GETLANG?MENU_SYSTEM
  +--> ?PR?MNSYS_GETLOCFT?MENU_SYSTEM
  +--> ?PR?MNMSR_GETUNIT?MENU_MEASURE
  +--> ?PR?MNMSR_GETEMPTY?MENU_MEASURE
  +--> ?PR?_FNT_SETSTR?FONT_DEF
  +--> ?PR?_DPSTR_DRAWLIN?DISP_STRING
  +--> ?PR?_LCD_WRSTRBUFF?LCD_DATA
  +--> ?PR?_APP_NUM2STR?APP_MAIN
  +--> ?PR?MNMSR_GETTRHDMOD?MENU_MEASURE
  +--> ?PR?MNMSR_GETTRHDPER?MENU_MEASURE
  +--> ?PR?MNMSR_GETTRHDFIX?MENU_MEASURE
  +--> ?PR?MSANL_GETDISTAFT?MEASURE_ANALYZE
  +--> ?PR?MSANL_GETLEVELFT?MEASURE_ANALYZE
  +--> ?PR?MSANL_GETDISTAMT?MEASURE_ANALYZE
  +--> ?PR?MSANL_GETLEVELMT?MEASURE_ANALYZE

?PR?_FNT_SETSTR?FONT_DEF                         -----    -----      1AA8H    000FH

?PR?DPINF_PROCMAIN?DISP_MAIN                     -----    -----      -----    -----
  +--> ?PR?DSPINFO_INIT?DISP_MAIN
  +--> ?PR?DSPINFO_EMPTY?DISP_MAIN
BL51 BANKED LINKER/LOCATER V6.22                                                      04/29/2026  17:23:35  PAGE 23


  +--> ?PR?DSPINFO_DEADZONE?DISP_MAIN
  +--> ?PR?DSPINFO_CURROUT?DISP_MAIN
  +--> ?PR?DSPINFO_ECHOAMP?DISP_MAIN
  +--> ?PR?DSPINFO_ASF?DISP_MAIN
  +--> ?PR?DSPINFO_OFFSET?DISP_MAIN
  +--> ?PR?DSPINFO_TESTMODE?DISP_MAIN
  +--> ?PR?DSPINFO_DENSITY?DISP_MAIN

?PR?DSPINFO_INIT?DISP_MAIN                       -----    -----      -----    -----
  +--> ?CO?DISP_MAIN
  +--> ?PR?_DPSTR_DRAWLIN?DISP_STRING

?PR?DSPINFO_EMPTY?DISP_MAIN                      -----    -----      1A7CH    0014H
  +--> ?PR?MNMSR_GETEMPTY?MENU_MEASURE
  +--> ?CO?DISP_MAIN
  +--> ?PR?MNSYS_GETLANG?MENU_SYSTEM
  +--> ?PR?_FNT_SETSTR?FONT_DEF
  +--> ?PR?_LCD_WRSTRBUFF?LCD_DATA
  +--> ?PR?_DPSTR_DRAWLIN?DISP_STRING
  +--> ?PR?MNMSR_GETUNIT?MENU_MEASURE
  +--> ?PR?_APP_NUM2STR?APP_MAIN

?PR?DSPINFO_DEADZONE?DISP_MAIN                   -----    -----      1A7CH    0014H
  +--> ?PR?MNMSR_GETDEAD?MENU_MEASURE
  +--> ?CO?DISP_MAIN
  +--> ?PR?MNSYS_GETLANG?MENU_SYSTEM
  +--> ?PR?_FNT_SETSTR?FONT_DEF
  +--> ?PR?_LCD_WRSTRBUFF?LCD_DATA
  +--> ?PR?_DPSTR_DRAWLIN?DISP_STRING
  +--> ?PR?MNMSR_GETUNIT?MENU_MEASURE
  +--> ?PR?_APP_NUM2STR?APP_MAIN

?PR?DSPINFO_CURROUT?DISP_MAIN                    -----    -----      1A7CH    0016H
  +--> ?CO?DISP_MAIN
  +--> ?PR?MNOUT_GETSET04MA?MENU_OUTPUT
  +--> ?PR?MNOUT_GETSET20MA?MENU_OUTPUT
  +--> ?PR?_DPSTR_DRAWLIN?DISP_STRING
  +--> ?PR?MNMSR_GETUNIT?MENU_MEASURE
  +--> ?PR?_APP_NUM2STR?APP_MAIN

?PR?DSPINFO_ECHOAMP?DISP_MAIN                    -----    -----      1A7CH    0010H
  +--> ?CO?DISP_MAIN
  +--> ?PR?MNSYS_GETLANG?MENU_SYSTEM
  +--> ?PR?_FNT_SETSTR?FONT_DEF
  +--> ?PR?_LCD_WRSTRBUFF?LCD_DATA
  +--> ?PR?_DPSTR_DRAWLIN?DISP_STRING
  +--> ?PR?MNMSR_GETAMP?MENU_MEASURE
  +--> ?PR?_APP_NUM2STR?APP_MAIN

?PR?DSPINFO_ASF?DISP_MAIN                        -----    -----      1A7CH    0010H
  +--> ?CO?DISP_MAIN
  +--> ?PR?MNSYS_GETLANG?MENU_SYSTEM
  +--> ?PR?_FNT_SETSTR?FONT_DEF
  +--> ?PR?_LCD_WRSTRBUFF?LCD_DATA
  +--> ?PR?_DPSTR_DRAWLIN?DISP_STRING
  +--> ?PR?MNMSR_GETASF?MENU_MEASURE
  +--> ?PR?_APP_NUM2STR?APP_MAIN
BL51 BANKED LINKER/LOCATER V6.22                                                      04/29/2026  17:23:35  PAGE 24



?PR?DSPINFO_OFFSET?DISP_MAIN                     -----    -----      1A7CH    001AH
  +--> ?CO?DISP_MAIN
  +--> ?PR?MNMSR_GETOFFS?MENU_MEASURE
  +--> ?PR?MNSYS_GETLANG?MENU_SYSTEM
  +--> ?PR?_FNT_SETSTR?FONT_DEF
  +--> ?PR?_LCD_WRSTRBUFF?LCD_DATA
  +--> ?PR?_DPSTR_DRAWLIN?DISP_STRING
  +--> ?PR?MNMSR_GETUNIT?MENU_MEASURE
  +--> ?PR?_APP_NUM2STR?APP_MAIN

?PR?DSPINFO_TESTMODE?DISP_MAIN                   -----    -----      -----    -----
  +--> ?PR?MNSYS_GETLANG?MENU_SYSTEM
  +--> ?PR?_FNT_SETSTR?FONT_DEF
  +--> ?PR?_LCD_WRSTRBUFF?LCD_DATA
  +--> ?CO?DISP_MAIN
  +--> ?PR?_DPSTR_DRAWLIN?DISP_STRING
  +--> ?PR?MNMSR_GETFGTEST?MENU_MEASURE

?PR?DSPINFO_DENSITY?DISP_MAIN                    -----    -----      -----    -----
  +--> ?PR?MNSYS_GETLANG?MENU_SYSTEM
  +--> ?PR?_FNT_SETSTR?FONT_DEF
  +--> ?PR?_LCD_WRSTRBUFF?LCD_DATA
  +--> ?CO?DISP_MAIN
  +--> ?PR?_DPSTR_DRAWLIN?DISP_STRING
  +--> ?PR?MNMSR_GETFREQ?MENU_MEASURE
  +--> ?PR?_DPSTR_FREQUPD?DISP_STRING

?PR?_DPSTR_FREQUPD?DISP_STRING                   -----    -----      1A99H    0002H
  +--> ?CO?DISP_STRING
  +--> ?PR?_DPSTR_LINEUPD?DISP_STRING

?PR?MENU_PROCMAIN?MENU_MAIN                      -----    -----      1A78H    0002H
  +--> ?PR?DISP_CLEARSCR?DISP_MAIN
  +--> ?PR?_MNUMAIN_DSPLIST?MENU_MAIN
  +--> ?PR?_BTN_DELAYMSEC?BTN_MAIN
  +--> ?PR?MNSYS_PROCMAIN?MENU_SYSTEM
  +--> ?PR?MNMSR_PROCMAIN?MENU_MEASURE
  +--> ?PR?MNOUT_PROCMAIN?MENU_OUTPUT
  +--> ?PR?MNDAT_PROCMAIN?MENU_DATA
  +--> ?PR?MNPROC_EXITSECTION?MENU_MAIN

?PR?_MNUMAIN_DSPLIST?MENU_MAIN                   -----    -----      1A7AH    000AH
  +--> ?CO?MENU_MAIN
  +--> ?PR?MNSYS_GETLANG?MENU_SYSTEM
  +--> ?PR?_MNLST_DISPCLR?DISP_MENU
  +--> ?PR?_FNT_GETSTR_2?FONT_DEF
  +--> ?PR?_DPSTR_DRAWLIN?DISP_STRING
  +--> ?PR?_MNLST_DISPSTR?DISP_MENU
  +--> ?PR?_LDT_UPDBUFF?LCD_DATA

?PR?_MNLST_DISPCLR?DISP_MENU                     -----    -----      -----    -----
  +--> ?CO?DISP_MENU
  +--> ?PR?_DPSTR_DRAWLIN?DISP_STRING

?PR?_MNLST_DISPSTR?DISP_MENU                     -----    -----      1A9BH    000AH
  +--> ?CO?DISP_MENU
BL51 BANKED LINKER/LOCATER V6.22                                                      04/29/2026  17:23:35  PAGE 25


  +--> ?PR?_DPSTR_DRAWLIN?DISP_STRING

?PR?MNSYS_PROCMAIN?MENU_SYSTEM                   -----    -----      1A7AH    0006H
  +--> ?PR?_SYSDP_PROCLIST?MENU_SYSTEM
  +--> ?PR?MNEGN_PROCMAIN?MENU_ENGINEER
  +--> ?PR?MNSYS_PASSWORD?MENU_SYSTEM
  +--> ?PR?MNSYS_LANGUAGE?MENU_SYSTEM
  +--> ?PR?MNSYS_TIME?MENU_SYSTEM
  +--> ?PR?MNSYS_VERSION?MENU_SYSTEM

?PR?_SYSDP_PROCLIST?MENU_SYSTEM                  -----    -----      1A80H    0009H
  +--> ?CO?MENU_SYSTEM
  +--> ?PR?_SYSDP_LISTP1?MENU_SYSTEM
  +--> ?PR?_MNLST_DISPCLR?DISP_MENU
  +--> ?PR?_LDT_UPDBUFF?LCD_DATA
  +--> ?PR?_DLY_RUNMSEC?DLY_MAIN

?PR?_SYSDP_LISTP1?MENU_SYSTEM                    -----    -----      1A89H    0006H
  +--> ?PR?MNSYS_GETLANG?MENU_SYSTEM
  +--> ?PR?_MNLST_DISPCLR?DISP_MENU
  +--> ?PR?_FNT_GETSTR_2?FONT_DEF
  +--> ?PR?_DPSTR_DRAWLIN?DISP_STRING
  +--> ?PR?_MNLST_DISPSTR?DISP_MENU
[...]
  +--> ?PR?_MNLST_DISPCLR?DISP_MENU
  +--> ?PR?_LDT_UPDBUFF?LCD_DATA
  +--> ?PR?_BTN_DELAYMSEC?BTN_MAIN

?PR?_QUIDP_LISTP1?MENU_QUICK                     -----    -----      1A84H    0006H
  +--> ?PR?MNSYS_GETLANG?MENU_SYSTEM
  +--> ?PR?_MNLST_DISPCLR?DISP_MENU
  +--> ?CO?MENU_QUICK
  +--> ?PR?_MNLST_DISPSTR?DISP_MENU
  +--> ?PR?_FNT_GETSTR_2?FONT_DEF
  +--> ?PR?_DPSTR_DRAWLIN?DISP_STRING

?PR?MNQUI_PROCEXIT?MENU_QUICK                    -----    -----      -----    -----
  +--> ?PR?DISP_CLEARSCR?DISP_MAIN
  +--> ?CO?MENU_QUICK
  +--> ?PR?_DPSTR_LINEUPD?DISP_STRING
  +--> ?PR?FLS_WRITEALL?FLASH_MAIN
  +--> ?PR?_DLY_RUNMSEC?DLY_MAIN
  +--> ?PR?MNDAT_GETFGSAVE?MENU_DATA
  +--> ?PR?RTC_GETTIME?RTC_DS1302
  +--> ?PR?SCRN_PROCDISP?SCREEN_MAIN

?PR?SCTRD_PROCENTER?DATA_MAIN                    -----    -----      -----    -----
  +--> ?PR?_BTN_CHKLONG?BTN_MAIN
  +--> ?PR?DAT_GETMSKOVF1?DATA_MAIN
  +--> ?PR?LOG_SETDPADDR?DATA_MAIN
  +--> ?PR?DISP_CLEARSCR?DISP_MAIN
  +--> ?PR?SCTRDDP_PROCUPD?DATA_MAIN
BL51 BANKED LINKER/LOCATER V6.22                                                      04/29/2026  17:23:35  PAGE 43



?PR?_APPPROC_MOVESCRN?APP_MAIN                   -----    -----      -----    -----
  +--> ?PR?_SCRN_PROCKEY?SCREEN_MAIN
  +--> ?PR?SCRN_PROCDISP?SCREEN_MAIN
  +--> ?PR?_BTN_DELAYMSEC?BTN_MAIN

?PR?MEAS_CFGTHRESHOLD?MEASURE_MAIN               -----    -----      1A78H    0004H
  +--> ?PR?MNMSR_GETTRHDMOD?MENU_MEASURE
  +--> ?PR?MNMSR_GETTRHDPER?MENU_MEASURE
  +--> ?PR?MNMSR_GETTRHDFIX?MENU_MEASURE
  +--> ?PR?_MNMSR_SETTRHDPER?MENU_MEASURE
  +--> ?PR?_MNMSR_SETTRHDFIX?MENU_MEASURE
  +--> ?PR?ANZ_CALCTRSHD?MEASURE_ANALYZE
  +--> ?PR?SCRN_PROCDISP?SCREEN_MAIN
  +--> ?PR?FLS_WRITEALL?FLASH_MAIN
  +--> ?PR?_BTN_DELAYMSEC?BTN_MAIN
  +--> ?PR?_MSANL_SETFGTIMWIN?MEASURE_ANALYZE

?PR?APP_PROC1SEC?APP_MAIN                        -----    -----      1A78H    0002H
  +--> ?PR?MEAS_GETSGTHICK?MEASURE_MAIN
  +--> ?PR?MNTST_GETGLOVAL_FCNT?MENU_TEST
  +--> ?PR?MEM_RESET_STATUS?MEM_MAIN
  +--> ?PR?MSANL_PROC1SEC?MEASURE_ANALYZE
  +--> ?PR?MEAS_PROCMAIN?MEASURE_MAIN
  +--> ?PR?MEAS_SETOPR?MEASURE_MAIN
  +--> ?PR?PCD_PRC1SEC?PCD_MAIN
  +--> ?PR?MDB_PRCMAIN?MODBUS_MAIN
  +--> ?PR?DAT_PROCSAVE?DATA_MAIN
  +--> ?PR?_DAC_OUTCURR?DAC_MAIN
  +--> ?PR?_RLY_PROCOUT?RLY_MAIN
  +--> ?PR?MNOUT_GETPROTOCOL?MENU_OUTPUT
  +--> ?PR?_UT0_PRCTX?UART_MAIN
  +--> ?PR?RTC_GETTIME?RTC_DS1302
  +--> ?PR?SCRN_PROCDISP?SCREEN_MAIN

?PR?MEM_RESET_STATUS?MEM_MAIN                    -----    -----      -----    -----
  +--> ?PR?_MEM_READDATA_STATUS?MEM_MAIN
  +--> ?PR?_MEM_WRITEDATA_STATUS?MEM_MAIN

?PR?_MEM_READDATA_STATUS?MEM_MAIN                -----    -----      1A9DH    0003H
  +--> ?PR?_SPI0_WRITECMMD?SPI_MAIN
  +--> ?PR?SPI0_READBYTE?SPI_MAIN
  +--> ?PR?DLY_001USEC?DLY_MAIN

?PR?_MEM_WRITEDATA_STATUS?MEM_MAIN               -----    -----      1A9DH    0003H
  +--> ?PR?_SPI0_WRITECMMD?SPI_MAIN
  +--> ?PR?_SPI0_WRITEBYTE?SPI_MAIN
  +--> ?PR?DLY_001USEC?DLY_MAIN

?PR?MEAS_PROCMAIN?MEASURE_MAIN                   -----    -----      1A7AH    0006H
  +--> ?PR?MNMSR_GETFGTEST?MENU_MEASURE
  +--> ?PR?MSANL_GETFGECODTT?MEASURE_ANALYZE
  +--> ?PR?MSANL_GETDIST1ST?MEASURE_ANALYZE
  +--> ?PR?MSANL_GETDISTMOD?MEASURE_ANALYZE
  +--> ?PR?MNEGN_GETADCNUMB?MENU_ENGINEER
  +--> ?PR?MNMSR_GETINTV?MENU_MEASURE
  +--> ?PR?MNMSR_GETFREQ?MENU_MEASURE
BL51 BANKED LINKER/LOCATER V6.22                                                      04/29/2026  17:23:35  PAGE 44


  +--> ?PR?PCD_GETFGRUN?PCD_MAIN
  +--> ?PR?MEAS_PRCSUB1?MEASURE_MAIN
  +--> ?PR?MDB_PRCMAIN?MODBUS_MAIN
  +--> ?PR?MSANL_GETFGECODLY?MEASURE_ANALYZE
  +--> ?PR?MSANL_GETFGECOCHK?MEASURE_ANALYZE
  +--> ?PR?MSANL_PROCSIGNAL?MEASURE_ANALYZE
  +--> ?PR?MSANL_GETFGTIMWIN?MEASURE_ANALYZE
  +--> ?PR?MSANL_TRACKINGSIGNAL?MEASURE_ANALYZE
  +--> ?PR?ANZ_SETTW?MEASURE_ANALYZE
  +--> ?PR?MSANL_GETCTECHO?MEASURE_ANALYZE
  +--> ?PR?_MSANL_SETDISTMOD?MEASURE_ANALYZE
  +--> ?PR?_MSANL_SETDISTAMT?MEASURE_ANALYZE
  +--> ?PR?ANZ_CALCDAMP?MEASURE_ANALYZE
  +--> ?PR?MSANL_CALCLEVEL?MEASURE_ANALYZE
  +--> ?PR?MSANL_CHECKERR?MEASURE_ANALYZE

?PR?MSANL_PROCSIGNAL?MEASURE_ANALYZE             -----    -----      1A80H    001DH
  +--> ?PR?MEAS_GETVELOC?MEASURE_MAIN
  +--> ?PR?MEM_RESET_STATUS?MEM_MAIN
  +--> ?PR?MDB_PRCMAIN?MODBUS_MAIN
  +--> ?PR?_MEM_WRITEWORD?MEM_MAIN
  +--> ?PR?MNMSR_GETDEAD?MENU_MEASURE
  +--> ?PR?MNMSR_GETASF?MENU_MEASURE
  +--> ?PR?_MEM_READWORD?MEM_MAIN

?PR?_MEM_WRITEWORD?MEM_MAIN                      -----    -----      1A9DH    000AH
  +--> ?PR?_MEM_WRITEDATA_SPIEN?MEM_MAIN
  +--> ?PR?DLY_001USEC?DLY_MAIN
  +--> ?PR?_SPI0_WRITECMMD?SPI_MAIN
  +--> ?PR?_SPI0_WRITEADDR?SPI_MAIN
  +--> ?PR?_SPI0_WRITEBYTE?SPI_MAIN

?PR?MSANL_TRACKINGSIGNAL?MEASURE_ANALYZE         -----    -----      1A80H    0009H
  +--> ?PR?MNMSR_GETTWRNG?MENU_MEASURE
  +--> ?PR?_MEM_READWORD?MEM_MAIN
  +--> ?PR?MDB_PRCMAIN?MODBUS_MAIN
  +--> ?PR?MNMSR_GETTWDLY?MENU_MEASURE
  +--> ?PR?MEAS_RESETFLAG?MEASURE_MAIN

?PR?ANZ_SETTW?MEASURE_ANALYZE                    -----    -----      1A80H    0012H
  +--> ?PR?_MEM_READWORD?MEM_MAIN
  +--> ?PR?MNMSR_GETTWRNG?MENU_MEASURE
  +--> ?PR?MNEGN_GETFGTWMOD?MENU_ENGINEER

?PR?ANZ_CALCDAMP?MEASURE_ANALYZE                 -----    -----      1A80H    0016H
  +--> ?PR?MNMSR_GETDAMP?MENU_MEASURE
  +--> ?PR?_MEM_READWORD?MEM_MAIN
  +--> ?PR?_MEM_WRITEWORD?MEM_MAIN
  +--> ?PR?MDB_PRCMAIN?MODBUS_MAIN

?PR?MSANL_CALCLEVEL?MEASURE_ANALYZE              -----    -----      1A80H    000AH
  +--> ?PR?MNMSR_GETEMPTY?MENU_MEASURE
  +--> ?PR?MNMSR_GETDEAD?MENU_MEASURE
  +--> ?PR?MNMSR_GETOFFS?MENU_MEASURE
  +--> ?PR?MNMSR_GETOPER?MENU_MEASURE
  +--> ?PR?MNMSR_GETUNIT?MENU_MEASURE

BL51 BANKED LINKER/LOCATER V6.22                                                      04/29/2026  17:23:35  PAGE 45


?PR?MSANL_CHECKERR?MEASURE_ANALYZE               -----    -----      -----    -----
  +--> ?PR?MNOUT_GETECHODLY?MENU_OUTPUT
  +--> ?PR?MNMSR_GETINTV?MENU_MEASURE

?PR?MEAS_SETOPR?MEASURE_MAIN                     -----    -----      1A7AH    0001H
  +--> ?PR?MNMSR_GETUNIT?MENU_MEASURE
  +--> ?PR?MNMSR_GETOPER?MENU_MEASURE
  +--> ?PR?MSANL_GETLEVELFT?MEASURE_ANALYZE
  +--> ?PR?MSANL_GETLEVELMT?MEASURE_ANALYZE
  +--> ?PR?MSANL_GETDISTAFT?MEASURE_ANALYZE
  +--> ?PR?MSANL_GETDISTAMT?MEASURE_ANALYZE

?PR?PCD_PRC1SEC?PCD_MAIN                         -----    -----      -----    -----
  +--> ?PR?MNMSR_GETPCDINTV?MENU_MEASURE
  +--> ?PR?MNMSR_GETPCDTERM?MENU_MEASURE

?PR?DAT_PROCSAVE?DATA_MAIN                       -----    -----      -----    -----
  +--> ?PR?MNDAT_GETFGSAVE?MENU_DATA
  +--> ?PR?MNDAT_GETSAVINTV?MENU_DATA
  +--> ?PR?LOG_PROCDATA?DATA_MAIN
  +--> ?PR?LOG_SAVEADDR1?DATA_MAIN
  +--> ?PR?LOG_SAVEADDR2?DATA_MAIN

?PR?_UT0_PRCTX?UART_MAIN                         -----    -----      1A7AH    0002H
  +--> ?PR?_UAT_SETBAUDRATE?UART_MAIN
  +--> ?PR?_DLY_RUNMSEC?DLY_MAIN
  +--> ?PR?UT0TX_STANDARD?UART_MAIN
  +--> ?PR?DATA_TX_RF?UART_MAIN
  +--> ?PR?DATA_TX_RF_1?UART_MAIN

?PR?UT0TX_STANDARD?UART_MAIN                     -----    -----      1A7CH    000AH
  +--> ?PR?MNMSR_GETUNIT?MENU_MEASURE
  +--> ?PR?MSANL_GETLEVELMT?MEASURE_ANALYZE
  +--> ?PR?MSANL_GETLEVELFT?MEASURE_ANALYZE
  +--> ?PR?MSANL_GETDISTAMT?MEASURE_ANALYZE
  +--> ?PR?MSANL_GETDISTAFT?MEASURE_ANALYZE
  +--> ?PR?_UT0_TXBYTE?UART_MAIN
  +--> ?PR?MSANL_GETERRSTAT?MEASURE_ANALYZE

?PR?DATA_TX_RF?UART_MAIN                         -----    -----      1A7CH    001BH
  +--> ?PR?MNOUT_GETRFCH?MENU_OUTPUT
  +--> ?PR?MSANL_GETLEVELMT?MEASURE_ANALYZE
  +--> ?PR?MSANL_GETLEVELFT?MEASURE_ANALYZE
  +--> ?PR?MNMSR_GETUNIT?MENU_MEASURE
  +--> ?PR?DSP_GETCURRENT?DISP_MAIN
  +--> ?PR?_UT0_TXBYTE?UART_MAIN

?PR?DATA_TX_RF_1?UART_MAIN                       -----    -----      1A7CH    001BH
  +--> ?PR?MNOUT_GETRFCH?MENU_OUTPUT
  +--> ?PR?MSANL_GETLEVELMT?MEASURE_ANALYZE
  +--> ?PR?MSANL_GETLEVELFT?MEASURE_ANALYZE
  +--> ?PR?MNMSR_GETUNIT?MENU_MEASURE
  +--> ?PR?DSP_GETCURRENT?DISP_MAIN
  +--> ?PR?_UT1_TXBYTE?UART_MAIN

*** NEW ROOT ***************************************************

BL51 BANKED LINKER/LOCATER V6.22                                                      04/29/2026  17:23:35  PAGE 46


?PR?INTERRUPT_TIMER0?ISR_MAIN                    -----    -----      1BBBH    0001H
  +--> ?PR?MEAS_SETDACTVG?MEASURE_MAIN

*** NEW ROOT ***************************************************

?PR?INTERRUPT_UART0?ISR_MAIN                     -----    -----      1BC2H    0002H
  +--> ?PR?MNOUT_GETPROTOCOL?MENU_OUTPUT
  +--> ?PR?MNOUT_GETMDBADDR?MENU_OUTPUT
  +--> ?PR?_CRC_GETB16?CRC_MAIN



INTERBANK CALL TABLE OF MODULE:  .\Objects\_slm_101s.omf (?C_STARTUP)

ADDRESS    FUNCTION NAME
------------------------
 3344H     DLY_002USEC
 3349H     DLY_020NSEC
 334EH     DLY_100NSEC
 3353H     DISP_CLEARSCR
 3358H     MEAS_SETDACTVG
 335DH     MNOUT_GETPROTOCOL
 3362H     MNOUT_GETMDBADDR
 3367H     _CRC_GETB16
 336CH     MNSYS_MEMLOAD
 3371H     MNMSR_MEMLOAD
 3376H     MNOUT_MEMLOAD
 337BH     MNDAT_MEMLOAD
 3380H     MNEGN_MEMLOAD
 3385H     MNFTR_MEMLOAD
 338AH     MNTST_MEMLOAD
 338FH     MNSYS_MEMSAVE
 3394H     MNMSR_MEMSAVE
 3399H     MNOUT_MEMSAVE
 339EH     MNDAT_MEMSAVE
 33A3H     MNEGN_MEMSAVE
 33A8H     MNFTR_MEMSAVE
 33ADH     MNTST_MEMSAVE
 33B2H     _DPSTR_LINEUPD
 33B7H     MNSYS_MEMFTRY
 33BCH     MNMSR_MEMFTRY
 33C1H     MNOUT_MEMFTRY
 33C6H     MNDAT_MEMFTRY
 33CBH     MNEGN_MEMFTRY
 33D0H     MNFTR_MEMFTRY
 33D5H     MNTST_MEMFTRY
 33DAH     MNOUT_GETMDBBAUD
 33DFH     _UAT_SETBAUDRATE
 33E4H     UAT_SETLEVEL
 33E9H     UAT_SETTMPRT
 33EEH     _UT0_TXBYTE
 33F3H     MNOUT_GETSET04MA
 33F8H     MNOUT_GETSET20MA
 33FDH     MNOUT_GETTRIM12MA
 3402H     MNOUT_GETTRIM20MA
 3407H     MNOUT_GETECHOOUT
 340CH     MNFTR_GETDAC04MA
BL51 BANKED LINKER/LOCATER V6.22                                                      04/29/2026  17:23:35  PAGE 47


 3411H     MNFTR_GETDAC20MA
 3416H     MNFTR_GETDAC21MA
 341BH     MNFTR_GETDAC38MA
 3420H     MNMSR_GETUNIT
 3425H     PWM_INITPCA
 342AH     UAT_INITBOOT
 342FH     UAT_INIT2ND
 3434H     MNEGN_GETADCNUMB
 3439H     _DPSTR_DRAWLIN
 343EH     MNMSR_GETOPER
 3443H     MNOUT_GETRFCH
 3448H     MNTST_GETGLOVAL_FCNT
 344DH     MNMSR_GETEMPTY
 3452H     MNMSR_GETDEAD
 3457H     MNMSR_GETFGTEST
 345CH     SCRN_GETSCRNIDX
 3461H     MNSYS_GETLANG
 3466H     MNSYS_GETLOCFT
 346BH     MNMSR_GETTRHDMOD
 3470H     MNMSR_GETTRHDPER
 3475H     MNMSR_GETTRHDFIX
 347AH     MNMSR_GETAMP
 347FH     MNMSR_GETASF
 3484H     MNMSR_GETOFFS
 3489H     MNMSR_GETFREQ
 348EH     _DPSTR_FREQUPD
 3493H     _BTN_CHKLONG
 3498H     MNPAS_PROCMAIN
 349DH     SCRN_PROCDISP
 34A2H     MENU_PROCMAIN
 34A7H     MNQUI_PROCMAIN
 34ACH     _SCRN_PROCKEY
 34B1H     _BTN_DELAYMSEC
 34B6H     UAT_INITVARI
 34BBH     RLY_INITVARI
 34C0H     PCD_INITVARI
 34C5H     MENU_INITVARI
 34CAH     SCRN_INITVARI
 34CFH     _BTN_GETSTATUS
 34D4H     RTC_GETTIME
 34D9H     LOG_INITADDR
 34DEH     BTN_CHKPUSH
 34E3H     SCTRD_PROCMAIN
 34E8H     BTN_GETIDX
 34EDH     SCTRD_PROCENTER
 34F2H     PCD_PRC1SEC
 34F7H     DAT_PROCSAVE
 34FCH     _RLY_PROCOUT
 3501H     _UT0_PRCTX
 3506H     MNMSR_GETINTV
 350BH     MNEGN_GETTVGNUMB
 3510H     MNEGN_GETFTVGCST
 3515H     _MNEGN_GETCSTTVG
 351AH     _MNMSR_SETTRHDPER
 351FH     _MNMSR_SETTRHDFIX
 3524H     PCD_GETFGRUN
 3529H     MNEGN_GETSMTHCNT
BL51 BANKED LINKER/LOCATER V6.22                                                      04/29/2026  17:23:35  PAGE 48


 352EH     MNEGN_GETSMTHRNG
 3533H     MNMSR_GETTWRNG
 3538H     MNEGN_GETFGTWMOD
 353DH     MNOUT_GETECHODLY
 3542H     MNEGN_GETTRHDMIN
 3547H     MNEGN_GETTRHDGAB
 354CH     MNEGN_GETTRHDLOW
 3551H     MNEGN_GETTHSTRNG
 3556H     MNEGN_GETFGTHMOD
 355BH     MNEGN_GETTRHDRNG
 3560H     MNEGN_GETTHTWRNG
 3565H     MNEGN_GETFGDZMOD
 356AH     MNMSR_GETDAMP
 356FH     MNMSR_GETTWDLY
 3574H     DPFRT_PROCMAIN
 3579H     _DPGRP_PROCMAIN
 357EH     DPINF_PROCMAIN
 3583H     _DLY_RUNMSEC
 3588H     MNMSR_GETPCDINTV
 358DH     MNMSR_GETPCDTERM
 3592H     _MEAS_CALCFEET2METER
 3597H     MNOUT_GETRLY1ACT
 359CH     MNOUT_GETRLY1STP
 35A1H     MNOUT_GETRLY2ACT
 35A6H     MNOUT_GETRLY2STP
 35ABH     MSANL_GETFGERR
 35B0H     MEAS_GETSGTHICK
 35B5H     MSANL_GETLEVELMT
 35BAH     MSANL_GETLEVELFT
 35BFH     MSANL_GETDISTAMT
 35C4H     MSANL_GETDISTAFT
 35C9H     MSANL_GETERRSTAT
 35CEH     DSP_GETCURRENT
 35D3H     SPI_RESETFUNC
 35D8H     SPI_SETFUNC
 35DDH     _APP_NUM2STR
 35E2H     MNSYS_GETPASS
 35E7H     _FNT_GETSTR_2
 35ECH     FLS_WRITEALL
 35F1H     TMR_CFGRESUME
 35F6H     MNSYS_INITVARI
 35FBH     MNFTR_INITVARI
 3600H     MNMSR_INITVARI
 3605H     MNOUT_INITVARI
 360AH     MNSYS_PROCMAIN
 360FH     MNMSR_PROCMAIN
 3614H     MNOUT_PROCMAIN
 3619H     _FLS_RD1BYTE
 361EH     _FLS_WR1BYTE
 3623H     _MEM_READSEQ_STARTADDR
 3628H     _MEM_READSEQ_BYTEDATA
 362DH     _MEM_RWSEQ_END
 3632H     _MEM_READBYTE
 3637H     _MEM_READWORD
 363CH     _DSP_DRAWGRAPH
 3641H     _MEM_WRITESEQ_STARTADDR
 3646H     _MEM_WRITESEQ_BYTE
BL51 BANKED LINKER/LOCATER V6.22                                                      04/29/2026  17:23:35  PAGE 49


 364BH     _MEM_WRITEBYTE
 3650H     _DSP_CONFIGBOX
 3655H     MSANL_GETEMPTY
 365AH     _MEAS_CFGSENS
 365FH     TMR3_START1SEC
 3664H     _MEAS_GETTVG
 3669H     MEAS_PRCECHO
 366EH     TMR3_STOP1SEC
 3673H     _DSP_DRAWECHOQ
 3678H     _FLS_RD2BYTE
 367DH     _FLS_WR2BYTE
 3682H     _MNLST_DISPCLR
 3687H     _MNLST_DISPSTR
 368CH     MNDAT_GETFGSAVE
 3691H     _MEAS_CALCMETER2FEET
 3696H     MNBOX_DISPBOX
 369BH     _MNBOX_DISPSTR
 36A0H     _MNBOX_CFGNUMB
 36A5H     _DAC_OUTCURR
 36AAH     _DPSTR_NUMBUPD
 36AFH     _BTN_GETVALUE_UPDN
 36B4H     _MNBOX_SELARG4
 36B9H     _ANZ_SETEMPTYPCT
 36BEH     MEAS_RESETFLAG
 36C3H     _MSANL_SETFGTIMWIN
 36C8H     MEAS_GETVELOC
 36CDH     MSANL_GETTRHDPCT
 36D2H     MEAS_PRCSUB1
 36D7H     FLS_RESETFACTORY
 36DCH     _RTC_ADJTIME
 36E1H     _RTC_SETTIME
 36E6H     MNEGN_PROCMAIN
 36EBH     _DAC_OUTSPI
 36F0H     MAIN



SYMBOL TABLE OF MODULE:  .\Objects\_slm_101s.omf (?C_STARTUP)

  VALUE           TYPE          NAME
  ----------------------------------

  -------         MODULE        ?C?FPADD
  C:24A7H         PUBLIC        ?C?FPADD
  C:24A3H         PUBLIC        ?C?FPSUB
  -------         ENDMOD        ?C?FPADD

  -------         MODULE        ?C?FPMUL
  C:2598H         PUBLIC        ?C?FPMUL
  -------         ENDMOD        ?C?FPMUL

  -------         MODULE        ?C?FPDIV
  C:26A1H         PUBLIC        ?C?FPDIV
  -------         ENDMOD        ?C?FPDIV

  -------         MODULE        ?C?FPCMP
  C:2740H         PUBLIC        ?C?FPCMP
BL51 BANKED LINKER/LOCATER V6.22                                                      04/29/2026  17:23:35  PAGE 50


  C:273EH         PUBLIC        ?C?FPCMP3
  -------         ENDMOD        ?C?FPCMP

  -------         MODULE        ?C?FCAST
  C:27C1H         PUBLIC        ?C?FCASTC
  C:27BCH         PUBLIC        ?C?FCASTI
  C:27B7H         PUBLIC        ?C?FCASTL
  -------         ENDMOD        ?C?FCAST

  -------         MODULE        ?C?CASTF
  C:27F5H         PUBLIC        ?C?CASTF
  -------         ENDMOD        ?C?CASTF

  -------         MODULE        LOG
  C:4AB1H         PUBLIC        _LOG
  C:4AADH         PUBLIC        _LOG10
  -------         ENDMOD        LOG

  -------         MODULE        ?C?COPY
  C:2993H         PUBLIC        ?C?COPY
  -------         ENDMOD        ?C?COPY

  -------         MODULE        ?C?CLDPTR
  C:29B9H         PUBLIC        ?C?CLDPTR
  -------         ENDMOD        ?C?CLDPTR

  -------         MODULE        ?C?CLDOPTR
  C:29D2H         PUBLIC        ?C?CLDOPTR
  -------         ENDMOD        ?C?CLDOPTR

  -------         MODULE        ?C?IMUL
  C:29FFH         PUBLIC        ?C?IMUL
  -------         ENDMOD        ?C?IMUL

  -------         MODULE        ?C?UIDIV
  C:2A11H         PUBLIC        ?C?UIDIV
  -------         ENDMOD        ?C?UIDIV

  -------         MODULE        ?C?SIDIV
  C:2A66H         PUBLIC        ?C?SIDIV
  -------         ENDMOD        ?C?SIDIV

  -------         MODULE        ?C?IILDX
  C:2A9CH         PUBLIC        ?C?IILDX
  -------         ENDMOD        ?C?IILDX

  -------         MODULE        ?C?ILDIX
  C:2AB2H         PUBLIC        ?C?ILDIX
  -------         ENDMOD        ?C?ILDIX

  -------         MODULE        ?C?ISTPTR
  C:2AC8H         PUBLIC        ?C?ISTPTR
  -------         ENDMOD        ?C?ISTPTR

  -------         MODULE        ?C?LMUL
  C:2AE7H         PUBLIC        ?C?LMUL
  -------         ENDMOD        ?C?LMUL
BL51 BANKED LINKER/LOCATER V6.22                                                      04/29/2026  17:23:35  PAGE 51



  -------         MODULE        ?C?ULDIV
  C:2B72H         PUBLIC        ?C?ULDIV
  -------         ENDMOD        ?C?ULDIV

  -------         MODULE        ?C?LNEG
  C:2C04H         PUBLIC        ?C?LNEG
  -------         ENDMOD        ?C?LNEG

  -------         MODULE        ?C?SLCMP
  C:2C12H         PUBLIC        ?C?SLCMP
  -------         ENDMOD        ?C?SLCMP

  -------         MODULE        ?C?ULCMP
  C:2C28H         PUBLIC        ?C?ULCMP
  -------         ENDMOD        ?C?ULCMP

  -------         MODULE        ?C?ULSHR
  C:2C39H         PUBLIC        ?C?ULSHR
  -------         ENDMOD        ?C?ULSHR

  -------         MODULE        ?C?LSHL
  C:2C4CH         PUBLIC        ?C?LSHL
  -------         ENDMOD        ?C?LSHL

  -------         MODULE        ?C?LLDCODE
  C:2C5FH         PUBLIC        ?C?LLDCODE
  -------         ENDMOD        ?C?LLDCODE

  -------         MODULE        ?C?LLDXDATA0
  C:2C6FH         PUBLIC        ?C?LLDXDATA0
  -------         ENDMOD        ?C?LLDXDATA0

  -------         MODULE        ?C?LLDCODE0
  C:2C7BH         PUBLIC        ?C?LLDCODE0
  -------         ENDMOD        ?C?LLDCODE0

  -------         MODULE        ?C?LILDXDATA
  C:2C94H         PUBLIC        ?C?LILDXDATA
  C:2C8BH         PUBLIC        ?C?LILDXDATA1
  C:2C8DH         PUBLIC        ?C?LILDXDATA8
  -------         ENDMOD        ?C?LILDXDATA

  -------         MODULE        ?C?LSTXDATA
  C:2CC0H         PUBLIC        ?C?LSTXDATA
  -------         ENDMOD        ?C?LSTXDATA

  -------         MODULE        ?C?LSTKXDATA
  C:2CCCH         PUBLIC        ?C?LSTKXDATA
  -------         ENDMOD        ?C?LSTKXDATA

  -------         MODULE        ?C?OFFXADD
  C:2CFDH         PUBLIC        ?C?OFFXADD
  -------         ENDMOD        ?C?OFFXADD

  -------         MODULE        ?C?LIMUL
  C:2D09H         PUBLIC        ?C?LIMUL
BL51 BANKED LINKER/LOCATER V6.22                                                      04/29/2026  17:23:35  PAGE 52


  -------         ENDMOD        ?C?LIMUL

  -------         MODULE        STRNCPY
  X:1B9EH         PUBLIC        ?_strncpy?BYTE
  C:5250H         PUBLIC        _strncpy
  -------         ENDMOD        STRNCPY

  -------         MODULE        ?C?CSTOPTR
  C:2D36H         PUBLIC        ?C?CSTOPTR
  -------         ENDMOD        ?C?CSTOPTR

*** WARNING L15: MULTIPLE CALL TO SEGMENT
    SEGMENT: ?PR?MEAS_SETDACTVG?MEASURE_MAIN
    CALLER1: ?C_C51STARTUP
    CALLER2: ?PR?INTERRUPT_TIMER0?ISR_MAIN

*** WARNING L15: MULTIPLE CALL TO SEGMENT
    SEGMENT: ?PR?_CRC_GETB16?CRC_MAIN
    CALLER1: ?C_C51STARTUP
    CALLER2: ?PR?INTERRUPT_UART0?ISR_MAIN

Program Size: data=14.2 xdata=7914 code=102078
LINK/LOCATE RUN COMPLETE.  2 WARNING(S),  0 ERROR(S)
