C51 COMPILER V9.55   DISP_STRING                                                           04/29/2026 17:22:59 PAGE 1   


C51 COMPILER V9.55, COMPILATION OF MODULE DISP_STRING
OBJECT MODULE PLACED IN .\Objects\disp_string.obj
COMPILER INVOKED BY: C:\Keil_v5\C51\BIN\C51.EXE _Wess\disp\disp_string.c LARGE OPTIMIZE(8,SPEED) INCDIR(.\_src\b0_comm;.
                    -\_Wess\_compiler;.\_Wess\app;.\_Wess\bsp;.\_Wess\menu;.\_Wess\disp;.\_Wess\measure;.\_Wess\font;.\_Wess\screen) PRINT(.\
                    -Listings\disp_string.lst) TABS(2) OBJECT(.\Objects\disp_string.obj)

line level    source

   1          //--------------------------------------------------------------------------------------------------------
             -----------------------
   2          //  Copyright (C) 2021, WESS-Global Inc., All Rights Reserved.
   3          //
   4          //  The information contained herein is confidential property of WESS-Global Inc. The use, copying, transf
             -er or disclosure of
   5          //  such information is prohibited except by express written agreement with WESS-Global Co.,LTD
   6          //
   7          //  $ Date: 2020-07-13 12:00:00 +0900 $
   8          //--------------------------------------------------------------------------------------------------------
             -----------------------
   9          
  10          
  11          //--------------------------------------------------------------------------------------------------------
             -----------------------
  12          //  Includes
  13          //--------------------------------------------------------------------------------------------------------
             -----------------------
  14          // self
  15          #include "disp_string.h"
  16          // font
  17          #include "font_def.h"
  18          // bsp
  19          #include "lcd_main.h"
  20          #include "lcd_data.h"
  21          // app
  22          #include "app_main.h"
  23          // menu
  24          #include "menu_box.h"
  25          #include "menu_system.h"
  26          #include "menu_measure.h"
  27          
  28          
  29          //--------------------------------------------------------------------------------------------------------
             -----------------------
  30          //  Global variables
  31          //--------------------------------------------------------------------------------------------------------
             -----------------------
  32          
  33          
  34          //--------------------------------------------------------------------------------------------------------
             -----------------------
  35          //  Local variables
  36          //--------------------------------------------------------------------------------------------------------
             -----------------------
  37          
  38          
  39          //--------------------------------------------------------------------------------------------------------
             -----------------------
  40          //  Local Funtions
  41          //--------------------------------------------------------------------------------------------------------
             -----------------------
  42          
C51 COMPILER V9.55   DISP_STRING                                                           04/29/2026 17:22:59 PAGE 2   

  43          
  44          //--------------------------------------------------------------------------------------------------------
             -----------------------
  45          //  Global APIs - Access Local Variables
  46          //--------------------------------------------------------------------------------------------------------
             -----------------------
  47          // Get
  48          // Set
  49          
  50          
  51          //--------------------------------------------------------------------------------------------------------
             -----------------------
  52          //  Global APIs - Operation
  53          //--------------------------------------------------------------------------------------------------------
             -----------------------
  54          void DpSTR_DrawLin(U08 font, U08 fSel, U08 x, U08 y, U08 *pStr)
  55          {
  56   1        U08 space = 0;
  57   1      
  58   1        switch(font)
  59   1        {
  60   2          case FT_EN_06x07:   space = 0;    break;
  61   2          case FT_EN_08x16:   space = 0;    break;
  62   2          case FT_EN_26x47:   space = 3;    break;
  63   2          case FT_LC_16x16:   space = 0;    break;
  64   2        }
  65   1        
  66   1        LCD_WrStrBuff(x, y, font, pStr, fSel, space);
  67   1      }
  68          
  69          void DpSTR_LineUpd(U08 font, U08 f_rev, U08 x, U08 y, U08 *p_str)
  70          {
  71   1        DpSTR_DrawLin(font, f_rev, x, y, p_str);
  72   1        LDT_UpdBuff(LCD_Y_START, LCD_Y_END);
  73   1      }
  74          
  75          void DpSTR_FreqUpd(U08 sel, U08 x, U08 y)
  76          {
  77   1        switch(sel)
  78   1        {
  79   2          case MnMSR_FREQ_130K: DpSTR_LineUpd(FT_EN_08x16, 0, x, y, "130K");    break;
  80   2          case MnMSR_FREQ_160K: DpSTR_LineUpd(FT_EN_08x16, 0, x, y, "160K");    break;
  81   2          case MnMSR_FREQ_270K: DpSTR_LineUpd(FT_EN_08x16, 0, x, y, "270K");    break;
  82   2          case MnMSR_FREQ_380K: DpSTR_LineUpd(FT_EN_08x16, 0, x, y, "380K");    break;
  83   2          // Not Used
  84   2          case MnMSR_FREQ_500K:   DpSTR_LineUpd(FT_EN_08x16, 0, x, y, "500K");    break;
  85   2          case MnMSR_FREQ_620K: DpSTR_LineUpd(FT_EN_08x16, 0, x, y, "620K");    break;
  86   2          case MnMSR_FREQ_750K: DpSTR_LineUpd(FT_EN_08x16, 0, x, y, "750K");    break;
  87   2        }
  88   1      }
  89          
  90          void DpSTR_NumbUpd(U08 y0, S32 val, S32 max, U08 place, U08 fSel, U08 *pStr)
  91          {
  92   1          U08 *p_addr;
  93   1          U16 column;
  94   1          U16 numb;
  95   1          U16 minus;
  96   1          U08 c_unit = 0;
  97   1        U08 p_str[APP_STR_LENGTH] = {0, };
  98   1      
  99   1          if     (max < 10)       numb = 1;
 100   1          else if(max < 100)      numb = 2;
C51 COMPILER V9.55   DISP_STRING                                                           04/29/2026 17:22:59 PAGE 3   

 101   1          else if(max < 1000)     numb = 3;
 102   1          else if(max < 10000)    numb = 4;
 103   1          else                    numb = 5;
 104   1      
 105   1          p_addr = pStr;
 106   1          while(*pStr++ != NULL)        c_unit++;
 107   1          pStr = p_addr;
 108   1      
 109   1          column = MnBOX_LEFT + ((MnBOX_WIDTH - ((numb + c_unit) * 9)) / 2);
 110   1      
 111   1          if(place != 0)
 112   1            column -= 4;
 113   1      
 114   1          if(val < 0)
 115   1          {
 116   2              minus = val * -1;
 117   2      
 118   2          APP_Num2Str(minus, p_str, numb, place, fSel);
 119   2              DpSTR_DrawLin(FT_EN_08x16, 0, column-9, y0, "-");
 120   2          }
 121   1          else
 122   1          {
 123   2          APP_Num2Str(val, p_str, numb, place, fSel);
 124   2              DpSTR_DrawLin(FT_EN_08x16, 0, column-9, y0, " ");
 125   2        }
 126   1      
 127   1        DpSTR_DrawLin(FT_EN_08x16, 0, column, y0, p_str);
 128   1      
 129   1          if(*pStr != NULL)
 130   1          {
 131   2              column = column + (numb * 9);
 132   2      
 133   2              if(place != 0)
 134   2                column += 9;
 135   2      #if 1
 136   2          DpSTR_DrawLin(FT_EN_08x16, 0, column, y0, pStr);
 137   2      #else
                      if(lMnSys.lang == MnSYS_LANG_CHN)
                    LCD_WrStrBuff(column, row, FT_LC_16x16, p_unit, 0, 0);
                      else
                    DpSTR_DrawLin(FT_EN_08x16, 0, column, row, p_unit);
              #endif
 143   2          }
 144   1      
 145   1        LDT_UpdBuff(LCD_Y_START, LCD_Y_END);
 146   1      }
 147          
 148          
 149          //--------------------------------------------------------------------------------------------------------
             -----------------------
 150          //  EOF
 151          //--------------------------------------------------------------------------------------------------------
             -----------------------
 152          


MODULE INFORMATION:   STATIC OVERLAYABLE
   CODE SIZE        =    969    ----
   CONSTANT SIZE    =     55    ----
   XDATA SIZE       =   ----      54
   PDATA SIZE       =   ----    ----
   DATA SIZE        =   ----    ----
C51 COMPILER V9.55   DISP_STRING                                                           04/29/2026 17:22:59 PAGE 4   

   IDATA SIZE       =   ----    ----
   BIT SIZE         =   ----    ----
END OF MODULE INFORMATION.


C51 COMPILATION COMPLETE.  0 WARNING(S),  0 ERROR(S)
