C51 COMPILER V9.55   DISP_MENU                                                             04/29/2026 17:22:56 PAGE 1   


C51 COMPILER V9.55, COMPILATION OF MODULE DISP_MENU
OBJECT MODULE PLACED IN .\Objects\disp_menu.obj
COMPILER INVOKED BY: C:\Keil_v5\C51\BIN\C51.EXE _Wess\disp\disp_menu.c LARGE OPTIMIZE(8,SPEED) INCDIR(.\_src\b0_comm;.\_
                    -Wess\_compiler;.\_Wess\app;.\_Wess\bsp;.\_Wess\menu;.\_Wess\disp;.\_Wess\measure;.\_Wess\font;.\_Wess\screen) PRINT(.\Li
                    -stings\disp_menu.lst) TABS(2) OBJECT(.\Objects\disp_menu.obj)

line level    source

   1          //--------------------------------------------------------------------------------------------------------
             -----------------------
   2          //  Copyright (C) 2021, WESS-Global Inc., All Rights Reserved.
   3          //
   4          //  The information contained herein is confidential property of WESS-Global Inc. The use, copying, transf
             -er or disclosure of
   5          //  such information is prohibited except by express written agreement with WESS-Global Co.,LTD
   6          //
   7          //  $ Date: 2020-07-13 12:00:00 +0900 $
   8          //--------------------------------------------------------------------------------------------------------
             -----------------------
   9          
  10          
  11          //--------------------------------------------------------------------------------------------------------
             -----------------------
  12          //  Includes
  13          //--------------------------------------------------------------------------------------------------------
             -----------------------
  14          // chipset
  15          #include "compiler_defs.h"
  16          #include "C8051F120_defs.h"
  17          // sys
  18          #include "sys_def.h"
  19          // self
  20          #include "disp_menu.h"
  21          // bsp
  22          #include "flash_main.h"
  23          #include "lcd_main.h"
  24          #include "lcd_data.h"
  25          // app
  26          #include "dly_main.h"
  27          #include "menu_main.h"
  28          #include "menu_system.h"
  29          #include "menu_data.h"
  30          #include "menu_output.h"
  31          #include "menu_quick.h"
  32          // disp
  33          #include "disp_main.h"
  34          #include "disp_string.h"
  35          // font
  36          #include "font_def.h"
  37          
  38          
  39          //--------------------------------------------------------------------------------------------------------
             -----------------------
  40          //  Global variables
  41          //--------------------------------------------------------------------------------------------------------
             -----------------------
  42          
  43          
  44          //--------------------------------------------------------------------------------------------------------
             -----------------------
  45          //  Local variables
C51 COMPILER V9.55   DISP_MENU                                                             04/29/2026 17:22:56 PAGE 2   

  46          //--------------------------------------------------------------------------------------------------------
             -----------------------
  47          
  48          
  49          //--------------------------------------------------------------------------------------------------------
             -----------------------
  50          //  Local Funtions
  51          //--------------------------------------------------------------------------------------------------------
             -----------------------
  52          
  53          
  54          //--------------------------------------------------------------------------------------------------------
             -----------------------
  55          //  Global APIs - Access Local Variables
  56          //--------------------------------------------------------------------------------------------------------
             -----------------------
  57          // Get
  58          // Set
  59          
  60          
  61          //--------------------------------------------------------------------------------------------------------
             -----------------------
  62          //  Global APIs - Public
  63          //--------------------------------------------------------------------------------------------------------
             -----------------------
  64          void MnLST_DispClr(U08 line)
  65          {                               // 0123456789abcdef0123456789abcde
  66   1        DpSTR_DrawLin(FT_EN_08x16, FALSE, 0, (line-1)*MnSTR_Y_HEIGHT, "                               ");
  67   1      }
  68          
  69          #if 1
  70          void MnLST_DispStr(U08 font, U08 fSel, U08 pos_y, U08 *pStr)
  71          {
  72   1        U08 *pSymb = " ";
  73   1        U08 y0 = (pos_y - 1) * MnSTR_Y_HEIGHT;
  74   1      
  75   1        if(fSel)    pSymb = ">";
  76   1        else      pSymb = " ";
  77   1      
  78   1        #if 1
  79   1                               //0123456789abcdef0123456789abcde
  80   1        DpSTR_DrawLin(FT_EN_08x16, fSel, 0, y0, "                               ");
  81   1        DpSTR_DrawLin(FT_EN_08x16, fSel, 0, y0, pSymb);
  82   1        DpSTR_DrawLin(font, fSel, 8, y0, pStr);
  83   1        #else
                if(MnSYS_GetLang() == MnSYS_LANG_ENG)
                {
                  DpSTR_DrawLin(font, fSel, 0, y0, pSymb);
                  DpSTR_DrawLin(font, fSel, 8, y0, pStr);
                }
                else
                {                   //   0123456789abcdef0123456789abcde
                  DpSTR_DrawLin(FT_EN_08x16, fSel, 0, y0, "                               ");
                  DpSTR_DrawLin(FT_EN_08x16, fSel, 0, y0, pSymb);
              
                  if(font == FT_LC_16x16)   DpSTR_DrawLin(font, fSel, 8, y0, gFt_str);
                  else            DpSTR_DrawLin(font, fSel, 8, y0, pStr);
                }
                #endif
  98   1      }
  99          
 100          #else
C51 COMPILER V9.55   DISP_MENU                                                             04/29/2026 17:22:56 PAGE 3   

              void MnLST_DispStr(U08 font, U08 fSel, U08 pos_y, U08 *pStr)
              {
                U08 *pSymb = " ";
                U08 y0 = (pos_y - 1) * MnSTR_Y_HEIGHT;
              
                if(fSel)    pSymb = ">";
                else      pSymb = " ";
              
                if(MnSYS_GetLang() == MnSYS_LANG_ENG)
                {
                  DpSTR_DrawLin(font, fSel, 0, y0, pSymb);
                  DpSTR_DrawLin(font, fSel, 8, y0, pStr);
                }
                else
                {                   //   0123456789abcdef0123456789abcde
                  DpSTR_DrawLin(FT_EN_08x16, fSel, 0, y0, "                               ");
                  DpSTR_DrawLin(FT_EN_08x16, fSel, 0, y0, pSymb);
              
                  if(font == FT_LC_16x16)   DpSTR_DrawLin(font, fSel, 8, y0, gFt_str);
                  else            DpSTR_DrawLin(font, fSel, 8, y0, pStr);
                }
              }
              #endif
 124          
 125          //--------------------------------------------------------------------------------------------------------
             -----------------------
 126          //  EOF
 127          //--------------------------------------------------------------------------------------------------------
             -----------------------
 128          


MODULE INFORMATION:   STATIC OVERLAYABLE
   CODE SIZE        =    205    ----
   CONSTANT SIZE    =     36    ----
   XDATA SIZE       =   ----      10
   PDATA SIZE       =   ----    ----
   DATA SIZE        =   ----    ----
   IDATA SIZE       =   ----    ----
   BIT SIZE         =   ----    ----
END OF MODULE INFORMATION.


C51 COMPILATION COMPLETE.  0 WARNING(S),  0 ERROR(S)
