C51 COMPILER V9.55   DLY_MAIN                                                              04/29/2026 17:22:00 PAGE 1   


C51 COMPILER V9.55, COMPILATION OF MODULE DLY_MAIN
OBJECT MODULE PLACED IN .\Objects\dly_main.obj
COMPILER INVOKED BY: C:\Keil_v5\C51\BIN\C51.EXE _Wess\app\dly_main.c LARGE OPTIMIZE(8,SPEED) INCDIR(.\_src\b0_comm;.\_We
                    -ss\_compiler;.\_Wess\app;.\_Wess\bsp;.\_Wess\menu;.\_Wess\disp;.\_Wess\measure;.\_Wess\font;.\_Wess\screen) PRINT(.\List
                    -ings\dly_main.lst) TABS(2) OBJECT(.\Objects\dly_main.obj)

line level    source

   1          //--------------------------------------------------------------------
   2          //
   3          //  Copyright (C) 2020, WESS-Global Inc., All Rights Reserved.
   4          //
   5          //  The information contained herein is confidential property of
   6          //  WESS-Global Inc. The use, copying, transfer or disclosure of
   7          //  such information is prohibited except by express written agreement
   8          //  with WESS-Global Co.,LTD
   9          //
  10          //  $Id: templet_format.c 1 2020-07-13 12:00:00Z eddie $
  11          //  $Date: 2020-07-13 12:00:00 +0900 
  12          //  $Author: eddie $
  13          //  $Rev: 1.0 $
  14          //
  15          //--------------------------------------------------------------------
  16          
  17          
  18          //--------------------------------------------------------------------
  19          //  Includes
  20          //--------------------------------------------------------------------
  21          // lib
  22          #include "compiler_defs.h"
  23          #include "C8051F120_defs.h"
  24          // sys
  25          #include "sys_def.h"
  26          // bsp
  27          #include "bsp_main.h"
  28          #include "gpio_main.h"
  29          // self
  30          #include "dly_main.h"
  31          
  32          
  33          //--------------------------------------------------------------------
  34          //  Local Macros
  35          //--------------------------------------------------------------------
  36          
  37          
  38          //--------------------------------------------------------------------
  39          //  Local Type definitions
  40          //--------------------------------------------------------------------
  41          
  42          
  43          //--------------------------------------------------------------------
  44          //  Global variables
  45          //--------------------------------------------------------------------
  46          
  47          
  48          //--------------------------------------------------------------------
  49          //  Local variables
  50          //--------------------------------------------------------------------
  51          
  52          
  53          //--------------------------------------------------------------------
C51 COMPILER V9.55   DLY_MAIN                                                              04/29/2026 17:22:00 PAGE 2   

  54          // Funtion Definitions
  55          //--------------------------------------------------------------------
  56          void DLY_020nsec(void)      // 20ns / (1 / 60MHz) = 1.2
  57          {
  58   1          _nop_();    _nop_();
  59   1      }
  60          
  61          void DLY_100nsec(void)      // 100ns / (1 / 60MHz) = 6
  62          {
  63   1          _nop_();    _nop_();
  64   1          _nop_();    _nop_();
  65   1          _nop_();    _nop_();
  66   1      }
  67          
  68          void DLY_001usec(void)
  69          {
  70   1          SBIT_P6_B6 = 0;     SBIT_P6_B6 = 0;     _nop_();
  71   1          SBIT_P6_B6 = 0;     SBIT_P6_B6 = 0;     _nop_();
  72   1          SBIT_P6_B6 = 0;     SBIT_P6_B6 = 0;     _nop_();
  73   1          SBIT_P6_B6 = 0;     SBIT_P6_B6 = 0;     _nop_();
  74   1          SBIT_P6_B6 = 0;     SBIT_P6_B6 = 0;     _nop_();
  75   1      
  76   1          SBIT_P6_B6 = 0;     SBIT_P6_B6 = 0;     _nop_();
  77   1          SBIT_P6_B6 = 0;     SBIT_P6_B6 = 0;     _nop_();
  78   1          SBIT_P6_B6 = 0;     SBIT_P6_B6 = 0;     _nop_();
  79   1          SBIT_P6_B6 = 0;     SBIT_P6_B6 = 0;     _nop_();
  80   1          SBIT_P6_B6 = 0;     SBIT_P6_B6 = 0;     _nop_();
  81   1      
  82   1          SBIT_P6_B6 = 0;     SBIT_P6_B6 = 0;     _nop_();
  83   1          SBIT_P6_B6 = 0;     SBIT_P6_B6 = 0;     _nop_();
  84   1          SBIT_P6_B6 = 0;     SBIT_P6_B6 = 0;     _nop_();
  85   1          SBIT_P6_B6 = 0;     SBIT_P6_B6 = 0;     _nop_();
  86   1          SBIT_P6_B6 = 0;     SBIT_P6_B6 = 0;     _nop_();
  87   1      
  88   1          SBIT_P6_B6 = 0;     SBIT_P6_B6 = 0;     _nop_();
  89   1          SBIT_P6_B6 = 0;     SBIT_P6_B6 = 0;     _nop_();
  90   1          SBIT_P6_B6 = 0;     SBIT_P6_B6 = 0;     //_nop_ ();// _nop_ ();
  91   1      }
  92          
  93          void DLY_002usec(void) 
  94          {
  95   1          DLY_001usec();
  96   1          DLY_001usec();
  97   1      }
  98          
  99          void DLY_RunMsec(U16 ms) 
 100          {
 101   1        U16 i;
 102   1      
 103   1        ms *= 50;
 104   1      
 105   1        for(i=0; i<ms; i++) 
 106   1        {
 107   2          DLY_002usec();
 108   2          DLY_002usec();
 109   2          DLY_002usec();
 110   2          DLY_002usec();
 111   2          DLY_002usec();
 112   2          DLY_002usec();
 113   2          DLY_002usec();
 114   2          DLY_002usec();
 115   2          DLY_002usec();
C51 COMPILER V9.55   DLY_MAIN                                                              04/29/2026 17:22:00 PAGE 3   

 116   2          DLY_002usec();
 117   2        }
 118   1      }
 119          
 120          
 121          // EOF
 122          


MODULE INFORMATION:   STATIC OVERLAYABLE
   CODE SIZE        =    148    ----
   CONSTANT SIZE    =   ----    ----
   XDATA SIZE       =   ----    ----
   PDATA SIZE       =   ----    ----
   DATA SIZE        =   ----    ----
   IDATA SIZE       =   ----    ----
   BIT SIZE         =   ----    ----
END OF MODULE INFORMATION.


C51 COMPILATION COMPLETE.  0 WARNING(S),  0 ERROR(S)
