C51 COMPILER V9.55   FLASH_MAIN                                                            04/29/2026 17:21:53 PAGE 1   


C51 COMPILER V9.55, COMPILATION OF MODULE FLASH_MAIN
OBJECT MODULE PLACED IN .\Objects\flash_main.obj
COMPILER INVOKED BY: C:\Keil_v5\C51\BIN\C51.EXE _Wess\bsp\flash_main.c LARGE OPTIMIZE(8,SPEED) INCDIR(.\_src\b0_comm;.\_
                    -Wess\_compiler;.\_Wess\app;.\_Wess\bsp;.\_Wess\menu;.\_Wess\disp;.\_Wess\measure;.\_Wess\font;.\_Wess\screen) PRINT(.\Li
                    -stings\flash_main.lst) TABS(2) OBJECT(.\Objects\flash_main.obj)

line level    source

   1          //--------------------------------------------------------------------------------------------------------
             -----------------------
   2          //  Copyright (C) 2021, WESS-Global Inc., All Rights Reserved.
   3          //
   4          //  The information contained herein is confidential property of WESS-Global Inc. The use, copying, transf
             -er or disclosure of
   5          //  such information is prohibited except by express written agreement with WESS-Global Co.,LTD
   6          //
   7          //  $ Date: 2020-07-13 12:00:00 +0900 $
   8          //--------------------------------------------------------------------------------------------------------
             -----------------------
   9          
  10          
  11          //--------------------------------------------------------------------------------------------------------
             -----------------------
  12          //  Includes
  13          //--------------------------------------------------------------------------------------------------------
             -----------------------
  14          // chipset
  15          #include "compiler_defs.h"
  16          #include "C8051F120_defs.h"
  17          // self
  18          #include "flash_main.h"
  19          // lib
  20          #include "sys_def.h"
  21          // lib
  22          #include "dly_main.h"
  23          // bsp
  24          #include "app_main.h"
  25          #include "font_def.h"
  26          #include "lcd_main.h"
  27          // app
  28          #include "modbus_main.h"
  29          #include "prtc_main.h"
  30          #include "measure_main.h"
  31          // disp
  32          #include "disp_main.h"
  33          #include "disp_string.h"
  34          // menu
  35          #include "menu_box.h"
  36          #include "menu_quick.h"
  37          #include "menu_system.h"
  38          #include "menu_measure.h"
  39          #include "menu_output.h"
  40          #include "menu_data.h"
  41          #include "menu_engineer.h"
  42          #include "menu_factory.h"
  43          #include "menu_test.h"
  44          // screen
  45          #include "screen_main.h"
  46          
  47          
  48          //--------------------------------------------------------------------------------------------------------
C51 COMPILER V9.55   FLASH_MAIN                                                            04/29/2026 17:21:53 PAGE 2   

             -----------------------
  49          //  Global variables
  50          //--------------------------------------------------------------------------------------------------------
             -----------------------
  51          
  52          
  53          //--------------------------------------------------------------------------------------------------------
             -----------------------
  54          //  Local variables
  55          //--------------------------------------------------------------------------------------------------------
             -----------------------
  56          U08 code  * data pFl_read;    // Old: unsigned char code  * data FLASH_pread;     // read pointer
  57          U08 xdata * data pFl_write;   // Old: unsigned char xdata * data FLASH_pwrite;    // write pointer
  58          
  59          
  60          //--------------------------------------------------------------------------------------------------------
             -----------------------
  61          //  Local Funtions
  62          //--------------------------------------------------------------------------------------------------------
             -----------------------
  63          void FlPrc_ErasePage(void)
  64          {
  65   1          U08 SFRPAGE_SAVE = SFRPAGE;         // preserve SFRPAGE
  66   1          bit EA_SAVE = EA;                   // preserve EA
  67   1      
  68   1          EA = 0;                             // disable interrupts
  69   1      
  70   1          SFRPAGE = LEGACY_PAGE;
  71   1      
  72   1          FLSCL |= 0x01;                      // enable FLASH writes/erases
  73   1          PSCTL |= 0x03;                      // PSWE = 1; PSEE = 1
  74   1          PSCTL |= 0x04;                      // set SFLE
  75   1      
  76   1          RSTSRC = 0x02;                      // enable VDDMON as reset source
  77   1      
  78   1          pFl_write  = (U08 xdata *) 0x0000;
  79   1          *pFl_write = 0x00;                   // initiate page erase
  80   1          pFl_write  = (U08 xdata *) 0x00ff;
  81   1          *pFl_write = 0x00;                   // initiate page erase
  82   1      
  83   1          PSCTL &= ~0x04;                     // clear SFLE
  84   1          PSCTL &= ~0x03;                     // PSWE = 0; PSEE = 0
  85   1          FLSCL &= ~0x01;                     // disable FLASH writes/erases
  86   1      
  87   1          SFRPAGE = SFRPAGE_SAVE;             // restore SFRPAGE
  88   1          EA = EA_SAVE;                       // restore interrupts
  89   1      
  90   1          DLY_002usec();
  91   1      }
  92          
  93          void FlPrc_ReadAll(void)
  94          {
  95   1        MnSYS_MemLoad();
  96   1        MnMSR_MemLoad();
  97   1        MnOUT_MemLoad();
  98   1        MnDAT_MemLoad();
  99   1        MnEGN_MemLoad();
 100   1        MnFTR_MemLoad();
 101   1        MnTST_MemLoad();
 102   1      }
 103          
 104          
C51 COMPILER V9.55   FLASH_MAIN                                                            04/29/2026 17:21:53 PAGE 3   

 105          //--------------------------------------------------------------------------------------------------------
             -----------------------
 106          //  Global APIs - Access Local Variables
 107          //--------------------------------------------------------------------------------------------------------
             -----------------------
 108          // Get
 109          // Set
 110          
 111          
 112          //--------------------------------------------------------------------------------------------------------
             -----------------------
 113          //  Global APIs - Public
 114          //--------------------------------------------------------------------------------------------------------
             -----------------------
 115          U08 FLS_Rd1Byte(U08 addr)
 116          {
 117   1        U08 byte;
 118   1        U08 SFRPAGE_SAVE = SFRPAGE;         // preserve SFRPAGE
 119   1        bit EA_SAVE = EA;                   // preserve EA
 120   1      
 121   1        EA = 0;                             // disable interrupts
 122   1      
 123   1        SFRPAGE = LEGACY_PAGE;
 124   1      
 125   1        PSCTL |= 0x04;                      // set SFLE
 126   1      
 127   1        pFl_read = (U08 code *) addr;
 128   1        byte = *pFl_read;                  // read the byte
 129   1      
 130   1        PSCTL &= ~0x04;                     // clear SFLE
 131   1      
 132   1        SFRPAGE = SFRPAGE_SAVE;             // restore SFRPAGE
 133   1        EA = EA_SAVE;                       // restore interrupts
 134   1      
 135   1        DLY_002usec();
 136   1      
 137   1        return byte;
 138   1      }
 139          
 140          U16 FLS_Rd2Byte(U08 addr)
 141          {
 142   1        U08 SFRPAGE_SAVE = SFRPAGE;         // preserve SFRPAGE
 143   1        bit EA_SAVE = EA;                   // preserve EA
 144   1        U08 byte_l, byte_h;
 145   1        U16 byte_2;
 146   1      
 147   1        EA = 0;                             // disable interrupts
 148   1      
 149   1        SFRPAGE = LEGACY_PAGE;
 150   1      
 151   1        PSCTL |= 0x04;                      // set SFLE
 152   1      
 153   1        pFl_read = (U08 code *) addr;
 154   1        byte_l = *pFl_read;                // read the byte
 155   1        pFl_read++;
 156   1        byte_h = *pFl_read;                // read the byte
 157   1      
 158   1        PSCTL &= ~0x04;                     // clear SFLE
 159   1      
 160   1        SFRPAGE = SFRPAGE_SAVE;             // restore SFRPAGE
 161   1        EA = EA_SAVE;                       // restore interrupts
 162   1      
C51 COMPILER V9.55   FLASH_MAIN                                                            04/29/2026 17:21:53 PAGE 4   

 163   1        byte_2 = byte_h;
 164   1        byte_2 = (byte_2 << 8) | byte_l;
 165   1      
 166   1        DLY_002usec();
 167   1      
 168   1        return byte_2;
 169   1      }
 170          
 171          void FLS_Wr1Byte(U08 addr, U08 byte)
 172          {
 173   1          U08 SFRPAGE_SAVE = SFRPAGE;         // preserve SFRPAGE
 174   1          bit EA_SAVE = EA;                   // preserve EA
 175   1      
 176   1          EA = 0;                             // disable interrupts
 177   1      
 178   1          SFRPAGE = LEGACY_PAGE;
 179   1      
 180   1          FLSCL |= 0x01;                      // enable FLASH writes/erases
 181   1          PSCTL |= 0x01;                      // PSWE = 1
 182   1          PSCTL |= 0x04;                      // set SFLE
 183   1      
 184   1          RSTSRC = 0x02;                      // enable VDDMON as reset source
 185   1      
 186   1          pFl_write  = (U08 xdata *) addr;
 187   1          *pFl_write = byte;               // write the byte
 188   1      
 189   1          PSCTL &= ~0x04;                     // clear SFLE
 190   1          PSCTL &= ~0x01;                     // PSWE = 0
 191   1          FLSCL &= ~0x01;                     // disable FLASH writes/erases
 192   1      
 193   1          SFRPAGE = SFRPAGE_SAVE;             // restore SFRPAGE
 194   1          EA = EA_SAVE;                       // restore interrupts
 195   1      
 196   1          DLY_002usec();
 197   1      }
 198          
 199          void FLS_Wr2Byte(U08 addr, U16 byte_2)
 200          {
 201   1          U08 SFRPAGE_SAVE = SFRPAGE;         // preserve SFRPAGE
 202   1          bit EA_SAVE = EA;                   // preserve EA
 203   1          U08 byte_l, byte_h;
 204   1      
 205   1          EA = 0;                             // disable interrupts
 206   1      
 207   1          byte_l = byte_2 & 0x00ff;
 208   1          byte_h = (byte_2 & 0xff00) >> 8;
 209   1      
 210   1          SFRPAGE = LEGACY_PAGE;
 211   1      
 212   1          FLSCL |= 0x01;                      // enable FLASH writes/erases
 213   1          PSCTL |= 0x01;                      // PSWE = 1
 214   1          PSCTL |= 0x04;                      // set SFLE
 215   1      
 216   1          RSTSRC = 0x02;                      // enable VDDMON as reset source
 217   1      
 218   1          pFl_write  = (U08 xdata *) addr;
 219   1          *pFl_write = byte_l;                     // write the byte
 220   1          pFl_write++;
 221   1          *pFl_write = byte_h;                     // write the byte
 222   1      
 223   1          PSCTL &= ~0x04;                     // clear SFLE
 224   1          PSCTL &= ~0x01;                     // PSWE = 0
C51 COMPILER V9.55   FLASH_MAIN                                                            04/29/2026 17:21:53 PAGE 5   

 225   1          FLSCL &= ~0x01;                     // disable FLASH writes/erases
 226   1      
 227   1          SFRPAGE = SFRPAGE_SAVE;             // restore SFRPAGE
 228   1          EA = EA_SAVE;                       // restore interrupts
 229   1      
 230   1          DLY_002usec();
 231   1      }
 232          
 233          void FLS_WriteAll(void)
 234          {
 235   1        FlPrc_ErasePage();
 236   1      
 237   1        MnSYS_MemSave();
 238   1        MnMSR_MemSave();
 239   1        MnOUT_MemSave();
 240   1        MnDAT_MemSave();
 241   1        MnEGN_MemSave();
 242   1        MnFTR_MemSave();
 243   1        MnTST_MemSave();
 244   1      
 245   1        FlPrc_ReadAll();
 246   1      }
 247          
 248          void FLS_ResetFactory(void)
 249          {
 250   1        DpSTR_LineUpd(FT_EN_08x16, 0, 52, 48, "Factory Setting");
 251   1        DpSTR_LineUpd(FT_EN_08x16, 0, 84, 64, " .......");      DLY_RunMsec(250);
 252   1        DpSTR_LineUpd(FT_EN_08x16, 0, 84, 64, ". ......");      DLY_RunMsec(250);
 253   1        DpSTR_LineUpd(FT_EN_08x16, 0, 84, 64, ".. .....");      DLY_RunMsec(250);
 254   1        DpSTR_LineUpd(FT_EN_08x16, 0, 84, 64, "... ....");      DLY_RunMsec(250);
 255   1        DpSTR_LineUpd(FT_EN_08x16, 0, 84, 64, ".... ...");      DLY_RunMsec(250);
 256   1        DpSTR_LineUpd(FT_EN_08x16, 0, 84, 64, "..... ..");      DLY_RunMsec(250);
 257   1        DpSTR_LineUpd(FT_EN_08x16, 0, 84, 64, "...... .");      DLY_RunMsec(250);
 258   1        DpSTR_LineUpd(FT_EN_08x16, 0, 84, 64, "....... ");      DLY_RunMsec(250);
 259   1      
 260   1        FlPrc_ErasePage();
 261   1      
 262   1        MnSYS_MemFtry();
 263   1        MnMSR_MemFtry();
 264   1        MnOUT_MemFtry();
 265   1        MnDAT_MemFtry();
 266   1        MnEGN_MemFtry();
 267   1        MnFTR_MemFtry();
 268   1        MnTST_MemFtry();
 269   1      
 270   1        FlPrc_ReadAll();
 271   1      }
 272          
 273          void FLS_InitBoot(void)
 274          {
 275   1        SFRPAGE = LEGACY_PAGE;
 276   1        FLSCL = 0x30;     // Bits 5-4: FLRT: Flash Read Time. 11: SYSCLK < 100 MHz.
 277   1                    // Bit 0: FLWE: Flash Write/Erase Enable. 1: Flash writes/erases enabled.
 278   1      }
 279          
 280          void FLS_InitMain(void)
 281          {
 282   1        FlPrc_ReadAll();
 283   1      }
 284          
 285          
 286          
C51 COMPILER V9.55   FLASH_MAIN                                                            04/29/2026 17:21:53 PAGE 6   

 287          //--------------------------------------------------------------------------------------------------------
             -----------------------
 288          //  EOF
 289          //--------------------------------------------------------------------------------------------------------
             -----------------------
 290          


MODULE INFORMATION:   STATIC OVERLAYABLE
   CODE SIZE        =    724    ----
   CONSTANT SIZE    =     88    ----
   XDATA SIZE       =   ----       4
   PDATA SIZE       =   ----    ----
   DATA SIZE        =      4    ----
   IDATA SIZE       =   ----    ----
   BIT SIZE         =   ----       5
END OF MODULE INFORMATION.


C51 COMPILATION COMPLETE.  0 WARNING(S),  0 ERROR(S)
