C51 COMPILER V9.55   MAIN                                                                  04/29/2026 17:22:18 PAGE 1   


C51 COMPILER V9.55, COMPILATION OF MODULE MAIN
OBJECT MODULE PLACED IN .\Objects\main.obj
COMPILER INVOKED BY: C:\Keil_v5\C51\BIN\C51.EXE _Wess\app\main.c LARGE OPTIMIZE(8,SPEED) INCDIR(.\_src\b0_comm;.\_Wess\_
                    -compiler;.\_Wess\app;.\_Wess\bsp;.\_Wess\menu;.\_Wess\disp;.\_Wess\measure;.\_Wess\font;.\_Wess\screen) PRINT(.\Listings
                    -\main.lst) TABS(2) OBJECT(.\Objects\main.obj)

line level    source

   1          //--------------------------------------------------------------------------------------------------------
             -----------------------
   2          //  Copyright (C) 2021, WESS-Global Inc., All Rights Reserved.
   3          //
   4          //  The information contained herein is confidential property of WESS-Global Inc. The use, copying, transf
             -er or disclosure of
   5          //  such information is prohibited except by express written agreement with WESS-Global Co.,LTD
   6          //
   7          //  $ Date: 2020-07-13 12:00:00 +0900 $
   8          //--------------------------------------------------------------------------------------------------------
             -----------------------
   9          
  10          
  11          //--------------------------------------------------------------------------------------------------------
             -----------------------
  12          //  Includes
  13          //--------------------------------------------------------------------------------------------------------
             -----------------------
  14          // chipset
  15          #include "compiler_defs.h"
  16          #include "C8051F120_defs.h"
  17          // sys
  18          #include "sys_def.h"
  19          // bsp
  20          #include "bsp_main.h"
  21          // self
  22          #include "main.h"
  23          // app
  24          #include "app_main.h"
  25          
  26          
  27          //--------------------------------------------------------------------------------------------------------
             -----------------------
  28          //  Global variables
  29          //--------------------------------------------------------------------------------------------------------
             -----------------------
  30          
  31          
  32          //--------------------------------------------------------------------------------------------------------
             -----------------------
  33          //  Local variables
  34          //--------------------------------------------------------------------------------------------------------
             -----------------------
  35          
  36          
  37          //--------------------------------------------------------------------------------------------------------
             -----------------------
  38          //  Local Funtions
  39          //--------------------------------------------------------------------------------------------------------
             -----------------------
  40          
  41          
  42          //--------------------------------------------------------------------------------------------------------
C51 COMPILER V9.55   MAIN                                                                  04/29/2026 17:22:18 PAGE 2   

             -----------------------
  43          //  Global APIs - Access Local Variables
  44          //--------------------------------------------------------------------------------------------------------
             -----------------------
  45          // Get
  46          // Set
  47          
  48          
  49          //--------------------------------------------------------------------------------------------------------
             -----------------------
  50          //  Global APIs - Operation
  51          //--------------------------------------------------------------------------------------------------------
             -----------------------
  52          void main(void)
  53          {
  54   1        BSP_InitBoot();
  55   1        APP_InitBoot();
  56   1      
  57   1        while(1)
  58   1        {
  59   2          APP_ProcEvery();
  60   2          APP_Proc1Sec();
  61   2        }
  62   1      }
  63          
  64          
  65          //--------------------------------------------------------------------------------------------------------
             -----------------------
  66          //  EOF
  67          
  68          //--------------------------------------------------------------------------------------------------------
             -----------------------
  69          


MODULE INFORMATION:   STATIC OVERLAYABLE
   CODE SIZE        =     14    ----
   CONSTANT SIZE    =   ----    ----
   XDATA SIZE       =   ----    ----
   PDATA SIZE       =   ----    ----
   DATA SIZE        =   ----    ----
   IDATA SIZE       =   ----    ----
   BIT SIZE         =   ----    ----
END OF MODULE INFORMATION.


C51 COMPILATION COMPLETE.  0 WARNING(S),  0 ERROR(S)
