C51 COMPILER V9.55   MEASURE_TEMPERATURE                                                   04/29/2026 17:22:36 PAGE 1   


C51 COMPILER V9.55, COMPILATION OF MODULE MEASURE_TEMPERATURE
OBJECT MODULE PLACED IN .\Objects\measure_temperature.obj
COMPILER INVOKED BY: C:\Keil_v5\C51\BIN\C51.EXE _Wess\measure\measure_temperature.c LARGE OPTIMIZE(8,SPEED) INCDIR(.\_sr
                    -c\b0_comm;.\_Wess\_compiler;.\_Wess\app;.\_Wess\bsp;.\_Wess\menu;.\_Wess\disp;.\_Wess\measure;.\_Wess\font;.\_Wess\scree
                    -n) PRINT(.\Listings\measure_temperature.lst) TABS(2) OBJECT(.\Objects\measure_temperature.obj)

line level    source

   1          //--------------------------------------------------------------------------------------------------------
             -----------------------
   2          //  Copyright (C) 2021, WESS-Global Inc., All Rights Reserved.
   3          //
   4          //  The information contained herein is confidential property of WESS-Global Inc. The use, copying, transf
             -er or disclosure of
   5          //  such information is prohibited except by express written agreement with WESS-Global Co.,LTD
   6          //
   7          //  $ Date: 2020-07-13 12:00:00 +0900 $
   8          //--------------------------------------------------------------------------------------------------------
             -----------------------
   9          
  10          
  11          //--------------------------------------------------------------------------------------------------------
             -----------------------
  12          //  Includes
  13          //--------------------------------------------------------------------------------------------------------
             -----------------------
  14          // std
  15          #include <math.h>
  16          // lib
  17          #include "compiler_defs.h"
  18          #include "C8051F120_defs.h"
  19          // sys
  20          #include "sys_def.h"
  21          // bsp
  22          #include "adc_main.h"
  23          #include "flash_main.h"
  24          // app
  25          #include "measure_temperature.h"
  26          // menu
  27          #include "menu_measure.h"
  28          
  29          
  30          
  31          //--------------------------------------------------------------------------------------------------------
             -----------------------
  32          //  Global variables
  33          //--------------------------------------------------------------------------------------------------------
             -----------------------
  34          S16 gTp_now;    // OLD: signed int Value_temp_SI_G;
  35          F32 gTp_deg;    // OLD: float Temp_degree_FL_G;
  36          
  37          
  38          //--------------------------------------------------------------------------------------------------------
             -----------------------
  39          //  Local variables
  40          //--------------------------------------------------------------------------------------------------------
             -----------------------
  41          S16 lTp_buff[4] = {0, };  // OLD: signed int  Buffer_temp_SI_G[4] = {0};
  42          U08 lTp_cnt;        // OLD: unsigned char Cnt_temp_buf_UC_G;
  43          F32 lTp_Fah;        // OLD: float Temp_Fahrenheit_FL_G;
  44          
C51 COMPILER V9.55   MEASURE_TEMPERATURE                                                   04/29/2026 17:22:36 PAGE 2   

  45          
  46          //--------------------------------------------------------------------------------------------------------
             -----------------------
  47          //  Local Funtions
  48          //--------------------------------------------------------------------------------------------------------
             -----------------------
  49          
  50          
  51          //--------------------------------------------------------------------------------------------------------
             -----------------------
  52          //  Global APIs - Access Local Variables
  53          //--------------------------------------------------------------------------------------------------------
             -----------------------
  54          // Get
  55          // Set
  56          
  57          
  58          //--------------------------------------------------------------------------------------------------------
             -----------------------
  59          //  Global APIs - Public
  60          //--------------------------------------------------------------------------------------------------------
             -----------------------
  61          void MsTPR_InitVari(void)
  62          {
  63   1        gTp_now = 0;
  64   1      
  65   1        lTp_cnt = 0;
  66   1      }
  67          
  68          void MsTPR_CalcVal(void)
  69          {
  70   1        U08 i;
  71   1        S16 sum = 0;
  72   1        F32 dat[2];
  73   1      
  74   1        dat[0] = AD0_GetRegs(0);
  75   1        dat[1] = (-29.474 * log(dat[0])) + 196.03;
  76   1      
  77   1        lTp_buff[lTp_cnt] = dat[1] * 10;
  78   1        lTp_cnt = (lTp_cnt + 1) % 4;
  79   1      
  80   1        for(i=0; i<4; i++) 
  81   1            sum += lTp_buff[i];
  82   1      
  83   1        gTp_deg = sum / 4;
  84   1      
  85   1        if(MnMSR_GetUnit() == MnMSR_UNIT_METER)
  86   1        {
  87   2          gTp_now = gTp_deg;
  88   2          return;
  89   2        }
  90   1      
  91   1        lTp_Fah = (gTp_deg * 1.8) + 320;
  92   1        gTp_now = lTp_Fah;
  93   1      }
  94          
  95          
  96          //--------------------------------------------------------------------------------------------------------
             -----------------------
  97          //  EOF
  98          //--------------------------------------------------------------------------------------------------------
             -----------------------
C51 COMPILER V9.55   MEASURE_TEMPERATURE                                                   04/29/2026 17:22:36 PAGE 3   

  99          


MODULE INFORMATION:   STATIC OVERLAYABLE
   CODE SIZE        =    281    ----
   CONSTANT SIZE    =   ----    ----
   XDATA SIZE       =     19      10
   PDATA SIZE       =   ----    ----
   DATA SIZE        =   ----    ----
   IDATA SIZE       =   ----    ----
   BIT SIZE         =   ----    ----
END OF MODULE INFORMATION.


C51 COMPILATION COMPLETE.  0 WARNING(S),  0 ERROR(S)
