C51 COMPILER V9.55   MEM_MAIN                                                              04/29/2026 17:22:17 PAGE 1   


C51 COMPILER V9.55, COMPILATION OF MODULE MEM_MAIN
OBJECT MODULE PLACED IN .\Objects\mem_main.obj
COMPILER INVOKED BY: C:\Keil_v5\C51\BIN\C51.EXE _Wess\app\mem_main.c LARGE OPTIMIZE(8,SPEED) INCDIR(.\_src\b0_comm;.\_We
                    -ss\_compiler;.\_Wess\app;.\_Wess\bsp;.\_Wess\menu;.\_Wess\disp;.\_Wess\measure;.\_Wess\font;.\_Wess\screen) PRINT(.\List
                    -ings\mem_main.lst) TABS(2) OBJECT(.\Objects\mem_main.obj)

line level    source

   1          //--------------------------------------------------------------------
   2          //
   3          //  Copyright (C) 2020, WESS-Global Inc., All Rights Reserved.
   4          //
   5          //  The information contained herein is confidential property of
   6          //  WESS-Global Inc. The use, copying, transfer or disclosure of
   7          //  such information is prohibited except by express written agreement
   8          //  with WESS-Global Co.,LTD
   9          //
  10          //  $Id: templet_format.c 1 2020-07-13 12:00:00Z eddie $
  11          //  $Date: 2020-07-13 12:00:00 +0900 
  12          //  $Author: eddie $
  13          //  $Rev: 1.0 $
  14          //
  15          //--------------------------------------------------------------------
  16          
  17          
  18          //--------------------------------------------------------------------
  19          //  Includes
  20          //--------------------------------------------------------------------
  21          // chipset
  22          #include "compiler_defs.h"
  23          #include "C8051F120_defs.h"
  24          // sys
  25          #include "sys_def.h"
  26          // bsp
  27          #include "gpio_main.h"
  28          #include "spi_main.h"
  29          #include "dly_main.h"
  30          // self
  31          #include "mem_main.h"
  32          
  33          
  34          //--------------------------------------------------------------------
  35          //  Local Macros
  36          //--------------------------------------------------------------------
  37          
  38          
  39          //--------------------------------------------------------------------
  40          //  Local Type definitions
  41          //--------------------------------------------------------------------
  42          
  43          
  44          //--------------------------------------------------------------------
  45          //  Global variables
  46          //--------------------------------------------------------------------
  47          U32 gMm_addr_raw = MEM_ADDR_RAW_1;      // unsigned long MEM_start_addr_raw_UL_G;
  48          
  49          
  50          //--------------------------------------------------------------------
  51          //  Local variables
  52          //--------------------------------------------------------------------
  53          
C51 COMPILER V9.55   MEM_MAIN                                                              04/29/2026 17:22:17 PAGE 2   

  54          
  55          //--------------------------------------------------------------------
  56          // Funtion Definitions
  57          //--------------------------------------------------------------------
  58          // OLD: void Init_SRAM(unsigned char RAM_sel_UC_L)
  59          void MEM_InitMain(U08 sel)
  60          {
  61   1          U08 save_sfrpage = SFRPAGE;
  62   1      
  63   1          SFRPAGE = CONFIG_PAGE;
  64   1      
  65   1          if     (sel == MEM_MRAM)    SBIT_MRAM_CS = 0;
  66   1          else if(sel == MEM_SRAM)    SBIT_SRAM_CS = 0;
  67   1      
  68   1          DLY_001usec();
  69   1      
  70   1          SPI0_WriteCmmd(sel, SRAM_CMD_WMSR);
  71   1          SPI0_WriteByte(SRAM_CMD_Seq);
  72   1      
  73   1          SFRPAGE = CONFIG_PAGE;
  74   1      
  75   1          DLY_001usec();
  76   1          if     (sel == MEM_MRAM)    SBIT_MRAM_CS = 1;
  77   1          else if(sel == MEM_SRAM)    SBIT_SRAM_CS = 1;
  78   1      
  79   1          SFRPAGE = save_sfrpage;
  80   1      }
  81          
  82          // OLD: void RAM_Read_Seq_Start_addr (unsigned char RAM_sel_UC_L, unsigned long start_addr_UL_L)
  83          void MEM_ReadSeq_StartAddr(U08 ram_idx, U32 addr)
  84          {
  85   1          U08 save = SFRPAGE;
  86   1      
  87   1          SPI0_WriteCmmd(ram_idx, MRAM_CMD_READ);
  88   1          SPI0_WriteAddr(addr);
  89   1      
  90   1          SFRPAGE = save;
  91   1      }
  92          
  93          // OLD: unsigned char RAM_Read_Seq_Byte (unsigned char RAM_sel_UC_L)
  94          U08 MEM_ReadSeq_ByteData (U08 ram_idx)
  95          {
  96   1          U08 rtn;
  97   1          U08 save = SFRPAGE;
  98   1      
  99   1          ram_idx = 0;
 100   1      
 101   1          rtn = SPI0_ReadByte();
 102   1      
 103   1          SFRPAGE = save;
 104   1      
 105   1          return rtn;
 106   1      }
 107          
 108          U08 MEM_ReadData_Status(U08 ram_idx)
 109          {
 110   1          U08 rtn;
 111   1          U08 save = SFRPAGE;
 112   1      
 113   1          SPI0_WriteCmmd(ram_idx, MRAM_CMD_RDSR);
 114   1      
 115   1          rtn = SPI0_ReadByte();
C51 COMPILER V9.55   MEM_MAIN                                                              04/29/2026 17:22:17 PAGE 3   

 116   1      
 117   1          SFRPAGE = CONFIG_PAGE;
 118   1          DLY_001usec();
 119   1      
 120   1          if      (ram_idx == MEM_MRAM)   SBIT_MRAM_CS = 1;
 121   1          else if (ram_idx == MEM_SRAM)   SBIT_SRAM_CS = 1;
 122   1      
 123   1          SFRPAGE = save;
 124   1      
 125   1          return rtn;
 126   1      }
 127          
 128          
 129          // OLD: unsigned char RAM_Read_Byte (unsigned char RAM_sel_UC_L, unsigned long addr_UL_L)
 130          U08 MEM_ReadByte(U08 ram_idx, U32 addr)
 131          {
 132   1          U08 rtn;
 133   1          U08 save = SFRPAGE;
 134   1      
 135   1          SPI0_WriteCmmd(ram_idx, MRAM_CMD_READ);
 136   1          SPI0_WriteAddr(addr);
 137   1      
 138   1          rtn = SPI0_ReadByte();
 139   1      
 140   1          SFRPAGE = CONFIG_PAGE;
 141   1          DLY_001usec();
 142   1      
 143   1          if      (ram_idx == MEM_MRAM)   SBIT_MRAM_CS = 1;
 144   1          else if (ram_idx == MEM_SRAM)   SBIT_SRAM_CS = 1;
 145   1      
 146   1          SFRPAGE = save;
 147   1      
 148   1          return rtn;
 149   1      }
 150          
 151          
 152          // OLD: unsigned int RAM_Read_Word (unsigned char RAM_sel_UC_L, unsigned long addr_UL_L)
 153          U16 MEM_ReadWord(U08 sel, U32 addr)
 154          {
 155   1          U16 rtn;
 156   1          U08 dat_1, dat_2;
 157   1          U08 save = SFRPAGE;
 158   1      
 159   1          SPI0_WriteCmmd(sel, MRAM_CMD_READ);
 160   1          SPI0_WriteAddr(addr);
 161   1      
 162   1          dat_1 = SPI0_ReadByte();
 163   1          dat_2 = SPI0_ReadByte();
 164   1      
 165   1          SFRPAGE = CONFIG_PAGE;
 166   1          DLY_001usec();
 167   1      
 168   1          if     (sel == MEM_MRAM)    SBIT_MRAM_CS = 1;
 169   1          else if(sel == MEM_SRAM)    SBIT_SRAM_CS = 1;
 170   1      
 171   1          rtn = dat_1;
 172   1          rtn = (rtn << 8) + dat_2;
 173   1      
 174   1          SFRPAGE = save;
 175   1      
 176   1          return rtn;
 177   1      }
C51 COMPILER V9.55   MEM_MAIN                                                              04/29/2026 17:22:17 PAGE 4   

 178          
 179          // OLD: void RAM_Write_Seq_Byte (unsigned char RAM_sel_UC_L, unsigned char dat_UC_L)
 180          void MEM_WriteSeq_Byte(U08 sel, U08 dat)
 181          {
 182   1          U08 save = SFRPAGE;
 183   1      
 184   1          sel = 0;
 185   1      
 186   1          SPI0_WriteByte(dat);
 187   1      
 188   1          SFRPAGE = save;
 189   1      }
 190          
 191          // OLD: void RAM_Write_Seq_Start_addr (unsigned char RAM_sel_UC_L, unsigned long start_addr_UL_L)
 192          void MEM_WriteSeq_StartAddr(U08 sel, U32 addr)
 193          {
 194   1          U08 save = SFRPAGE;
 195   1      
 196   1          if(sel == MEM_MRAM)
 197   1              MEM_WriteData_SpiEn(sel, MRAM_CMD_WREN);
 198   1          DLY_001usec();
 199   1      
 200   1          SPI0_WriteCmmd(sel, MRAM_CMD_WRITE);
 201   1          SPI0_WriteAddr(addr);
 202   1      
 203   1          SFRPAGE = save;
 204   1      }
 205          
 206          // OLD: void SPI0_Write_WREN (unsigned char RAM_sel_UC_L, unsigned char dat_UC_L)
 207          void MEM_WriteData_SpiEn(U08 sel, U08 dat)
 208          {
 209   1        U08 save = SFRPAGE;
 210   1      
 211   1        SFRPAGE = CONFIG_PAGE;
 212   1        if     (sel == MEM_MRAM)    SBIT_MRAM_CS = 0;
 213   1        else if(sel == MEM_SRAM)    SBIT_SRAM_CS = 0;
 214   1        DLY_001usec();
 215   1      
 216   1        SPI0_WriteByte(dat);    // Send the WREN command
 217   1      
 218   1        SFRPAGE = CONFIG_PAGE;
 219   1        DLY_001usec();
 220   1      
 221   1        if     (sel == MEM_MRAM)    SBIT_MRAM_CS = 1;
 222   1        else if(sel == MEM_SRAM)    SBIT_SRAM_CS = 1;
 223   1      
 224   1        SFRPAGE = save;
 225   1      }
 226          
 227          // OLD: void SPI0_Write_WRSR (unsigned char dat_UC_L)
 228          void MEM_WriteData_Status(U08 sel, U08 dat)
 229          {
 230   1        U08 save = SFRPAGE;
 231   1      
 232   1        SPI0_WriteCmmd(sel, MRAM_CMD_WRSR);
 233   1        SPI0_WriteByte(dat);
 234   1        
 235   1        SFRPAGE = CONFIG_PAGE;
 236   1        DLY_001usec();
 237   1      
 238   1        if     (sel == MEM_MRAM)    SBIT_MRAM_CS = 1;
 239   1        else if(sel == MEM_SRAM)    SBIT_SRAM_CS = 1;
C51 COMPILER V9.55   MEM_MAIN                                                              04/29/2026 17:22:17 PAGE 5   

 240   1      
 241   1        SFRPAGE = save;
 242   1      }
 243          
 244          // OLD: void RAM_Write_Byte (unsigned char RAM_sel_UC_L, unsigned long addr_UL_L, unsigned char dat_UC_L)
 245          void MEM_WriteByte(U08 sel, U32 addr, U08 dat)
 246          {
 247   1          U08 save = SFRPAGE;
 248   1      
 249   1          if(sel == MEM_MRAM)
 250   1              MEM_WriteData_SpiEn(sel, MRAM_CMD_WREN);
 251   1      
 252   1          DLY_001usec();
 253   1      
 254   1          SPI0_WriteCmmd(sel, MRAM_CMD_WRITE);
 255   1          SPI0_WriteAddr(addr);
 256   1          SPI0_WriteByte(dat);
 257   1      
 258   1          SFRPAGE = CONFIG_PAGE;
 259   1          DLY_001usec();
 260   1      
 261   1          if     (sel == MEM_MRAM)    SBIT_MRAM_CS = 1;
 262   1          else if(sel == MEM_SRAM)    SBIT_SRAM_CS = 1;
 263   1      
 264   1          SFRPAGE = save;
 265   1      }
 266          
 267          // OLD: void RAM_Write_Word(unsigned char RAM_sel_UC_L, unsigned long addr_UL_L, unsigned int dat_UI_L)
 268          void MEM_WriteWord(U08 sel, U32 addr, U16 dat16)
 269          {
 270   1        U08 dat_1, dat_2;
 271   1        U08 save_sfrpage = SFRPAGE;
 272   1      
 273   1        dat_1 = (dat16 >> 8) & 0xff;
 274   1        dat_2 = dat16 & 0xff;
 275   1      
 276   1        if(sel == MEM_MRAM)
 277   1          MEM_WriteData_SpiEn(sel, MRAM_CMD_WREN);
 278   1        DLY_001usec();
 279   1      
 280   1        SPI0_WriteCmmd(sel, MRAM_CMD_WRITE);
 281   1        SPI0_WriteAddr(addr);
 282   1      
 283   1        SPI0_WriteByte(dat_1);
 284   1        SPI0_WriteByte(dat_2);
 285   1      
 286   1        SFRPAGE = CONFIG_PAGE;
 287   1        DLY_001usec();
 288   1      
 289   1        if     (sel == MEM_MRAM)    SBIT_MRAM_CS = 1;
 290   1        else if(sel == MEM_SRAM)    SBIT_SRAM_CS = 1;
 291   1      
 292   1        SFRPAGE = save_sfrpage;
 293   1      }
 294          
 295          // OLD: void RAM_RW_Seq_end (unsigned char RAM_sel_UC_L)
 296          void MEM_RwSeq_End(U08 ram_idx)
 297          {
 298   1          U08 save = SFRPAGE;
 299   1      
 300   1          SFRPAGE = CONFIG_PAGE;
 301   1          DLY_001usec();
C51 COMPILER V9.55   MEM_MAIN                                                              04/29/2026 17:22:17 PAGE 6   

 302   1      
 303   1          if     (ram_idx == MEM_MRAM)    SBIT_MRAM_CS = 1;
 304   1          else if(ram_idx == MEM_SRAM)    SBIT_SRAM_CS = 1;
 305   1      
 306   1          SFRPAGE = save;
 307   1      }
 308          
 309          // OLD: void Erase_MRAM(void) // 0 ~ 141900
 310          void MEM_EraseMram(void)  
 311          {
 312   1          U32 i;
 313   1      
 314   1          MEM_WriteSeq_StartAddr(MEM_MRAM, 0);
 315   1      
 316   1          for(i = 0; i < 141901; i++)
 317   1              MEM_WriteSeq_Byte (MEM_MRAM, 0);
 318   1      
 319   1          MEM_RwSeq_End(MEM_MRAM);
 320   1      }
 321          
 322          // Stsatus Register Reset (Memory Protection and Block Write Protection)
 323          void MEM_Reset_Status(void)
 324          {
 325   1        switch(MEM_ReadData_Status(MEM_MRAM))
 326   1        {
 327   2          case 0x00:
 328   2          case 0x02:  break;
 329   2          default:  MEM_WriteData_Status(MEM_MRAM,0x00);  break;
 330   2        }
 331   1      }
 332          
 333          
 334          #if 0
              U08 MEM_WriteCmd(U08 ram, U08 cmd, U08 dat)
              {
                U08 rtn = RTN_OK;
                U08 save = SFRPAGE;
              
                SFRPAGE = CONFIG_PAGE;
              
                switch(ram)
                {
                  case MEM_MRAM:    SBIT_MRAM_CS = BIT_LO;    break;
                  case MEM_SRAM:    SBIT_SRAM_CS = BIT_LO;    break;
                  default:      SFRPAGE = save;
                            return RTN_ERR;       break;
                }
              
                DLY_001usec();
                SPI0_WriteByte(cmd);
                SPI0_WriteByte(dat);
                DLY_001usec();
              
                switch(ram)
                {
                  case MEM_MRAM:    SBIT_MRAM_CS = BIT_HI;    break;
                  case MEM_SRAM:    SBIT_SRAM_CS = BIT_HI;    break;
                  default:      SFRPAGE = save;
                            return RTN_ERR;       break;
                }
              
                SFRPAGE = save;
C51 COMPILER V9.55   MEM_MAIN                                                              04/29/2026 17:22:17 PAGE 7   

              
                return rtn;
              }
              #endif
 368          
 369          // EOF
 370          


MODULE INFORMATION:   STATIC OVERLAYABLE
   CODE SIZE        =    961    ----
   CONSTANT SIZE    =   ----    ----
   XDATA SIZE       =      4      63
   PDATA SIZE       =   ----    ----
   DATA SIZE        =   ----    ----
   IDATA SIZE       =   ----    ----
   BIT SIZE         =   ----    ----
END OF MODULE INFORMATION.


C51 COMPILATION COMPLETE.  0 WARNING(S),  0 ERROR(S)
