C51 COMPILER V9.55   MENU_ENGINEER                                                         04/29/2026 17:23:14 PAGE 1   


C51 COMPILER V9.55, COMPILATION OF MODULE MENU_ENGINEER
OBJECT MODULE PLACED IN .\Objects\menu_engineer.obj
COMPILER INVOKED BY: C:\Keil_v5\C51\BIN\C51.EXE _Wess\menu\menu_engineer.c LARGE OPTIMIZE(8,SPEED) INCDIR(.\_src\b0_comm
                    -;.\_Wess\_compiler;.\_Wess\app;.\_Wess\bsp;.\_Wess\menu;.\_Wess\disp;.\_Wess\measure;.\_Wess\font;.\_Wess\screen) PRINT(
                    -.\Listings\menu_engineer.lst) TABS(2) OBJECT(.\Objects\menu_engineer.obj)

line level    source

   1          //--------------------------------------------------------------------------------------------------------
             -----------------------
   2          //  Copyright (C) 2021, WESS-Global Inc., All Rights Reserved.
   3          //
   4          //  The information contained herein is confidential property of WESS-Global Inc. The use, copying, transf
             -er or disclosure of
   5          //  such information is prohibited except by express written agreement with WESS-Global Co.,LTD
   6          //
   7          //  $ Date: 2020-07-13 12:00:00 +0900 $
   8          //--------------------------------------------------------------------------------------------------------
             -----------------------
   9          
  10          
  11          //--------------------------------------------------------------------------------------------------------
             -----------------------
  12          //  Includes
  13          //--------------------------------------------------------------------------------------------------------
             -----------------------
  14          // std
  15          #include <math.h>
  16          #include <intrins.h>
  17          #include <stdarg.h>
  18          #include <string.h>
  19          // chipset
  20          #include "compiler_defs.h"
  21          #include "C8051F120_defs.h"
  22          // sys
  23          #include "sys_def.h"
  24          // self
  25          #include "menu_engineer.h"
  26          // bsp
  27          #include "flash_main.h"
  28          #include "gpio_main.h"
  29          #include "tmr_main.h"
  30          #include "dly_main.h"
  31          #include "adc_main.h"
  32          #include "btn_main.h"
  33          #include "lcd_main.h"
  34          #include "lcd_data.h"
  35          // app
  36          #include "isr_main.h"
  37          #include "app_main.h"
  38          #include "font_def.h"
  39          #include "measure_main.h"
  40          #include "measure_analyze.h"
  41          // disp
  42          #include "disp_main.h"
  43          #include "disp_menu.h"
  44          #include "disp_string.h"
  45          // menu
  46          #include "menu_box.h"
  47          #include "menu_main.h"
  48          #include "menu_system.h"
C51 COMPILER V9.55   MENU_ENGINEER                                                         04/29/2026 17:23:14 PAGE 2   

  49          #include "menu_measure.h"
  50          #include "menu_test.h"
  51          
  52          
  53          //--------------------------------------------------------------------------------------------------------
             -----------------------
  54          //  Global variables
  55          //--------------------------------------------------------------------------------------------------------
             -----------------------
  56          
  57          
  58          //--------------------------------------------------------------------------------------------------------
             -----------------------
  59          //  Local variables
  60          //--------------------------------------------------------------------------------------------------------
             -----------------------
  61          LS_MnEGN lMnEgn;
  62          U16 lMnEgn_aTvg_idle[60]  = { 
  63              1,  12,  19,  24,  27,  30,  33,  35,  37,  38,  40,  41,  43,  44,  45,  46,  47,  48,  49,  50,
  64             50,  51,  52,  53,  53,  54,  55,  55,  56,  56,  57,  57,  58,  58,  59,  59,  60,  60,  60,  61,
  65             61,  62,  62,  62,  63,  63,  64,  64,  64,  65,  65,  65,  65,  66,  66,  66,  67,  67,  67,  67,   };
  66          
  67          
  68          //--------------------------------------------------------------------------------------------------------
             -----------------------
  69          //  Local Funtions
  70          //--------------------------------------------------------------------------------------------------------
             -----------------------
  71          void MnEgn_ProfNum(void) 
  72          {
  73   1        MnBOX_DispBox();
  74   1        MnBOX_DispStr(MnSYS_LANG_ENG, MnBOX_X08, MnBOX_Y01, F_F, "Number");
  75   1        lMnEgn.prof_num = MnBOX_CfgNumb(lMnEgn.prof_num, MnEGN_PROF_NUM_MIN, MnEGN_PROF_NUM_MAX, MnEGN_PROF_NUM_S
             -TP, 0, F_F, "");
  76   1      }
  77          
  78          void MnEgn_SmthNum(void) 
  79          {
  80   1        MnBOX_DispBox();
  81   1        MnBOX_DispStr(MnSYS_LANG_ENG, MnBOX_X08, MnBOX_Y01, F_F, "Number");
  82   1        lMnEgn.smth_cnt = MnBOX_CfgNumb(lMnEgn.smth_cnt, MnEGN_SMTH_CNT_MIN, MnEGN_SMTH_CNT_MAX, MnEGN_SMTH_CNT_S
             -TP, 0, F_F, "");
  83   1      }
  84          
  85          void MnEgn_SmthRng(void) 
  86          {
  87   1        MnBOX_DispBox();
  88   1        MnBOX_DispStr(MnSYS_LANG_ENG, MnBOX_X09, MnBOX_Y01, F_F, "Range");
  89   1        MnBOX_DispStr(MnSYS_LANG_ENG, MnBOX_X10, MnBOX_Y02, F_F, "(cm)");
  90   1        lMnEgn.smth_rng = MnBOX_CfgNumb(lMnEgn.smth_rng, MnEGN_SMTH_RNG_MIN, MnEGN_SMTH_RNG_MAX, MnEGN_SMTH_RNG_S
             -TP, 0, F_F, "");
  91   1      }
  92          
  93          void MnEgn_TrhdRng(void) 
  94          {
  95   1        MnBOX_DispBox();
  96   1        MnBOX_DispStr(MnSYS_LANG_ENG, MnBOX_X09, MnBOX_Y01, F_F, "Range");
  97   1        MnBOX_DispStr(MnSYS_LANG_ENG, MnBOX_X10, MnBOX_Y02, F_F, "(cm)");
  98   1        lMnEgn.trhd_rng = MnBOX_CfgNumb(lMnEgn.trhd_rng, MnEGN_TRHD_RNG_MIN, MnEGN_TRHD_RNG_MAX, MnEGN_TRHD_RNG_S
             -TP, 0, F_F, "");
  99   1      }
 100          
C51 COMPILER V9.55   MENU_ENGINEER                                                         04/29/2026 17:23:14 PAGE 3   

 101          void MnEgn_TrhdMin(void) 
 102          {
 103   1        F32 calc;
 104   1        U08 volt;
 105   1        U08 cnt = 0;
 106   1        S16 old = lMnEgn.trhd_min;
 107   1        S16 sel = old;
 108   1      
 109   1        MnBOX_DispBox();
 110   1        MnBOX_DispStr(MnSYS_LANG_ENG, MnBOX_X11, MnBOX_Y01, F_F, "MIN");
 111   1        DpSTR_NumbUpd(MnBOX_Y02, sel, MnEGN_TRHD_MIN_MAX, 0, F_F, "");
 112   1      
 113   1        calc = (sel * MnEGN_TRHD_VOL_MAX) / MnEGN_TRHD_MIN_MAX;
 114   1        volt = calc;
 115   1        DpSTR_NumbUpd(MnBOX_Y03, volt, MnEGN_TRHD_VOL_MAX, 2, 0, "V");
 116   1        BTN_DelayMsec(BTN_WAIT_SET);
 117   1      
 118   1        do
 119   1        {
 120   2          if(!_SBIT_BTN_UP || !_SBIT_BTN_DOWN)
 121   2          {
 122   3            if(++cnt >= 30)
 123   3              cnt = 30;
 124   3      
 125   3            sel = BTN_GetValue_UpDn(sel, MnEGN_TRHD_MIN_MIN, MnEGN_TRHD_MIN_MAX, MnEGN_TRHD_MIN_STP, cnt);
 126   3            DpSTR_NumbUpd(MnBOX_Y02, sel, MnEGN_TRHD_MIN_MAX, 0, 0, "");
 127   3      
 128   3            calc = (sel * MnEGN_TRHD_VOL_MAX) / MnEGN_TRHD_MIN_MAX;
 129   3            volt = calc;
 130   3            DpSTR_NumbUpd(MnBOX_Y03, volt, MnEGN_TRHD_VOL_MAX, 2, 0, "V");
 131   3            BTN_DelayMsec(BTN_WAIT_UD);
 132   3          }
 133   2          else
 134   2            cnt = 0;
 135   2        }
 136   1        while(_SBIT_BTN_SET && _SBIT_BTN_EXIT);
 137   1      
 138   1        if(!_SBIT_BTN_EXIT)
 139   1        {
 140   2          lMnEgn.trhd_min = old;
 141   2          return;
 142   2        }
 143   1      
 144   1        if(sel != old)
 145   1          lMnEgn.trhd_min = sel;
 146   1      }
 147          
 148          
 149          U08 EgnTvg_ResetAll(U16 *tvg_gain)
 150          {
 151   1        U16 gain = 0;
 152   1      
 153   1        DSP_ConfigBox(MnSYS_LANG_ENG, MnBOX_X02, 32+10, "Reset Gain", 0);
 154   1          gain = MnBOX_CfgNumb(gain, 0, 2000, 1, 0, 0, "");
 155   1      
 156   1        if(!BTN_GetStatus(BTN_IDX_SET))
 157   1          return FALSE;
 158   1      
 159   1        *tvg_gain = gain;
 160   1        
 161   1        return TRUE;
 162   1      }
C51 COMPILER V9.55   MENU_ENGINEER                                                         04/29/2026 17:23:14 PAGE 4   

 163          
 164          void EgnTvg_ProcFunc(void) 
 165          {
 166   1        U08 i = 0;
 167   1          U08 cnt = 0;
 168   1        U08 cursor_x = 0;
 169   1        U08 p_str[APP_STR_LENGTH] = {0, };
 170   1        U08 p_st2[APP_STR_LENGTH] = {0, };
 171   1        U08 p_st3[APP_STR_LENGTH] = {0, };
 172   1        U08 p_st4[APP_STR_LENGTH] = {0, };
 173   1        U16 empty = MsANL_GetEmpty();
 174   1        U08 tvg_idx  = 0;
 175   1        U16 tvg_dst  = tvg_idx*20;
 176   1        U16 tvg_gain = lMnEgn.aTvg[tvg_idx];
 177   1          U16 tvg_dst_min = 0;
 178   1          U16 tvg_dst_max = (empty / 20) * 20;
 179   1        U16 tvg_buf[60] = {0, };
 180   1      
 181   1        for(i=0; i<60; i++)
 182   1          tvg_buf[i] = lMnEgn.aTvg[i];
 183   1          
 184   1          gDp_cursor_vert = 0;  
 185   1          gIsr_tm3_cnt = 100;
 186   1      
 187   1          DISP_ClearScr();
 188   1          DpSTR_LineUpd(FT_EN_08x16, 0,   5,   0, "N:");
 189   1          DpSTR_LineUpd(FT_EN_08x16, 0,  92,   0, "D:");
 190   1          DpSTR_LineUpd(FT_EN_08x16, 0, 179,   0, "G:");
 191   1          //DpSTR_LineUpd(FT_EN_08x16, 0,   5,  18, "A:");
 192   1          DpSTR_LineUpd(FT_EN_06x07, 0, 195, 119, "Empty");
 193   1          BTN_DelayMsec(BTN_WAIT_SET);
 194   1        MEAS_CfgSens(4);
 195   1      
 196   1        TMR3_Start1sec(); // 1sec. Timer - Measurement Period
 197   1        
 198   1          do
 199   1          {
 200   2          // Reset Gain
 201   2          if(BTN_GetStatus(BTN_IDX_RIGHT) && BTN_GetStatus(BTN_IDX_LEFT))
 202   2          {
 203   3            if(EgnTvg_ResetAll(&tvg_gain))
 204   3            {
 205   4              for(i=0; i<59; i++)
 206   4                lMnEgn.aTvg[i] = tvg_gain;
 207   4            }
 208   3      
 209   3            BTN_DelayMsec(BTN_WAIT_SET);
 210   3          }
 211   2      
 212   2      
 213   2          if(BTN_GetStatus(BTN_IDX_PROG))
 214   2          {
 215   3            //U08 old=lMnEgn.fTvg_load;
 216   3            
 217   3            DSP_ConfigBox(MnSYS_LANG_ENG,MnBOX_X02, 32+10, "Load Curve", 0);
 218   3            lMnEgn.fTvg_load = MnBOX_CfgNumb(lMnEgn.fTvg_load, 0, 5, 1, 0, 0, "");
 219   3            
 220   3            if(!_SBIT_BTN_SET)
 221   3            {
 222   4              //tvg_gain = MEAS_GetTvg(lMnEgn.fTvg_load, 0);      
 223   4              for(i=0; i<60; i++)
 224   4                lMnEgn.aTvg[i] = MEAS_GetTvg(lMnEgn.fTvg_load, i);
C51 COMPILER V9.55   MENU_ENGINEER                                                         04/29/2026 17:23:14 PAGE 5   

 225   4              
 226   4              tvg_gain = lMnEgn.aTvg[i];
 227   4            }
 228   3            BTN_DelayMsec(BTN_WAIT_SET);
 229   3          }
 230   2          
 231   2          // Adjust Gain
 232   2          if(BTN_GetStatus(BTN_IDX_UP) || BTN_GetStatus(BTN_IDX_DOWN)) 
 233   2          {
 234   3            if((_SBIT_BTN_UP == BTN_STT_PRESS) || (_SBIT_BTN_DOWN == BTN_STT_PRESS))
 235   3            {
 236   4                      if (++cnt >= 30)
 237   4                          cnt = 30;
 238   4            }
 239   3      
 240   3            tvg_gain = lMnEgn.aTvg[tvg_idx];
 241   3            tvg_gain = BTN_GetValue_UpDn(tvg_gain, 0, 2000, 1, cnt);
 242   3      
 243   3            lMnEgn.aTvg[tvg_idx] = tvg_gain;
 244   3      
 245   3            BTN_DelayMsec(BTN_WAIT_UD);
 246   3          }
 247   2              else
 248   2            cnt = 0;
 249   2      
 250   2          // Move index of Tvg Table
 251   2          if(BTN_GetStatus(BTN_IDX_RIGHT) || BTN_GetStatus(BTN_IDX_LEFT)) 
 252   2          {     
 253   3            if(cursor_x > 2) LDT_ClearDot(0+cursor_x-2, 30);
 254   3            if(cursor_x > 1) LDT_ClearDot(0+cursor_x-1, 31);
 255   3            LDT_ClearDot(0+cursor_x+1, 31);
 256   3            LDT_ClearDot(0+cursor_x+2, 30);
 257   3            
 258   3            if(BTN_GetStatus(BTN_IDX_RIGHT))
 259   3            {
 260   4              if(tvg_idx < 59)
 261   4                tvg_idx += 1;
 262   4            }
 263   3            else if(BTN_GetStatus(BTN_IDX_LEFT))
 264   3            {
 265   4              if(tvg_idx > 0)
 266   4                tvg_idx -= 1;
 267   4            }
 268   3            
 269   3            tvg_dst = tvg_idx * 20;
 270   3            
 271   3            if(tvg_dst < tvg_dst_min)
 272   3            {
 273   4              tvg_dst = tvg_dst_min;
 274   4              tvg_idx = tvg_dst_min / 20;
 275   4            }
 276   3            else if(tvg_dst > tvg_dst_max)
 277   3            {
 278   4              tvg_dst = tvg_dst_max;
 279   4              tvg_idx = tvg_dst_max / 20;
 280   4            }
 281   3      
 282   3            tvg_gain = lMnEgn.aTvg[tvg_idx];
 283   3            cursor_x = (220 * (U32)tvg_dst) / (U32)empty;
 284   3            gDp_cursor_vert = cursor_x;
 285   3      
 286   3            BTN_DelayMsec(BTN_WAIT_UD);
C51 COMPILER V9.55   MENU_ENGINEER                                                         04/29/2026 17:23:14 PAGE 6   

 287   3          }
 288   2      
 289   2          // Measure Process
 290   2              if(gIsr_tm3_cnt >= 100)
 291   2              {
 292   3                  gIsr_tm3_cnt = 0;
 293   3            gDp_flg_cs_vert = TRUE;
 294   3      
 295   3            MEAS_PrcEcho();
 296   3      
 297   3            DSP_DrawGraph(0, 30 + 2, 220, 85, gAd_data, 0, empty, 256, DP_IDX_GRAPH_4);
 298   3      
 299   3            APP_Num2Str(tvg_idx,  p_str, 3, 0, FALSE);
 300   3            APP_Num2Str(tvg_dst,  p_st2, 4, 2, FALSE);
 301   3            APP_Num2Str(tvg_gain, p_st3, 4, 0, FALSE);
 302   3            //APP_Num2Str(gAd_data[tvg_dst], p_st4, 3, 0, FALSE);
 303   3            
 304   3            DpSTR_DrawLin(FT_EN_08x16, FALSE,  29,  0, p_str);
 305   3            DpSTR_DrawLin(FT_EN_08x16, FALSE, 116,  0, p_st2);
 306   3            DpSTR_DrawLin(FT_EN_08x16, FALSE, 156,  0, "m");
 307   3            DpSTR_DrawLin(FT_EN_08x16, FALSE, 203,  0, p_st3);
 308   3            //DpSTR_DrawLin(FT_EN_08x16, FALSE,  29, 18, p_st4);
 309   3      
 310   3            LDT_UpdBuff(LCD_Y_START, LCD_Y_END);
 311   3      
 312   3            gDp_flg_cs_vert = FALSE;
 313   3              }
 314   2          }
 315   1        while(_SBIT_BTN_SET != BTN_STT_PRESS && _SBIT_BTN_EXIT != BTN_STT_PRESS);
 316   1      
 317   1          if(_SBIT_BTN_EXIT == BTN_STT_PRESS)
 318   1          {
 319   2          for(i=0; i<60; i++)
 320   2            lMnEgn.aTvg[i] = tvg_buf[i];
 321   2        }
 322   1        if(_SBIT_BTN_SET == BTN_STT_PRESS)  FLS_WriteAll(); 
 323   1        TMR3_Stop1sec();
 324   1      }
 325          
 326          void MnEgn_TvgCst(void)
 327          {
 328   1        MnBOX_DispBox();  
 329   1        MnBOX_DispStr(MnSYS_LANG_ENG, MnBOX_X09, MnBOX_Y01, F_F, "Enable?");
 330   1        
 331   1        BTN_DelayMsec(BTN_WAIT_UD);
 332   1      
 333   1        lMnEgn.fTvg_cst = MnBOX_SelArg4(MnSYS_LANG_ENG, lMnEgn.fTvg_cst, MnBOX_X11, "NO", MnBOX_X10, "YES", 0, ""
             -, 0, "", 2);
 334   1      
 335   1        if(lMnEgn.fTvg_cst && BTN_GetStatus(BTN_IDX_SET))
 336   1          EgnTvg_ProcFunc();
 337   1      }
 338          
 339          
 340          
 341          void MnEgn_TvgIdx(void)
 342          {
 343   1          S16 old = lMnEgn.tvg_num;
 344   1          U08 cnt = 0;
 345   1        U08 pStr[APP_STR_LENGTH] = {0, };
 346   1      
 347   1          SFRPAGE = CONFIG_PAGE;
C51 COMPILER V9.55   MENU_ENGINEER                                                         04/29/2026 17:23:14 PAGE 7   

 348   1      
 349   1          MEAS_CfgSens(4);
 350   1          MEAS_PrcEcho();
 351   1      
 352   1          LDT_ClrBuff(LCD_X_START, LCD_Y_START, LCD_X_END, LCD_Y_END);
 353   1      
 354   1        APP_Num2Str(lMnEgn.tvg_num, pStr, 2, 0, FALSE);
 355   1        DpSTR_DrawLin(FT_EN_08x16, FALSE, 5, 0, "TVG Curve:");
 356   1        DpSTR_LineUpd(FT_EN_08x16, FALSE, 120, 0, "           ");
 357   1        
 358   1        if  (MnEGN_GetFTvgCst())  DpSTR_LineUpd(FT_EN_08x16, FALSE, 120, 0, "Custom");
 359   1        else            DpSTR_LineUpd(FT_EN_08x16, FALSE, 120, 0, pStr);
 360   1      
 361   1          DSP_DrawEchoQ(gAd_data);
 362   1      
 363   1          LDT_UpdBuff(LCD_Y_START, LCD_Y_END);
 364   1          BTN_DelayMsec(BTN_WAIT_SET);
 365   1      
 366   1          TMR3_Start1sec();
 367   1      
 368   1        do
 369   1         {
 370   2           if(!_SBIT_BTN_UP || !_SBIT_BTN_DOWN)
 371   2           {
 372   3             if(++cnt >= 30)
 373   3               cnt = 30;
 374   3             #if 1
 375   3             if(MnEGN_GetFTvgCst())
 376   3               DpSTR_LineUpd(FT_EN_08x16, FALSE, 120, 0, "Custom");
 377   3             else 
 378   3             {
 379   4               lMnEgn.tvg_num = BTN_GetValue_UpDn(lMnEgn.tvg_num, MnEGN_TVG_I00_IDLE, MnEGN_TVG_IDX_MAX-1, 1, 0);
 380   4               APP_Num2Str(lMnEgn.tvg_num, pStr, 2, 0, FALSE);
 381   4               
 382   4               DpSTR_LineUpd(FT_EN_08x16, FALSE, 120, 0, "      ");
 383   4               DpSTR_LineUpd(FT_EN_08x16, FALSE, 120, 0, pStr);
 384   4             }   
 385   3             #else
                     MsrDp_StrCfg(lst, cnt, feet);
                     #endif
 388   3             MEAS_CfgSens(4);
 389   3             MEAS_PrcEcho();
 390   3             DSP_DrawEchoQ(gAd_data);
 391   3             LDT_UpdBuff(LCD_Y_START, LCD_Y_END);
 392   3        
 393   3             BTN_DelayMsec(BTN_WAIT_UD);
 394   3           }
 395   2           else
 396   2             cnt = 0;
 397   2        
 398   2           if(gIsr_tm3_cnt >= 100)  // 100 = 1sec
 399   2           {
 400   3             gIsr_tm3_cnt = 0;
 401   3        
 402   3             MEAS_CfgSens(4);
 403   3             MEAS_PrcEcho();
 404   3        
 405   3             DSP_DrawEchoQ(gAd_data);
 406   3             LDT_UpdBuff(LCD_Y_START, LCD_Y_END);
 407   3           }
 408   2         }
 409   1         while(_SBIT_BTN_SET && _SBIT_BTN_EXIT);
C51 COMPILER V9.55   MENU_ENGINEER                                                         04/29/2026 17:23:14 PAGE 8   

 410   1      
 411   1         if(!_SBIT_BTN_EXIT)  
 412   1         {
 413   2          lMnEgn.tvg_num = old; 
 414   2         }
 415   1      
 416   1         TMR3_Stop1sec();
 417   1      
 418   1      }
 419          
 420          //--------------------------------------------------------------------------------------------------------
             -----------------------
 421          //  Local Funtions - Disp. List
 422          //--------------------------------------------------------------------------------------------------------
             -----------------------
 423          void EgnDp_ListP1(U08* pSel)
 424          {
 425   1        U08 *pStr = "   ";
 426   1        U08 c  = MnEGN_L00_IDLE + 1;
 427   1        U08 ft = FT_EN_08x16;
 428   1                                //   0123456789abcdef0123456789abcde
 429   1        MnLST_DispStr(ft, FALSE,   MnEGN_L00_IDLE+1,    "          ENGINEER             ");
 430   1        MnLST_DispStr(ft, pSel[c++], MnEGN_L01_PROF_NUM+1,  "Profile No.                    ");
 431   1        MnLST_DispStr(ft, pSel[c++], MnEGN_L02_SMTH_NUM+1,  "Smooth Number                  ");
 432   1        MnLST_DispStr(ft, pSel[c++], MnEGN_L03_SMTH_RNG+1,  "Smooth Range                   ");
 433   1        MnLST_DispStr(ft, pSel[c++], MnEGN_L04_TRHD_REF+1,  "Threshold Range                ");
 434   1        MnLST_DispStr(ft, pSel[c++], MnEGN_L05_TRHD_MIN+1,  "Threshold MIN                  ");
 435   1        MnLST_DispStr(ft, pSel[c++], MnEGN_L06_TVG_IDX+1, "TVG Curve                      ");
 436   1        MnLST_DispStr(ft, pSel[c++], MnEGN_L07_TVG_CST+1, "TVG Custom                     ");
 437   1      
 438   1        if  (lMnEgn.fTvg_cst) pStr = "ON";
 439   1        else          pStr = "OFF";
 440   1      
 441   1        DpSTR_DrawLin(FT_EN_08x16, pSel[MnEGN_L07_TVG_CST], 180, MnSTR_Y_HEIGHT*8,pStr);
 442   1      }
 443          
 444          void MnEngDp_List(U08 sel)
 445          {
 446   1        U08 i;
 447   1        U08 page = MNU_PAGE_01;
 448   1        U08 font = FT_EN_08x16;
 449   1        U08 pSel[MnEGN_LST_MAX] = {0, };
 450   1      
 451   1        pSel[sel] = TRUE;
 452   1      
 453   1        if    (sel > (MNU_LIST_NUM*2))    page = MNU_PAGE_03;
 454   1        else if (sel > (MNU_LIST_NUM*1))    page = MNU_PAGE_02;
 455   1        else                  page = MNU_PAGE_01;
 456   1      
 457   1        if    (sel > (MNU_LIST_NUM*2))    pSel[sel-(MNU_LIST_NUM*2)] = TRUE;
 458   1        else if (sel > (MNU_LIST_NUM*1))    pSel[sel-(MNU_LIST_NUM*1)] = TRUE;
 459   1        else                  pSel[sel-(MNU_LIST_NUM*0)] = TRUE;
 460   1      
 461   1        if(page > MNU_PAGE_01)
 462   1          return;
 463   1      
 464   1        EgnDp_ListP1(pSel);
 465   1      
 466   1        for(i=(MnEGN_LST_MAX+1); i<=(MNU_LIST_NUM+1); i++)
 467   1          MnLST_DispClr(i);
 468   1      
 469   1          LDT_UpdBuff(LCD_Y_START,LCD_Y_END);
C51 COMPILER V9.55   MENU_ENGINEER                                                         04/29/2026 17:23:14 PAGE 9   

 470   1        DLY_RunMsec(100);
 471   1      }
 472          
 473          void MnEgnCk_Vari(void)
 474          { 
 475   1        if(lMnEgn.prof_num < MnEGN_PROF_NUM_MIN)    lMnEgn.prof_num = MnEGN_PROF_NUM_DFT;
 476   1        if(lMnEgn.prof_num > MnEGN_PROF_NUM_MAX)    lMnEgn.prof_num = MnEGN_PROF_NUM_DFT;
 477   1        if(lMnEgn.smth_cnt > MnEGN_SMTH_CNT_MAX)    lMnEgn.smth_cnt = MnEGN_SMTH_CNT_DFT;
 478   1        if(lMnEgn.smth_rng < MnEGN_SMTH_RNG_MIN)    lMnEgn.smth_rng = MnEGN_SMTH_RNG_DFT;
 479   1        if(lMnEgn.smth_rng > MnEGN_SMTH_RNG_MAX)    lMnEgn.smth_rng = MnEGN_SMTH_RNG_DFT;
 480   1        if(lMnEgn.trhd_rng > MnEGN_TRHD_RNG_MAX)    lMnEgn.trhd_rng = MnEGN_TRHD_RNG_DFT;
 481   1        if(lMnEgn.trhd_min > MnEGN_TRHD_MIN_MAX)    lMnEgn.trhd_min = MnEGN_TRHD_MIN_DFT;
 482   1        if(lMnEgn.tvg_num  >= MnEGN_TVG_IDX_MAX)    lMnEgn.tvg_num  = MnEGN_TVG_I00_IDLE; 
 483   1        if(lMnEgn.fTvg_cst > TRUE)            lMnEgn.fTvg_cst = FALSE;  
 484   1      
 485   1        // Not Configuration
 486   1        if(lMnEgn.fDz_mode > TRUE)    lMnEgn.fDz_mode = FALSE;
 487   1        if(lMnEgn.fTh_mode > TRUE)    lMnEgn.fTh_mode = FALSE;
 488   1        if(lMnEgn.fTw_mode > TRUE)    lMnEgn.fTw_mode = FALSE;
 489   1        if(lMnEgn.trhd_gab > 255)   lMnEgn.trhd_gab = 22;
 490   1        if(lMnEgn.trhd_low > 240)   lMnEgn.trhd_low = 0;
 491   1        if(lMnEgn.th_st_rg > 90)    lMnEgn.th_st_rg = 0;
 492   1        if(lMnEgn.th_tw_rg > 90)    lMnEgn.th_tw_rg = 15;
 493   1        if(lMnEgn.fTvg_load > 5)    lMnEgn.fTvg_load = 0;
 494   1      }
 495          
 496          //--------------------------------------------------------------------------------------------------------
             -----------------------
 497          //  Global APIs - Access Local Variables
 498          //--------------------------------------------------------------------------------------------------------
             -----------------------
 499          // Get
 500          U08 MnEGN_GetAdcNumb(void)      { return lMnEgn.prof_num;   }
 501          U08 MnEGN_GetSmthCnt(void)      { return lMnEgn.smth_cnt;   }
 502          U08 MnEGN_GetSmthRng(void)      { return lMnEgn.smth_rng;   }
 503          U08 MnEGN_GetTrhdRng(void)      { return lMnEgn.trhd_rng;   }
 504          U08 MnEGN_GetTrhdMin(void)      { return lMnEgn.trhd_min;   }
 505          U08 MnEGN_GetTvgNumb(void)        { return lMnEgn.tvg_num;    }
 506          U16 MnEGN_GetCstTvg(U08 idx)      { return lMnEgn.aTvg[idx];  }
 507          U08 MnEGN_GetFTvgCst(void)        { return lMnEgn.fTvg_cst;   }
 508          // Not Configuration
 509          U08 MnEGN_GetFgDzMod(void)      { return lMnEgn.fDz_mode;   }
 510          U08 MnEGN_GetFgThMod(void)      { return lMnEgn.fTh_mode;   }
 511          U08 MnEGN_GetFgTwMod(void)      { return lMnEgn.fTw_mode;   }
 512          U16 MnEGN_GetTrhdGab(void)      { return lMnEgn.trhd_gab;   }
 513          U08 MnEGN_GetTrhdLow(void)      { return lMnEgn.trhd_low;   }
 514          U08 MnEGN_GetThStRng(void)      { return lMnEgn.th_st_rg;   }
 515          U08 MnEGN_GetThTwRng(void)      { return lMnEgn.th_tw_rg;   }
 516          
 517          
 518          //--------------------------------------------------------------------------------------------------------
             -----------------------
 519          //  Global APIs - Memory Access
 520          //--------------------------------------------------------------------------------------------------------
             -----------------------
 521          void MnEGN_MemLoad(void)
 522          {
 523   1        U08 i=0;
 524   1      
 525   1        lMnEgn.prof_num = FLS_Rd1Byte(F087_EGN_PROF_NUM);
 526   1        lMnEgn.smth_cnt = FLS_Rd1Byte(F080_EGN_SMTH_CNT);
 527   1        lMnEgn.smth_rng = FLS_Rd1Byte(F081_EGN_SMTH_RNG);
C51 COMPILER V9.55   MENU_ENGINEER                                                         04/29/2026 17:23:14 PAGE 10  

 528   1        lMnEgn.trhd_rng = FLS_Rd1Byte(F085_EGN_TRHD_RNG);
 529   1        lMnEgn.trhd_min = FLS_Rd1Byte(F092_EGN_TRHD_MIN);
 530   1        lMnEgn.fTvg_cst = FLS_Rd1Byte(F130_EGN_TVG_CST);
 531   1        lMnEgn.tvg_num  = FLS_Rd1Byte(F043_EGN_TVG_NUM);
 532   1        
 533   1        for(i=0; i<59; i++)
 534   1           lMnEgn.aTvg[i] = FLS_Rd2Byte(F131_EGN_TVG_CST_START+(i*2));
 535   1      
 536   1        // Not Configuration
 537   1        lMnEgn.fDz_mode = FLS_Rd1Byte(F079_EGN_F_DZ_MODE);
 538   1        lMnEgn.fTh_mode = FLS_Rd1Byte(F083_EGN_F_TH_MODE);
 539   1        lMnEgn.fTw_mode = FLS_Rd1Byte(F088_EGN_F_TW_MODE);
 540   1        lMnEgn.trhd_gab = FLS_Rd2Byte(F077_EGN_TH_GAB_L);
 541   1        lMnEgn.trhd_low = FLS_Rd1Byte(F090_EGN_TRHD_LOW);
 542   1        lMnEgn.th_st_rg = FLS_Rd1Byte(F084_EGN_TH_ST_RNG);
 543   1        lMnEgn.th_tw_rg = FLS_Rd1Byte(F086_EGN_TH_TW_RNG);
 544   1      }
 545          
 546          void MnEGN_MemSave(void)
 547          {
 548   1        U08 i = 0;
 549   1      
 550   1        FLS_Wr1Byte(F087_EGN_PROF_NUM, lMnEgn.prof_num);
 551   1        FLS_Wr1Byte(F080_EGN_SMTH_CNT, lMnEgn.smth_cnt);
 552   1        FLS_Wr1Byte(F081_EGN_SMTH_RNG, lMnEgn.smth_rng);
 553   1        FLS_Wr1Byte(F085_EGN_TRHD_RNG, lMnEgn.trhd_rng);
 554   1        FLS_Wr1Byte(F092_EGN_TRHD_MIN, lMnEgn.trhd_min);
 555   1        FLS_Wr1Byte(F130_EGN_TVG_CST,  lMnEgn.fTvg_cst);
 556   1        FLS_Wr1Byte(F043_EGN_TVG_NUM,  lMnEgn.tvg_num);
 557   1        
 558   1        for(i=0; i<59; i++)
 559   1          FLS_Wr2Byte(F131_EGN_TVG_CST_START+(i*2), lMnEgn.aTvg[i]);  //  gFl.trhd_mode
 560   1      
 561   1        // Not Configuration
 562   1        FLS_Wr1Byte(F079_EGN_F_DZ_MODE, lMnEgn.fDz_mode);
 563   1        FLS_Wr1Byte(F083_EGN_F_TH_MODE, lMnEgn.fTh_mode);
 564   1        FLS_Wr1Byte(F088_EGN_F_TW_MODE, lMnEgn.fTw_mode);
 565   1        FLS_Wr2Byte(F077_EGN_TH_GAB_L,  lMnEgn.trhd_gab);
 566   1        FLS_Wr1Byte(F084_EGN_TH_ST_RNG, lMnEgn.th_st_rg);
 567   1        FLS_Wr1Byte(F086_EGN_TH_TW_RNG, lMnEgn.th_tw_rg);
 568   1        FLS_Wr1Byte(F090_EGN_TRHD_LOW,  lMnEgn.trhd_low);
 569   1      }
 570          
 571          void MnEGN_MemFtry(void)
 572          {
 573   1        U08 i=0;
 574   1      
 575   1        FLS_Wr1Byte(F087_EGN_PROF_NUM, MnEGN_PROF_NUM_DFT);
 576   1        FLS_Wr1Byte(F080_EGN_SMTH_CNT, MnEGN_SMTH_CNT_DFT);
 577   1        FLS_Wr1Byte(F081_EGN_SMTH_RNG, MnEGN_SMTH_RNG_DFT);
 578   1        FLS_Wr1Byte(F085_EGN_TRHD_RNG, MnEGN_TRHD_RNG_DFT);
 579   1        FLS_Wr1Byte(F092_EGN_TRHD_MIN, MnEGN_TRHD_MIN_DFT);
 580   1        FLS_Wr1Byte(F130_EGN_TVG_CST,  FALSE);
 581   1        FLS_Wr1Byte(F043_EGN_TVG_NUM,  MnEGN_TVG_I00_IDLE);
 582   1        for(i=0; i<59; i++)
 583   1          FLS_Wr2Byte(F131_EGN_TVG_CST_START+(i*2), lMnEgn_aTvg_idle[i]); //  gFl.trhd_mode
 584   1        // Not Configuration
 585   1        FLS_Wr1Byte(F079_EGN_F_DZ_MODE, FALSE);
 586   1        FLS_Wr1Byte(F083_EGN_F_TH_MODE, FALSE);
 587   1        FLS_Wr1Byte(F088_EGN_F_TW_MODE, FALSE);
 588   1        FLS_Wr2Byte(F077_EGN_TH_GAB_L,  22);
 589   1        FLS_Wr1Byte(F084_EGN_TH_ST_RNG, 0);
C51 COMPILER V9.55   MENU_ENGINEER                                                         04/29/2026 17:23:14 PAGE 11  

 590   1        FLS_Wr1Byte(F086_EGN_TH_TW_RNG, 15);
 591   1        FLS_Wr1Byte(F090_EGN_TRHD_LOW,  0);
 592   1      }
 593          
 594          
 595          //--------------------------------------------------------------------------------------------------------
             -----------------------
 596          //  Global APIs - Public
 597          //--------------------------------------------------------------------------------------------------------
             -----------------------
 598          void MnEGN_InitVari(void)
 599          {
 600   1        MnEGN_MemLoad();
 601   1        MnEgnCk_Vari();
 602   1      
 603   1        lMnEgn.fTvg_load = 0;
 604   1      }
 605          
 606          void MnEGN_ProcMain(void)
 607          {
 608   1        U32 cnt = 0;
 609   1        U08 fDp = FALSE;
 610   1        U08 sel = MnEGN_L00_IDLE + 1;
 611   1      
 612   1        MnEngDp_List(sel);
 613   1      
 614   1        do
 615   1        {
 616   2              if(!_SBIT_BTN_DOWN)
 617   2              {
 618   3                if(sel < MnEGN_LST_MAX-1)   sel++;
 619   3                else                            sel = MnEGN_L00_IDLE+1;
 620   3            fDp = TRUE;
 621   3              }
 622   2      
 623   2              if(!_SBIT_BTN_UP)
 624   2              {
 625   3                if(sel > MnEGN_L00_IDLE+1)    sel--;
 626   3                else                            sel = MnEGN_LST_MAX-1;
 627   3            fDp = TRUE;
 628   3              }
 629   2          
 630   2          if(!_SBIT_BTN_RIGHT && !_SBIT_BTN_LEFT)
 631   2          {
 632   3            if(++cnt > 800000)
 633   3            {
 634   4              MnTST_ProcMain();
 635   4              cnt = 0;
 636   4              fDp = TRUE;
 637   4            }
 638   3          }
 639   2          else
 640   2            cnt = 0;
 641   2      
 642   2            if(!_SBIT_BTN_SET)
 643   2            {
 644   3            switch(sel) 
 645   3            { // Page 1
 646   4              case MnEGN_L01_PROF_NUM:  MnEgn_ProfNum();        break;
 647   4              case MnEGN_L02_SMTH_NUM:  MnEgn_SmthNum();      break;
 648   4              case MnEGN_L03_SMTH_RNG:  MnEgn_SmthRng();      break;
 649   4              case MnEGN_L04_TRHD_REF:  MnEgn_TrhdRng();      break;
C51 COMPILER V9.55   MENU_ENGINEER                                                         04/29/2026 17:23:14 PAGE 12  

 650   4              case MnEGN_L05_TRHD_MIN:  MnEgn_TrhdMin();        break;
 651   4              case MnEGN_L06_TVG_IDX:   MnEgn_TvgIdx();     break;
 652   4              case MnEGN_L07_TVG_CST:   MnEgn_TvgCst();     break;
 653   4              // Page 2
 654   4            }
 655   3            fDp = TRUE;
 656   3            }
 657   2      
 658   2          if(fDp)
 659   2          {
 660   3            MnEngDp_List(sel);
 661   3            fDp = FALSE;
 662   3          }
 663   2        }
 664   1        while(_SBIT_BTN_EXIT);
 665   1      }
 666          
 667          //--------------------------------------------------------------------------------------------------------
             -----------------------
 668          //  EOF
 669          //--------------------------------------------------------------------------------------------------------
             -----------------------
 670          


MODULE INFORMATION:   STATIC OVERLAYABLE
   CODE SIZE        =   5202    ----
   CONSTANT SIZE    =    589    ----
   XDATA SIZE       =    256     261
   PDATA SIZE       =   ----    ----
   DATA SIZE        =   ----    ----
   IDATA SIZE       =   ----    ----
   BIT SIZE         =   ----    ----
END OF MODULE INFORMATION.


C51 COMPILATION COMPLETE.  0 WARNING(S),  0 ERROR(S)
