C51 COMPILER V9.55   MENU_SYSTEM                                                           04/29/2026 17:23:30 PAGE 1   


C51 COMPILER V9.55, COMPILATION OF MODULE MENU_SYSTEM
OBJECT MODULE PLACED IN .\Objects\menu_system.obj
COMPILER INVOKED BY: C:\Keil_v5\C51\BIN\C51.EXE _Wess\menu\menu_system.c LARGE OPTIMIZE(8,SPEED) INCDIR(.\_src\b0_comm;.
                    -\_Wess\_compiler;.\_Wess\app;.\_Wess\bsp;.\_Wess\menu;.\_Wess\disp;.\_Wess\measure;.\_Wess\font;.\_Wess\screen) PRINT(.\
                    -Listings\menu_system.lst) TABS(2) OBJECT(.\Objects\menu_system.obj)

line level    source

   1          //--------------------------------------------------------------------------------------------------------
             -----------------------
   2          //  Copyright (C) 2021, WESS-Global Inc., All Rights Reserved.
   3          //
   4          //  The information contained herein is confidential property of WESS-Global Inc. The use, copying, transf
             -er or disclosure of
   5          //  such information is prohibited except by express written agreement with WESS-Global Co.,LTD
   6          //
   7          //  $ Date: 2020-07-13 12:00:00 +0900 $
   8          //--------------------------------------------------------------------------------------------------------
             -----------------------
   9          
  10          
  11          //--------------------------------------------------------------------------------------------------------
             -----------------------
  12          //  Includes
  13          //--------------------------------------------------------------------------------------------------------
             -----------------------
  14          // chipset
  15          #include "compiler_defs.h"
  16          #include "C8051F120_defs.h"
  17          // sys
  18          #include "sys_def.h"
  19          // self
  20          #include "menu_system.h"
  21          // bsp
  22          #include "bsp_main.h"
  23          #include "flash_main.h"
  24          #include "gpio_main.h"
  25          #include "rtc_ds1302.h"
  26          #include "lcd_main.h"
  27          #include "lcd_data.h"
  28          #include "btn_main.h"
  29          #include "prtc_main.h"
  30          #include "rf_main.h"
  31          #include "uart_main.h"
  32          // app
  33          #include "dly_main.h"
  34          #include "app_main.h"
  35          #include "measure_main.h"
  36          #include "data_main.h"
  37          // disp
  38          #include "disp_main.h"
  39          #include "disp_menu.h"
  40          #include "disp_string.h"
  41          // menu
  42          #include "menu_main.h"
  43          #include "menu_box.h"
  44          #include "menu_engineer.h"
  45          #include "menu_data.h"
  46          #include "menu_quick.h"
  47          // font
  48          #include "font_def.h"
C51 COMPILER V9.55   MENU_SYSTEM                                                           04/29/2026 17:23:30 PAGE 2   

  49          #include "font_idx_kor.h"
  50          
  51          
  52          //--------------------------------------------------------------------------------------------------------
             -----------------------
  53          //  Global variables
  54          //--------------------------------------------------------------------------------------------------------
             -----------------------
  55          
  56          
  57          //--------------------------------------------------------------------------------------------------------
             -----------------------
  58          //  Local variables
  59          //--------------------------------------------------------------------------------------------------------
             -----------------------
  60          LS_MnSYS lMnSys;
  61          
  62          
  63          //--------------------------------------------------------------------------------------------------------
             -----------------------
  64          //  Local Funtions - Item
  65          //--------------------------------------------------------------------------------------------------------
             -----------------------
  66          void MnSys_Password(void)
  67          {
  68   1        U16 old = lMnSys.pass;
  69   1        U16 sel = old;
  70   1      
  71   1        MnBOX_DispBox();
  72   1      
  73   1      
  74   1        switch(MnSYS_GetLang())
  75   1        {
  76   2          case MnSYS_LANG_LOC:
  77   2          #if defined (_FT_LANG_KR)     
                    MnBOX_DispStr(MnSYS_LANG_LOC, MnBOX_X05, MnBOX_Y01, F_F, _F_STR(44, 35, 38, 105, 0, 0, 0,0,0,0,0,0,0,0,
             -0));
                    sel = MnBOX_CfgNumb(old, 0, 9999, 1, 0, 1, "");
                    break;
              
                  #elif defined (_FT_LANG_CN)
                    MnBOX_DispStr(MnSYS_LANG_LOC, MnBOX_X09, MnBOX_Y01, F_F, _F_STR(29, 71, 0, 0, 0,  0, 0,0,0,0,0,0,0,0,0))
             -;
                    sel = MnBOX_CfgNumb(old, 0, 9999, 1, 0, 1, "");
                    break;
              
                  #elif defined (_FT_LANG_JP)
  88   2            MnBOX_DispStr(MnSYS_LANG_LOC, MnBOX_X05, MnBOX_Y01, F_F, _F_STR(26, 15, 40, 42, 23, 0, 0,0,0,0,0,0,0,0,
             -0));
  89   2            sel = MnBOX_CfgNumb(old, 0, 9999, 1, 0, 1, "");
  90   2          #endif
  91   2            break;
  92   2          case MnSYS_LANG_ENG:
  93   2          default:
  94   2            MnBOX_DispStr(MnSYS_LANG_ENG, MnBOX_X07, MnBOX_Y01, F_F, "New Code");
  95   2            sel = MnBOX_CfgNumb(old, 0, 9999, 1, 0, 1, "");
  96   2            break;
  97   2        }
  98   1      
  99   1        if(sel != old)
 100   1          lMnSys.pass = sel;
 101   1      }
C51 COMPILER V9.55   MENU_SYSTEM                                                           04/29/2026 17:23:30 PAGE 3   

 102          
 103          void MnSys_Time(void)
 104          {
 105   1        int i;
 106   1        U08 p_str[APP_STR_LENGTH] = {0, };
 107   1        U08 p_st2[APP_STR_LENGTH] = {0, };
 108   1        U08 p_st3[APP_STR_LENGTH] = {0, };
 109   1      
 110   1        MnBOX_DispBox();
 111   1        MnBOX_DispStr(MnSYS_LANG_ENG, MnBOX_X10, MnBOX_Y01, F_F, "Year");
 112   1        DpSTR_LineUpd(FT_EN_08x16, 0, 139, 64, "20  ");
 113   1        APP_Num2Str(gRt.yy, p_str, 2, 0, TRUE);
 114   1        DpSTR_LineUpd(FT_EN_08x16, FALSE, 157, 64, p_str);
 115   1        BTN_DelayMsec(BTN_WAIT_SET);
 116   1        gRt.yy = RTC_AdjTime(gRt.yy, 157, 64, RTC_SET_IDX_YY);
 117   1      
 118   1          // Date
 119   1        MnBOX_DispStr(MnSYS_LANG_ENG, MnBOX_X10, MnBOX_Y01, F_F, "Date");
 120   1        DpSTR_LineUpd(FT_EN_08x16, 0, 136, 64, "  /  ");
 121   1      
 122   1          // Month
 123   1        APP_Num2Str(gRt.mm,   p_st2, 2, 0, TRUE);
 124   1        APP_Num2Str(gRt.date, p_st3, 2, 0, TRUE);
 125   1      
 126   1        DpSTR_LineUpd(FT_EN_08x16, FALSE, 137, 64, p_st2);
 127   1        DpSTR_LineUpd(FT_EN_08x16, FALSE, 163, 64, p_st3);
 128   1      
 129   1        for(i=0; i<APP_STR_LENGTH; i++)
 130   1        {
 131   2          p_str[i] = 0;
 132   2          p_st2[i] = 0;
 133   2          p_st3[i] = 0;
 134   2        }
 135   1        BTN_DelayMsec(BTN_WAIT_SET);
 136   1        gRt.mm = RTC_AdjTime(gRt.mm, 136, 64, RTC_SET_IDX_MM);
 137   1        BTN_DelayMsec(BTN_WAIT_SET);
 138   1      
 139   1          // Date
 140   1        gRt.date = RTC_AdjTime(gRt.date, 163, 64, 3);
 141   1      
 142   1          // Time
 143   1        MnBOX_DispStr(MnSYS_LANG_ENG, MnBOX_X10, MnBOX_Y01, F_F, "Time");
 144   1      
 145   1          // HH:MM
 146   1        DpSTR_LineUpd(FT_EN_08x16, 0, 136, 64, "  :  ");
 147   1        APP_Num2Str(gRt.hour, p_st2, 2, 0, TRUE);
 148   1        APP_Num2Str(gRt.min,  p_st3, 2, 0, TRUE);
 149   1      
 150   1        DpSTR_LineUpd(FT_EN_08x16, FALSE, 136, 64, p_st2);
 151   1        DpSTR_LineUpd(FT_EN_08x16, FALSE, 163, 64, p_st3);
 152   1      
 153   1        BTN_DelayMsec(BTN_WAIT_SET);
 154   1        gRt.hour = RTC_AdjTime(gRt.hour, 136, 64, 4);
 155   1      
 156   1        BTN_DelayMsec(BTN_WAIT_SET);
 157   1        gRt.min  = RTC_AdjTime(gRt.min, 163, 64, 5);
 158   1      
 159   1        RTC_SetTime(gRt.min, gRt.hour, gRt.date, gRt.mm, gRt.dd, gRt.yy);
 160   1      
 161   1        if(MnDAT_GetFgSave()) 
 162   1        {
 163   2              RTC_GetTime();
C51 COMPILER V9.55   MENU_SYSTEM                                                           04/29/2026 17:23:30 PAGE 4   

 164   2          gLg_min = gRt.min;
 165   2          gLg_hour = gRt.hour;
 166   2        }
 167   1      }
 168          
 169          void MnSys_Language(void)
 170          {
 171   1        S16 old = lMnSys.lang;
 172   1        U08 sel = old;
 173   1      
 174   1        MnBOX_DispBox();
 175   1      
 176   1      #if 1
 177   1        switch(MnSYS_GetLang())
 178   1        {
 179   2          case MnSYS_LANG_LOC:
 180   2        #if defined (_FT_LANG_KR)     
                    MnBOX_DispStr(MnSYS_LANG_LOC, MnBOX_X05, MnBOX_Y01, F_F, _F_STR(62, 61, 49, 95, 0,  0, 0,0,0,0,0,0,0,0,0
             -));
                    break;
              
                #elif defined (_FT_LANG_CN)
                    MnBOX_DispStr(MnSYS_LANG_LOC, MnBOX_X05, MnBOX_Y01, F_F, _F_STR(46, 5, 93, 88, 0, 0, 0,0,0,0,0,0,0,0,0)
             -);
                    break;
              
                #elif defined (_FT_LANG_JP)
 189   2            MnBOX_DispStr(MnSYS_LANG_LOC, MnBOX_X05, MnBOX_Y01, F_F, _F_STR(80, 83, 82, 61, 0,  0, 0,0,0,0,0,0,0,0,0
             -));
 190   2        #endif
 191   2            break;
 192   2          case MnSYS_LANG_ENG:
 193   2          default:
 194   2            MnBOX_DispStr(MnSYS_LANG_ENG, MnBOX_X06, MnBOX_Y01, F_F, "Language");
 195   2            break;
 196   2        }
 197   1      
 198   1        if(lMnSys.lang == MnSYS_LANG_LOC)
 199   1        {
 200   2          switch(lMnSys.loc)
 201   2          {
 202   3            case MnSYS_LOC_CHN:   MnBOX_DispStr(MnSYS_LANG_ENG, MnBOX_X11, MnBOX_Y03, F_F, "CHN");    break;
 203   3            case MnSYS_LOC_JPN:   MnBOX_DispStr(MnSYS_LANG_ENG, MnBOX_X11, MnBOX_Y03, F_F, "JPN");    break;
 204   3            case MnSYS_LOC_KOR:
 205   3            default:        MnBOX_DispStr(MnSYS_LANG_ENG, MnBOX_X11, MnBOX_Y03, F_F, "KOR");    break;
 206   3          }
 207   2        }
 208   1        else
 209   1        {
 210   2          MnBOX_DispStr(MnSYS_LANG_ENG, MnBOX_X11, MnBOX_Y03, F_F, "ENG");
 211   2        }
 212   1      
 213   1      #else
                if(lMnSys.lang == MnSYS_LANG_CHN)
                  {
                  FNT_SetStr(46, 5, 93, 88, 0, 0, 0, 0, 0, 0, 0, 0, 0, 0, 0);
                  MnBOX_DispStr(MnSYS_LANG_CHN, MnBOX_X06, 32, gFt_str, 0);
                }
                  else
                  MnBOX_DispStr(MnSYS_LANG_ENG, MnBOX_X06, 32, "Language", 0);
              
                if(lMnSys.lang == MnSYS_LANG_CHN)
C51 COMPILER V9.55   MENU_SYSTEM                                                           04/29/2026 17:23:30 PAGE 5   

                  {
                  switch(sel)
                      {
                      case MnSYS_LANG_ENG:    FNT_SetStr(84,    93,   0,0,0,0,0,0,0,0,0,0,0,0,0);   break;
                      case MnSYS_LANG_KOR:    FNT_SetStr(116,   93,   0,0,0,0,0,0,0,0,0,0,0,0,0);   break;
                      case MnSYS_LANG_JPN:    FNT_SetStr(50,    93,   0,0,0,0,0,0,0,0,0,0,0,0,0);   break;
                      case MnSYS_LANG_CHN:    FNT_SetStr(62,    93,   0,0,0,0,0,0,0,0,0,0,0,0,0);   break;
                  }
              
                  MnBOX_DispStr(MnSYS_LANG_CHN, MnBOX_X10, 64, gFt_str, 0);
                }
                  else
                {
                  switch(sel)
                      {
                      case MnSYS_LANG_ENG:    MnBOX_DispStr(MnSYS_LANG_ENG, MnBOX_X05, 64, " English ", 0); break;
                      case MnSYS_LANG_KOR:    MnBOX_DispStr(MnSYS_LANG_ENG, MnBOX_X06, 64, " Korean ", 0);  break;
                      case MnSYS_LANG_JPN:    MnBOX_DispStr(MnSYS_LANG_ENG, MnBOX_X06, 64, "Japanese", 0);  break;
                      case MnSYS_LANG_CHN:    FNT_SetStr(62,    93,   0,0,0,0,0,0,0,0,0,0,0,0,0);
                                                MnBOX_DispStr(MnSYS_LANG_CHN, MnBOX_X10, 64, gFt_str, 0); break;
                  }
                }
              #endif
 246   1        BTN_DelayMsec(BTN_WAIT_SET);
 247   1      
 248   1        do
 249   1          {
 250   2          if(!_SBIT_BTN_UP || !_SBIT_BTN_DOWN) 
 251   2          {
 252   3      #if 1
 253   3            if(sel == MnSYS_LANG_ENG) sel = MnSYS_LANG_LOC;
 254   3            else            sel = MnSYS_LANG_ENG;
 255   3      
 256   3            if(sel == MnSYS_LANG_LOC)
 257   3            {
 258   4              switch(lMnSys.loc)
 259   4              {
 260   5                case MnSYS_LOC_CHN:   MnBOX_DispStr(MnSYS_LANG_ENG, MnBOX_X11, MnBOX_Y03, F_F, "CHN");    break;
 261   5                case MnSYS_LOC_JPN:   MnBOX_DispStr(MnSYS_LANG_ENG, MnBOX_X11, MnBOX_Y03, F_F, "JPN");    break;
 262   5                case MnSYS_LOC_KOR:
 263   5                default:        MnBOX_DispStr(MnSYS_LANG_ENG, MnBOX_X11, MnBOX_Y03, F_F, "KOR");    break;
 264   5              }
 265   4            }
 266   3            else
 267   3            {
 268   4              MnBOX_DispStr(MnSYS_LANG_ENG, MnBOX_X11, MnBOX_Y03, F_F, "ENG");
 269   4            }
 270   3      #else
              #if defined (_FT_LANG_CN)
                    if(sel == MnSYS_LANG_JPN)
                              sel = MnSYS_LANG_CHN;
              
                    if(_SBIT_BTN_DOWN == BTN_STT_PRESS)
                    {
                      if     (sel == MnSYS_LANG_ENG)      sel = MnSYS_LANG_CHN;
                      else if(sel == MnSYS_LANG_CHN)      sel = MnSYS_LANG_KOR;
                      else                            sel--;
                    }
                    else if(_SBIT_BTN_UP == BTN_STT_PRESS)
                    {
                      if     (sel == MnSYS_LANG_CHN)      sel = MnSYS_LANG_ENG;
                      else if(sel == MnSYS_LANG_KOR)      sel = MnSYS_LANG_CHN;
C51 COMPILER V9.55   MENU_SYSTEM                                                           04/29/2026 17:23:30 PAGE 6   

                      else                              sel++;
                    }
              #else
                    if(sel == MnSYS_LANG_CHN)
                              sel = MnSYS_LANG_JPN;
              
                    if(_SBIT_BTN_DOWN == BTN_STT_PRESS)
                    {
                      if(sel == MnSYS_LANG_ENG)   sel = MnSYS_LANG_JPN;
                      else                      sel--;
                    }
                    else if(_SBIT_BTN_UP == BTN_STT_PRESS)
                    {
                      if(sel == MnSYS_LANG_JPN)   sel = MnSYS_LANG_ENG;
                      else                      sel++;
                    }
              #endif
                    if(lMnSys.lang == MnSYS_LANG_CHN)
                          {
                      switch(sel)
                              {
                          case MnSYS_LANG_ENG:  FNT_SetStr(84, 93, 0, 0, 0, 0, 0, 0, 0, 0, 0, 0, 0, 0, 0);    break;
                          case MnSYS_LANG_KOR:  FNT_SetStr(116,93, 0, 0, 0, 0, 0, 0, 0, 0, 0, 0, 0, 0, 0);    break;
                          case MnSYS_LANG_JPN:  FNT_SetStr(50, 93, 0, 0, 0, 0, 0, 0, 0, 0, 0, 0, 0, 0, 0);    break;
                          case MnSYS_LANG_CHN:  FNT_SetStr(62, 93, 0, 0, 0, 0, 0, 0, 0, 0, 0, 0, 0, 0, 0);    break;
                      }
                      MnBOX_DispStr(MnSYS_LANG_CHN, MnBOX_X10, 64, gFt_str, 0);
                    }
                          else
                    {
                      switch(sel)
                                  {
                                  case MnSYS_LANG_ENG:    MnBOX_DispStr(MnSYS_LANG_ENG, MnBOX_X05, 64, " English ", 0); 
             -   break;
                          case MnSYS_LANG_KOR:  MnBOX_DispStr(MnSYS_LANG_ENG, MnBOX_X06, 64, " Korean ", 0);     break;
                          case MnSYS_LANG_JPN:    MnBOX_DispStr(MnSYS_LANG_ENG, MnBOX_X06, 64, "Japanese", 0);     break;
                          case MnSYS_LANG_CHN:    _F_SS(62, 93, 0, 0, 0, 0, 0, 0, 0, 0, 0, 0, 0, 0, 0);
                                                        MnBOX_DispStr(MnSYS_LANG_CHN, MnBOX_X10, 64, gFt_str, 0);   break
             -;
                      }
                    }
              #endif
 325   3            BTN_DelayMsec(BTN_WAIT_UD);
 326   3          }
 327   2        }
 328   1        while(_SBIT_BTN_SET && _SBIT_BTN_EXIT);
 329   1      
 330   1        if     (!_SBIT_BTN_EXIT)  lMnSys.lang = old;
 331   1          else if(!_SBIT_BTN_SET)   lMnSys.lang = sel;
 332   1      }
 333          
 334          void MnSys_Version(void)
 335          {
 336   1        return;
 337   1      }
 338          
 339          
 340          //--------------------------------------------------------------------------------------------------------
             -----------------------
 341          //  Local Funtions - Disp. List
 342          //--------------------------------------------------------------------------------------------------------
             -----------------------
C51 COMPILER V9.55   MENU_SYSTEM                                                           04/29/2026 17:23:30 PAGE 7   

 343          #if 1
 344          void SysDp_ListP1(U08* pSel)
 345          {
 346   1        U08 c = MnDAT_L00_IDLE + 1;
 347   1        U08 ft_eng = FT_EN_08x16;
 348   1        U08 ft_loc = FT_LC_16x16;
 349   1      
 350   1        switch(MnSYS_GetLang())
 351   1        {
 352   2          case MnSYS_LANG_LOC:
 353   2            #if defined (_FT_LANG_KR)     
                    MnLST_DispClr(1);
                    DpSTR_DrawLin(ft_loc, FALSE, MnSYS_X0_TITLE_KO, MnSTR_Y_HEIGHT*0, _F_STR(FKR_SI_, FKR_SEU, FKR_TEM, 1,1
             -,1,1,1,1,1,1,1,1,1,1));
                    
                    MnLST_DispStr(ft_loc, pSel[c++], MnSYS_L01_PASSCODE+1, _F_STR(FKR_BI_,   FKR_MIL,  FKR_BEON, FKR_HO_, 1,
             -1,1,1,1,1,1,1,1,1,1));
                    MnLST_DispStr(ft_loc, pSel[c++], MnSYS_L02_LANG+1,     _F_STR(FKR_EON,   FKR_EO_,  FKR_SEON, FKR_TAEG,1,1
             -,1,1,1,1,1,1,1,1,1));
                    MnLST_DispStr(ft_loc, pSel[c++], MnSYS_L03_TIME+1,     _F_STR(FKR_HYEON, FKR_JAE,  FKR_SI_,  FKR_GAN, 1,
             -1,1,1,1,1,1,1,1,1,1));
                    MnLST_DispStr(ft_loc, pSel[c++], MnSYS_L04_VERSION+1,  _F_STR(FKR_BEO,   FKR_JEON, 1,    1,     1,1,1,1,1,
             -1,1,1,1,1,1));
                    #elif defined (_FT_LANG_CN)
                    MnLST_DispClr(1);
                                              //  0123456789abcdef0123456789abcde
                    DpSTR_DrawLin(ft_loc, FALSE, MnSYS_X0_TITLE_KO, MnSTR_Y_HEIGHT*0, _F_STR(79, 80, 91, 82,1,1,1,1,1,1,1,1
             -,1,1,1));
                    MnLST_DispStr(ft_loc, pSel[c++], MnSYS_L01_PASSCODE+1, _F_STR(29,  71,  1,  1,1,1,1,1,1,1,1,1,1,1,1));
                    MnLST_DispStr(ft_loc, pSel[c++], MnSYS_L02_LANG+1,     _F_STR(46,   5, 93, 88,1,1,1,1,1,1,1,1,1,1,1));
                    MnLST_DispStr(ft_loc, pSel[c++], MnSYS_L03_TIME+1,     _F_STR(173, 110, 1, 1,1,1,1,1,1,1,1,1,1,1,1));
                    MnLST_DispStr(ft_loc, pSel[c++], MnSYS_L04_VERSION+1,  _F_STR(98, 3, 68, 57,1,1,1,1,1,1,1,1,1,1,1));      
                    #elif defined (_FT_LANG_JP)
 370   2            MnLST_DispClr(1);
 371   2                                      //  0123456789abcdef0123456789abcde
 372   2            DpSTR_DrawLin(ft_loc, FALSE, MnSYS_X0_TITLE_KO, MnSTR_Y_HEIGHT*0, _F_STR(13, 15, 20, 31,1,1,1,1,1,1,1,1
             -,1,1,1));
 373   2            MnLST_DispStr(ft_loc, pSel[c++], MnSYS_L01_PASSCODE+1, _F_STR(26, 15, 40, 42, 23, 1, 1,1,1,1,1,1,1,1,1)
             -);
 374   2            MnLST_DispStr(ft_loc, pSel[c++], MnSYS_L02_LANG+1,     _F_STR(80, 83, 82, 61, 1,  1, 1,1,1,1,1,1,1,1,1));
 375   2            MnLST_DispStr(ft_loc, pSel[c++], MnSYS_L03_TIME+1,     _F_STR(75, 59, 68, 50, 1,  1, 1,1,1,1,1,1,1,1,1));
 376   2            MnLST_DispStr(ft_loc, pSel[c++], MnSYS_L04_VERSION+1,  _F_STR(25, 42, 14,  34,  41, 1, 1,1,1,1,1,1,1,1,
             -1));
 377   2            #endif
 378   2            break;
 379   2          case MnSYS_LANG_ENG:
 380   2          default:
 381   2                                      //  0123456789abcdef0123456789abcde
 382   2            MnLST_DispStr(ft_eng, FALSE,   MnSYS_L00_IDLE+1,     "           SYSTEM              ");
 383   2            MnLST_DispStr(ft_eng, pSel[c++], MnSYS_L01_PASSCODE+1, "Passcode                       ");
 384   2            MnLST_DispStr(ft_eng, pSel[c++], MnSYS_L02_LANG+1,     "Language                       ");
 385   2            MnLST_DispStr(ft_eng, pSel[c++], MnSYS_L03_TIME+1,     "Time                           ");
 386   2            MnLST_DispStr(ft_eng, pSel[c++], MnSYS_L04_VERSION+1,  "Version                        ");
 387   2            break;
 388   2        }
 389   1      
 390   1        DpSTR_DrawLin(ft_eng, pSel[MnSYS_L04_VERSION], 160, MnSTR_Y_HEIGHT*MnSYS_L04_VERSION, _FW_VERSION);
 391   1      }
 392          #else
              void SysDp_ListEngP1(U08* pSel)
              {
                U08 c  = MnSYS_L00_IDLE + 1;
C51 COMPILER V9.55   MENU_SYSTEM                                                           04/29/2026 17:23:30 PAGE 8   

                U08 ft = FT_EN_08x16;
                                        //   0123456789abcdef0123456789abcde
                MnLST_DispStr(ft, FALSE,     MnSYS_L00_IDLE+1,    "          SYSTEM               ");
                MnLST_DispStr(ft, pSel[c++], MnSYS_L01_PASSCODE+1,  "Passcode                       ");
                MnLST_DispStr(ft, pSel[c++], MnSYS_L02_TIME+1,    "Time                           ");
                MnLST_DispStr(ft, pSel[c++], MnSYS_L03_LANG+1,    "Language                       ");
                MnLST_DispStr(ft, pSel[c++], MnSYS_L04_VERSION+1, "Version                        ");
              
                DpSTR_DrawLin(FT_EN_08x16, pSel[MnSYS_L04_VERSION], 160, MnSTR_Y_HEIGHT*MnSYS_L04_VERSION, _FW_VERSION);
              }
              
              #if defined (_FT_LANG_KR)
              void SysDp_ListKorP1(U08* pSel)
              {
                U08 i;
              
                MnLST_DispClr(1);
                _F_SS(FKR_SI_,  FKR_SEU,  FKR_TEM,  1,1,1,1,1,1,1,1,1,1,1,1);
                DpSTR_DrawLin(FT_LC_16x16, FALSE, MnSYS_X0_TITLE_KO, MnSTR_Y_HEIGHT*0, gFt_str);
              
                for(i=(MnSYS_L00_IDLE+1); i<=MNU_LIST_NUM; i++)
                {
                  switch(i)
                  {
                    case MnSYS_L01_PASSCODE:  _F_SS(FKR_BI_,  FKR_MIL,  FKR_BEON, FKR_HO_,  1,1,1,1,1,1,1,1,1,1,1);   break;
                    case MnSYS_L02_TIME:    _F_SS(FKR_HYEON,FKR_JAE,  FKR_SI_,  FKR_GAN,  1,1,1,1,1,1,1,1,1,1,1);   break;
                    case MnSYS_L03_LANG:    _F_SS(FKR_EON,  FKR_EO_,  FKR_SEON, FKR_TAEG, 1,1,1,1,1,1,1,1,1,1,1);   break;
                    case MnSYS_L04_VERSION:   _F_SS(FKR_BEO,  FKR_JEON, 1,      1,      1,1,1,1,1,1,1,1,1,1,1);   break;
                  }
                  MnLST_DispStr(FT_LC_16x16, pSel[i], i+1, "");
                }
              
                DpSTR_DrawLin(FT_EN_08x16, pSel[MnSYS_L04_VERSION], 160, MnSTR_Y_HEIGHT*MnSYS_L04_VERSION, _FW_VERSION);
              }
              
              #elif defined (_FT_LANG_CN)
              void SysDp_ListChnP1(U08* pSel)
              {
                U08 i;
                                  //   0123456789abcdef0123456789abcde
                DpSTR_DrawLin(FT_EN_08x16, FALSE, 0, 0, "           SYSTEM              ");
              
                for(i=(MnSYS_L00_IDLE+1); i<=MNU_LIST_NUM; i++)
                {
                  switch(i)
                  {                                   // 0123456789abcdef0123456789abcde
                    case MnSYS_L01_PASSCODE:  _F_SS(29,   71,   1,    1,    1,1,1,1,1,1,1,1,1,1,1);   break;
                    case MnSYS_L02_TIME:    _F_SS(51,   110,  91,   82,   1,1,1,1,1,1,1,1,1,1,1);   break;
                    case MnSYS_L03_LANG:    _F_SS(46,   5,    93,   88,   1,1,1,1,1,1,1,1,1,1,1);   break;
                    case MnSYS_L04_VERSION:   _F_SS(98,   3,    68,   57,   1,1,1,1,1,1,1,1,1,1,1);   break;
                  }
              
                  MnLST_DispStr(FT_LC_16x16, pSel[i], i+1, "");
                }
                DpSTR_DrawLin(FT_EN_08x16, pSel[MnSYS_L04_VERSION], 160, MnSTR_Y_HEIGHT*MnSYS_L04_VERSION, _FW_VERSION);
              }
              
              #elif defined (_FT_LANG_JP)
              void SysDp_ListJpnP1(U08* pSel)
              {
                U08 i;
                                  //   0123456789abcdef0123456789abcde
C51 COMPILER V9.55   MENU_SYSTEM                                                           04/29/2026 17:23:30 PAGE 9   

                DpSTR_DrawLin(FT_EN_08x16, FALSE, 0, 0, "           SYSTEM              ");
              
                for(i=(MnSYS_L00_IDLE+1); i<=MNU_LIST_NUM; i++)
                {
                  switch(i)
                  {
                    case MnSYS_L01_PASSCODE:  _F_SS(132, 108, 162, 170, 124,  0,  1,  1,1,1,1,1,1,1,1);   break;
                    case MnSYS_L02_TIME:    _F_SS(107, 94,  166, 0,   1,  1,  1,  1,1,1,1,1,1,1,1);   break;
                    case MnSYS_L03_LANG:    _F_SS(156, 166, 101, 170, 107,  0,  1,  1,1,1,1,1,1,1,1);   break;
                    case MnSYS_L04_VERSION:   _F_SS(112, 136, 123, 89,  90, 85, 0,  1,1,1,1,1,1,1,1);   break;
                  }
                  MnLST_DispStr(FT_LC_16x16, pSel[i], i+1, "");
                }
                DpSTR_DrawLin(FT_EN_08x16, pSel[MnSYS_L04_VERSION], 160, MnSTR_Y_HEIGHT*MnSYS_L04_VERSION, _FW_VERSION);
              }
              
              #endif
              #endif
 476          void SysDp_ProcList(U08 sel)
 477          {
 478   1        U08 i;
 479   1        U08 page = MNU_PAGE_01;
 480   1        U08 font = FT_EN_08x16;
 481   1        U08 pSel[MnSYS_LST_MAX] = {0, };
 482   1      
 483   1        pSel[sel] = TRUE;
 484   1      
 485   1        if    (sel > (MNU_LIST_NUM*2))    page = MNU_PAGE_03;
 486   1        else if (sel > (MNU_LIST_NUM*1))    page = MNU_PAGE_02;
 487   1        else                  page = MNU_PAGE_01;
 488   1      
 489   1        if    (sel > (MNU_LIST_NUM*2))    pSel[sel-(MNU_LIST_NUM*2)] = TRUE;
 490   1        else if (sel > (MNU_LIST_NUM*1))    pSel[sel-(MNU_LIST_NUM*1)] = TRUE;
 491   1        else                  pSel[sel-(MNU_LIST_NUM*0)] = TRUE;
 492   1      
 493   1      #if 1
 494   1        switch(page)
 495   1        {   
 496   2          case MNU_PAGE_01: SysDp_ListP1(pSel); break;
 497   2          default:
 498   2            return;
 499   2        }
 500   1      
 501   1      #else
                if(page > MNU_PAGE_01)
                  return;
              
                switch(lMnSys.lang)
                {
                  case MnSYS_LANG_LOC:
              #if defined (_FT_LANG_KR)
                    SysDp_ListKorP1(pSel);
              #elif defined (_FT_LANG_CN)
                    SysDp_ListChnP1(pSel);
              #elif defined (_FT_LANG_JP)
                    SysDp_ListJpnP1(pSel);    
              #endif
                    break;
                  case MnSYS_LANG_ENG:
                  default:
                    SysDp_ListEngP1(pSel);
                    break;
C51 COMPILER V9.55   MENU_SYSTEM                                                           04/29/2026 17:23:30 PAGE 10  

                }
              #endif
 522   1        for(i=(MnSYS_LST_MAX+1); i<=(MNU_LIST_NUM+1); i++)
 523   1          MnLST_DispClr(i);
 524   1      
 525   1          LDT_UpdBuff(LCD_Y_START,LCD_Y_END);
 526   1        DLY_RunMsec(100);
 527   1      }
 528          
 529          void SysChk_Vari(void)
 530          {
 531   1        if(lMnSys.pass >= MnSYS_PASS_MAX)     lMnSys.pass = MnSYS_PASS_DFT;
 532   1        if(lMnSys.lang >= MnSYS_LANG_MAX)     lMnSys.lang = MnSYS_LANG_ENG;
 533   1      
 534   1      #if defined (_FT_LANG_KR)
                lMnSys.loc = MnSYS_LOC_KOR;
              
              #elif defined (_FT_LANG_CN)
                lMnSys.loc = MnSYS_LOC_CHN;
              
              #elif defined (_FT_LANG_JP)
 541   1        lMnSys.loc = MnSYS_LOC_JPN;
 542   1      
 543   1      #else
                lMnSys.loc = MnSYS_LOC_KOR;
              
              #endif
 547   1      }
 548          
 549          
 550          //--------------------------------------------------------------------------------------------------------
             -----------------------
 551          //  Global APIs - Access Local Variables
 552          //--------------------------------------------------------------------------------------------------------
             -----------------------
 553          // Get
 554          U16 MnSYS_GetPass(void)     { return lMnSys.pass;   }
 555          U08 MnSYS_GetLang(void)     { return lMnSys.lang;   }
 556          U08 MnSYS_GetLocFt(void)    { return lMnSys.loc;    }
 557          // Set
 558          
 559          
 560          //--------------------------------------------------------------------------------------------------------
             -----------------------
 561          //  Global APIs - Memory Access
 562          //--------------------------------------------------------------------------------------------------------
             -----------------------
 563          void MnSYS_MemLoad(void)
 564          {
 565   1        lMnSys.pass = FLS_Rd2Byte(F040_SYS_PASS_L);
 566   1        lMnSys.lang = FLS_Rd1Byte(F013_SYS_LANG);
 567   1      }
 568          
 569          void MnSYS_MemSave(void)
 570          {
 571   1        FLS_Wr2Byte(F040_SYS_PASS_L, lMnSys.pass);
 572   1        FLS_Wr1Byte(F013_SYS_LANG,   lMnSys.lang);
 573   1      }
 574          
 575          void MnSYS_MemFtry(void)
 576          {
 577   1        FLS_Wr2Byte(F040_SYS_PASS_L, MnSYS_PASS_DFT);
C51 COMPILER V9.55   MENU_SYSTEM                                                           04/29/2026 17:23:30 PAGE 11  

 578   1        FLS_Wr1Byte(F013_SYS_LANG,   MnSYS_LANG_ENG);
 579   1      }
 580          
 581          
 582          //--------------------------------------------------------------------------------------------------------
             -----------------------
 583          //  Global APIs - Public
 584          //--------------------------------------------------------------------------------------------------------
             -----------------------
 585          void MnSYS_InitVari(void)
 586          {
 587   1        MnSYS_MemLoad();
 588   1        SysChk_Vari();
 589   1      }
 590          
 591          void MnSYS_ProcMain(void)
 592          {
 593   1        U32 cnt = 0;
 594   1        U08 fDp = FALSE;
 595   1        U08 sel = MnSYS_L00_IDLE + 1;
 596   1      
 597   1        SysDp_ProcList(sel);
 598   1      
 599   1        do
 600   1        {
 601   2            if(!_SBIT_BTN_DOWN)
 602   2            {
 603   3              if(sel < (MnSYS_LST_MAX-1))   sel++;
 604   3              else                            sel = (MnSYS_L00_IDLE+1);
 605   3            fDp = TRUE;
 606   3            }
 607   2      
 608   2            if(!_SBIT_BTN_UP)
 609   2            {
 610   3                if(sel > (MnSYS_L00_IDLE+1))  sel--;
 611   3                else                          sel = (MnSYS_LST_MAX-1);
 612   3            fDp = TRUE;
 613   3            }
 614   2      
 615   2          if(!_SBIT_BTN_RIGHT && !_SBIT_BTN_LEFT)
 616   2          {
 617   3            if(++cnt > 800000)
 618   3            {
 619   4              MnEGN_ProcMain();
 620   4              cnt = 0;
 621   4              fDp = TRUE;
 622   4            }     
 623   3          }
 624   2          else
 625   2            cnt = 0;
 626   2      
 627   2            if(!_SBIT_BTN_SET)
 628   2            {
 629   3            switch(sel)
 630   3            { // Page 1
 631   4              case MnSYS_L01_PASSCODE:  MnSys_Password();   break;
 632   4              case MnSYS_L02_LANG:    MnSys_Language();   break;
 633   4              case MnSYS_L03_TIME:    MnSys_Time();     break;
 634   4              case MnSYS_L04_VERSION:   MnSys_Version();    break;
 635   4              // Page 2
 636   4            }
 637   3            fDp = TRUE;
C51 COMPILER V9.55   MENU_SYSTEM                                                           04/29/2026 17:23:30 PAGE 12  

 638   3            }
 639   2      
 640   2          if(fDp)
 641   2          {
 642   3            SysDp_ProcList(sel);
 643   3            fDp = FALSE;
 644   3          }
 645   2        }
 646   1        while(_SBIT_BTN_EXIT);
 647   1      }
 648          
 649          
 650          //--------------------------------------------------------------------------------------------------------
             -----------------------
 651          //  EOF
 652          //--------------------------------------------------------------------------------------------------------
             -----------------------
 653          


MODULE INFORMATION:   STATIC OVERLAYABLE
   CODE SIZE        =   2663    ----
   CONSTANT SIZE    =    287    ----
   XDATA SIZE       =      4      76
   PDATA SIZE       =   ----    ----
   DATA SIZE        =   ----    ----
   IDATA SIZE       =   ----    ----
   BIT SIZE         =   ----    ----
END OF MODULE INFORMATION.


C51 COMPILATION COMPLETE.  0 WARNING(S),  0 ERROR(S)
