C51 COMPILER V9.55   MENU_DATA                                                             04/29/2026 17:23:07 PAGE 1   


C51 COMPILER V9.55, COMPILATION OF MODULE MENU_DATA
OBJECT MODULE PLACED IN .\Objects\menu_data.obj
COMPILER INVOKED BY: C:\Keil_v5\C51\BIN\C51.EXE _Wess\menu\menu_data.c LARGE OPTIMIZE(8,SPEED) INCDIR(.\_src\b0_comm;.\_
                    -Wess\_compiler;.\_Wess\app;.\_Wess\bsp;.\_Wess\menu;.\_Wess\disp;.\_Wess\measure;.\_Wess\font;.\_Wess\screen) PRINT(.\Li
                    -stings\menu_data.lst) TABS(2) OBJECT(.\Objects\menu_data.obj)

line level    source

   1          //--------------------------------------------------------------------------------------------------------
             -----------------------
   2          //  Copyright (C) 2021, WESS-Global Inc., All Rights Reserved.
   3          //
   4          //  The information contained herein is confidential property of WESS-Global Inc. The use, copying, transf
             -er or disclosure of
   5          //  such information is prohibited except by express written agreement with WESS-Global Co.,LTD
   6          //
   7          //  $ Date: 2020-07-13 12:00:00 +0900 $
   8          //--------------------------------------------------------------------------------------------------------
             -----------------------
   9          
  10          
  11          //--------------------------------------------------------------------------------------------------------
             -----------------------
  12          //  Includes
  13          //--------------------------------------------------------------------------------------------------------
             -----------------------
  14          // chipset
  15          #include "compiler_defs.h"
  16          #include "C8051F120_defs.h"
  17          // sys
  18          #include "sys_def.h"
  19          // self
  20          #include "menu_data.h"
  21          // bsp
  22          #include "rtc_ds1302.h"
  23          #include "flash_main.h"
  24          #include "gpio_main.h"
  25          #include "bsp_main.h"
  26          #include "btn_main.h"
  27          #include "lcd_main.h"
  28          #include "lcd_data.h"
  29          // app
  30          #include "dly_main.h"
  31          #include "data_main.h"
  32          // disp
  33          #include "disp_main.h"
  34          #include "disp_menu.h"
  35          #include "disp_string.h"
  36          // menu
  37          #include "menu_main.h"
  38          #include "menu_box.h"
  39          #include "menu_system.h"
  40          // font
  41          #include "font_def.h"
  42          #include "font_idx_kor.h"
  43          
  44          
  45          //--------------------------------------------------------------------------------------------------------
             -----------------------
  46          //  Global variables
  47          //--------------------------------------------------------------------------------------------------------
C51 COMPILER V9.55   MENU_DATA                                                             04/29/2026 17:23:07 PAGE 2   

             -----------------------
  48          
  49          
  50          //--------------------------------------------------------------------------------------------------------
             -----------------------
  51          //  Local variables
  52          //--------------------------------------------------------------------------------------------------------
             -----------------------
  53          LS_MnDAT lMnDat;
  54          
  55          
  56          //--------------------------------------------------------------------------------------------------------
             -----------------------
  57          //  Local Funtions
  58          //--------------------------------------------------------------------------------------------------------
             -----------------------
  59          void MnDat_SaveEn(void)
  60          {
  61   1        MnBOX_DispBox();
  62   1        MnBOX_DispStr(MnSYS_LANG_ENG, MnBOX_X07, MnBOX_Y01, F_F, "Enable?");
  63   1        BTN_DelayMsec(BTN_WAIT_UD);
  64   1        lMnDat.fSave = MnBOX_SelArg4(MnSYS_LANG_ENG, lMnDat.fSave, MnBOX_X11, "NO", MnBOX_X10, "YES", 0, "", 0, "
             -", 2);
  65   1      
  66   1        #if 0
                if(lMnDat.fSave)
                  {
                      RTC_GetTime();
                  gLg_min = gRt.min;
                  gLg_hour = gRt.hour;
                }
                #endif
  74   1      }
  75          
  76          void MnDat_Download(void)
  77          {
  78   1        U08 fDn = FALSE;
  79   1      
  80   1        MnBOX_DispBox();
  81   1      
  82   1      
  83   1        switch(MnSYS_GetLang())
  84   1        {
  85   2          case MnSYS_LANG_LOC:
  86   2      #if defined (_FT_LANG_KR)
                    MnBOX_DispStr(FT_LC_16x16, MnBOX_X05, MnBOX_Y01, F_F, _F_STR( 14, 70,  25, 20, 0,  0,   0,   0, 0,0,0,0
             -,0,0,0));
                    break;
              
              
              #elif defined (_FT_LANG_CN)
                    MnBOX_DispStr(FT_LC_16x16, MnBOX_X05, MnBOX_Y01, F_F, _F_STR( 49, 45, 2, 100, 0,   0,   0,  0, 0,0,0,0,0,
             -0,0));
                    break;
              
              #elif defined (_FT_LANG_JP)
  96   2            MnBOX_DispStr(FT_LC_16x16, MnBOX_X03, MnBOX_Y01, F_F, _F_STR( 18, 5,  41, 39, 42,  23,  0,   0, 0,0,0,0,0
             -,0,0));
  97   2            break;
  98   2      #endif
  99   2            break;
 100   2          case MnSYS_LANG_ENG:
C51 COMPILER V9.55   MENU_DATA                                                             04/29/2026 17:23:07 PAGE 3   

 101   2          default:
 102   2            MnBOX_DispStr(MnSYS_LANG_ENG, MnBOX_X06, MnBOX_Y01, F_F, "Download?");
 103   2            break;
 104   2        }
 105   1      
 106   1        
 107   1      
 108   1        BTN_DelayMsec(BTN_WAIT_UD);
 109   1        fDn = MnBOX_SelArg4(MnSYS_LANG_ENG, fDn, MnBOX_X11, "NO", MnBOX_X10, "YES", 0, "", 0, "", 2);
 110   1      
 111   1        if(!_SBIT_BTN_SET && fDn)
 112   1          LOG_OutData();
 113   1      
 114   1        SFRPAGE = CONFIG_PAGE;
 115   1      }
 116          
 117          void MnDat_Delete(void)
 118          {
 119   1        U08 fDn = FALSE;
 120   1      
 121   1        MnBOX_DispBox();
 122   1      
 123   1      
 124   1        switch(MnSYS_GetLang())
 125   1        {
 126   2          case MnSYS_LANG_LOC:
 127   2      #if defined (_FT_LANG_KR)
                    MnBOX_DispStr(FT_LC_16x16, MnBOX_X10, MnBOX_Y01, F_F, _F_STR( 46, 86,  0, 0, 0,  0,   0,   0, 0,0,0,0,0
             -,0,0));
                    break;
              
              
              #elif defined (_FT_LANG_CN)
                    MnBOX_DispStr(FT_LC_16x16, MnBOX_X05, MnBOX_Y01, F_F, _F_STR( 49, 45, 14, 112, 0,  0,   0,  0, 0,0,0,0,0
             -,0,0));
                    break;
              
              #elif defined (_FT_LANG_JP)
 137   2            MnBOX_DispStr(FT_LC_16x16, MnBOX_X10, MnBOX_Y01, F_F, _F_STR( 72, 55,  0, 0, 0,  0, 0,   0, 0,0,0,0,0,0,
             -0));
 138   2            break;
 139   2      #endif
 140   2            break;
 141   2          case MnSYS_LANG_ENG:
 142   2          default:
 143   2            MnBOX_DispStr(MnSYS_LANG_ENG, MnBOX_X07, MnBOX_Y01, F_F, "Delete?");
 144   2            break;
 145   2        }
 146   1      
 147   1        
 148   1        BTN_DelayMsec(BTN_WAIT_UD);
 149   1        fDn = MnBOX_SelArg4(MnSYS_LANG_ENG, fDn, MnBOX_X11, "NO", MnBOX_X10, "YES", 0, "", 0, "", 2);
 150   1      
 151   1        if(!_SBIT_BTN_SET && fDn)
 152   1        {
 153   2          MnBOX_DispStr(MnSYS_LANG_ENG, MnBOX_X07, MnBOX_Y01, F_F, "         ");
 154   2          MnBOX_DispStr(MnSYS_LANG_ENG, MnBOX_X04, MnBOX_Y02, F_F, "Delete...");
 155   2          MnBOX_DispStr(MnSYS_LANG_ENG, MnBOX_X10, MnBOX_Y03, F_F, "         ");
 156   2          DLY_RunMsec(1000);
 157   2          LOG_ResetAddr();
 158   2        }
 159   1      
C51 COMPILER V9.55   MENU_DATA                                                             04/29/2026 17:23:07 PAGE 4   

 160   1        if(lMnDat.fSave)
 161   1        {
 162   2          RTC_GetTime();
 163   2          gLg_min  = gRt.min;
 164   2          gLg_hour = gRt.hour;
 165   2      
 166   2          LOG_ProcData();
 167   2          LOG_SaveAddr1();
 168   2          LOG_SaveAddr2();
 169   2        }
 170   1      }
 171          
 172          void MnDat_Interval(void)
 173          {
 174   1        S16 old = lMnDat.sav_intv;
 175   1        S16 sel = old;
 176   1      
 177   1        MnBOX_DispBox();
 178   1        MnBOX_DispStr(MnSYS_LANG_ENG, MnBOX_X10, MnBOX_Y01, F_F, "Time");
 179   1        MnBOX_DispStr(MnSYS_LANG_ENG, MnBOX_X09, MnBOX_Y02, F_F, "(min)");
 180   1        BTN_DelayMsec(BTN_WAIT_UD);
 181   1        sel = MnBOX_SelArg4(MnSYS_LANG_ENG, sel, MnBOX_X13, "1", MnBOX_X12, "10", MnBOX_X12, "60", 0, "", 3);
 182   1      
 183   1        if(!_SBIT_BTN_EXIT)
 184   1          return;
 185   1      
 186   1        if(sel != old)
 187   1          lMnDat.sav_intv = sel;
 188   1      
 189   1        DISP_ClearScr();
 190   1        DpSTR_LineUpd(FT_EN_08x16, F_F, 20, 0,  "The logged data");
 191   1        DpSTR_LineUpd(FT_EN_08x16, F_F, 20, 16, "will be deleted");
 192   1        DpSTR_LineUpd(FT_EN_08x16, F_F, 32, 48, "OK - SAVE");
 193   1        DpSTR_LineUpd(FT_EN_08x16, F_F, 32, 80, "NO - EXIT");
 194   1        BTN_DelayMsec(BTN_WAIT_SET);
 195   1      
 196   1        while(_SBIT_BTN_SET && _SBIT_BTN_EXIT);
 197   1      
 198   1        if(!_SBIT_BTN_EXIT)
 199   1        {
 200   2          lMnDat.sav_intv = old;
 201   2          return;
 202   2        }
 203   1        
 204   1        DISP_ClearScr();
 205   1        DpSTR_LineUpd(FT_EN_08x16, F_F, 28, 16,"Max. Log Time");
 206   1      
 207   1        switch(lMnDat.sav_intv)
 208   1        {
 209   2          case MnDAT_INTV_01M:  DpSTR_LineUpd(FT_EN_08x16, F_F, 4, 48,"  6 days from now on");    break;
 210   2          case MnDAT_INTV_10M:  DpSTR_LineUpd(FT_EN_08x16, F_F, 4, 48," 60 days from now on");    break;
 211   2          case MnDAT_INTV_60M:  DpSTR_LineUpd(FT_EN_08x16, F_F, 4, 48,"400 days from now on");    break;
 212   2        }
 213   1      
 214   1        switch(lMnDat.sav_intv)
 215   1        {
 216   2          case MnDAT_INTV_01M:  lMnDat.disp_01m = 0;    break;
 217   2          case MnDAT_INTV_10M:  lMnDat.disp_10m = 0;    break;
 218   2          case MnDAT_INTV_60M:  lMnDat.disp_60m = 0;    break;
 219   2        }
 220   1      
 221   1        DLY_RunMsec(1000);
C51 COMPILER V9.55   MENU_DATA                                                             04/29/2026 17:23:07 PAGE 5   

 222   1        LOG_ResetAddr();
 223   1      
 224   1        if(lMnDat.fSave)
 225   1        {
 226   2          RTC_GetTime();
 227   2          gLg_min  = gRt.min;
 228   2          gLg_hour = gRt.hour;
 229   2          LOG_ProcData();
 230   2      
 231   2          LOG_SaveAddr1();
 232   2          LOG_SaveAddr2();
 233   2        }
 234   1      }
 235          
 236          void MnDat_DpTerm(void)
 237          {
 238   1        U08 *pS0, *pS1;
 239   1        U08 old, sel;
 240   1        U08 f_dsp = FALSE;
 241   1      
 242   1        MnBOX_DispBox();
 243   1        MnBOX_DispStr(MnSYS_LANG_ENG, MnBOX_X10, MnBOX_Y01, F_F, "Time");
 244   1        BTN_DelayMsec(BTN_WAIT_UD);
 245   1      
 246   1        switch(lMnDat.sav_intv)
 247   1        {
 248   2          case MnDAT_INTV_01M:  old = lMnDat.disp_01m;    break;
 249   2          case MnDAT_INTV_10M:  old = lMnDat.disp_10m;    break;
 250   2          case MnDAT_INTV_60M:  old = lMnDat.disp_60m;    break;
 251   2        }
 252   1      
 253   1        sel = old;
 254   1      
 255   1        do
 256   1        {
 257   2          if(!_SBIT_BTN_UP || !_SBIT_BTN_DOWN)
 258   2          {
 259   3            LDT_ClrBuff(MnBOX_LEFT, MnBOX_TOP+2+32, MnBOX_RIGHT-2, MnBOX_BOTTOM-2);
 260   3            BTN_DelayMsec(BTN_WAIT_UD);
 261   3      
 262   3            if(++sel > 1)
 263   3              sel = 0;
 264   3          }
 265   2      
 266   2          switch(lMnDat.sav_intv)
 267   2          {
 268   3            case MnDAT_INTV_01M:
 269   3              pS0 = "(hrs)";
 270   3      
 271   3              switch(sel)
 272   3              {
 273   4                case MnDAT_DISP_I0:   pS1 = "12";   break;
 274   4                case MnDAT_DISP_I1:   pS1 = "24";   break;
 275   4              }
 276   3      
 277   3              break;
 278   3      
 279   3            case MnDAT_INTV_10M:
 280   3              pS0 = "(days)";
 281   3              switch(sel)
 282   3              {
 283   4                case MnDAT_DISP_I0:   pS1 = "1";    break;
C51 COMPILER V9.55   MENU_DATA                                                             04/29/2026 17:23:07 PAGE 6   

 284   4                case MnDAT_DISP_I1:   pS1 = "7";      break;
 285   4              }
 286   3              break;
 287   3      
 288   3            case MnDAT_INTV_60M:
 289   3              pS0 = "(days)";
 290   3              switch(sel)
 291   3              {
 292   4                case MnDAT_DISP_I0:   pS1 = "14";   break;
 293   4                case MnDAT_DISP_I1:   pS1 = "30";   break;
 294   4              }
 295   3              break;
 296   3          }
 297   2      
 298   2          MnBOX_DispStr(MnSYS_LANG_ENG, MnBOX_X09, MnBOX_Y02, F_F, pS0);
 299   2          MnBOX_DispStr(MnSYS_LANG_ENG, MnBOX_X12, MnBOX_Y03, F_F, pS1);
 300   2          LDT_UpdBuff(LCD_Y_START,LCD_Y_END);
 301   2        }
 302   1        while(_SBIT_BTN_SET && _SBIT_BTN_EXIT);
 303   1      
 304   1        if(!_SBIT_BTN_SET)
 305   1        {
 306   2          switch(lMnDat.sav_intv)
 307   2          {
 308   3            case MnDAT_INTV_01M:  lMnDat.disp_01m = sel;    break;
 309   3            case MnDAT_INTV_10M:  lMnDat.disp_10m = sel;    break;
 310   3            case MnDAT_INTV_60M:  lMnDat.disp_60m = sel;    break;
 311   3          }
 312   2        }
 313   1      }
 314          
 315          void DatDp_ListP1(U08* pSel)
 316          {
 317   1        U08 *pStr;
 318   1        U08 c = MnDAT_L00_IDLE + 1;
 319   1        U08 ft_eng = FT_EN_08x16;
 320   1        U08 ft_loc = FT_LC_16x16;
 321   1      
 322   1        switch(MnSYS_GetLang())
 323   1        {
 324   2          case MnSYS_LANG_LOC:
 325   2            #if defined (_FT_LANG_KR)     
                    MnLST_DispClr(1);
                    DpSTR_DrawLin(ft_loc, FALSE, MnDAT_X0_TITLE_KO, MnSTR_Y_HEIGHT*0, _F_STR(FKR_DE_, FKR_I__, FKR_TEO,1,1,
             -1,1,1,1,1,1,1,1,1,1));
                    
                    MnLST_DispStr(ft_loc, pSel[c++], MnDAT_L01_F_SAVE+1,   _F_STR(FKR_JEO, FKR_JANG,  1,     1,    1,1,1,1,1,1,
             -1,1,1,1,1));
                    MnLST_DispStr(ft_loc, pSel[c++], MnDAT_L02_DOWNLOAD+1, _F_STR(FKR_DA_, FKR_UN_, FKR_RO_, FKR_DEU,1,1,1,
             -1,1,1,1,1,1,1,1));
                    MnLST_DispStr(ft_loc, pSel[c++], MnDAT_L03_DELETE+1,   _F_STR(FTR_SAG, FKR_JE_, 1,     1,    1,1,1,1,1,1,1
             -,1,1,1,1));
                    MnLST_DispStr(ft_loc, pSel[c++], MnDAT_L04_SAV_INTV+1, _F_STR(FKR_JEO, FKR_JANG,  FKR_JU_, FKR_GI_,1,1,1
             -,1,1,1,1,1,1,1,1));
                    MnLST_DispStr(ft_loc, pSel[c++], MnDAT_L05_DP_TERM+1,  _F_STR(FKR_HWA, FKR_MYEON, FKR_JU_, FKR_GI_,1,1,
             -1,1,1,1,1,1,1,1,1));
                    #elif defined (_FT_LANG_CN)
                    MnLST_DispClr(1);
                                                                               // 0123456789abcdef0123456789abcde
                    DpSTR_DrawLin(ft_loc, FALSE, MnDAT_X0_TITLE_KO, MnSTR_Y_HEIGHT*0, _F_STR(49, 45,  90,41,1,1,1,1,1,1,1,1
             -,1,1,1));
                    MnLST_DispStr(ft_loc, pSel[c++], MnDAT_L01_F_SAVE+1,   _F_STR( 6,  183, 1,  1,   1, 1,1,1,1,1,1,1,1,1,1
C51 COMPILER V9.55   MENU_DATA                                                             04/29/2026 17:23:07 PAGE 7   

             -));
                    MnLST_DispStr(ft_loc, pSel[c++], MnDAT_L02_DOWNLOAD+1, _F_STR( 49,  45,  2, 100,   1, 1,1,1,1,1,1,1,1,1
             -,1));
                    MnLST_DispStr(ft_loc, pSel[c++], MnDAT_L03_DELETE+1,   _F_STR( 49,  45, 14, 112,   1,   1,1,1,1,1,1,1,1
             -,1,1));
                    MnLST_DispStr(ft_loc, pSel[c++], MnDAT_L04_SAV_INTV+1, _F_STR(105, 115, 49,  45, 110, 113,1,1,1,1,1,1,1
             -,1,1));
                    MnLST_DispStr(ft_loc, pSel[c++], MnDAT_L05_DP_TERM+1,  _F_STR( 53,  72, 85,  25,   1,   1,1,1,1,1,1,1,1
             -,1,1));
                    #elif defined (_FT_LANG_JP)
 344   2            MnLST_DispClr(1);
 345   2                                           // 0123456789abcdef0123456789abcde
 346   2            DpSTR_DrawLin(ft_loc, FALSE, MnDAT_X0_TITLE_KO, MnSTR_Y_HEIGHT*0, _F_STR(21, 42,  17,1,1,1,1,1,1,1,1,1,
             -1,1,1));
 347   2            MnLST_DispStr(ft_loc, pSel[c++], MnDAT_L01_F_SAVE+1,   _F_STR(46,  60, 1, 1, 1, 1, 1,  1,   1,   1,  1,
             - 1,1,1,1));
 348   2            MnLST_DispStr(ft_loc, pSel[c++], MnDAT_L02_DOWNLOAD+1, _F_STR(18,  5, 41, 39, 42, 23, 1,  1,   1,   1, 
             - 1, 1,1,1,1));
 349   2            MnLST_DispStr(ft_loc, pSel[c++], MnDAT_L03_DELETE+1,   _F_STR(72,  55, 1, 1, 1, 1, 1,  1,   1,   1,  1,
             - 1,1,1,1));
 350   2            MnLST_DispStr(ft_loc, pSel[c++], MnDAT_L04_SAV_INTV+1,_F_STR(46,  60, 87, 88, 1, 1, 1,  1,   1,   1,  1
             -, 1,1,1,1));
 351   2            MnLST_DispStr(ft_loc, pSel[c++], MnDAT_L05_DP_TERM+1,  _F_STR(79,  76, 68, 87, 78, 58, 1,  1,   1,   1,
             -  1, 1,1,1,1));
 352   2            #endif
 353   2            break;
 354   2          case MnSYS_LANG_ENG:
 355   2          default:
 356   2                                                                       // 0123456789abcdef0123456789abcde
 357   2            MnLST_DispStr(ft_eng, FALSE,     MnDAT_L00_IDLE+1,     "            DATA               ");
 358   2            MnLST_DispStr(ft_eng, pSel[c++], MnDAT_L01_F_SAVE+1,   "Save                           ");
 359   2            MnLST_DispStr(ft_eng, pSel[c++], MnDAT_L02_DOWNLOAD+1, "Download                       ");
 360   2            MnLST_DispStr(ft_eng, pSel[c++], MnDAT_L03_DELETE+1,   "Delete                         ");
 361   2            MnLST_DispStr(ft_eng, pSel[c++], MnDAT_L04_SAV_INTV+1, "Save Interval                  ");
 362   2            MnLST_DispStr(ft_eng, pSel[c++], MnDAT_L05_DP_TERM+1,  "Display Term                   ");
 363   2            break;
 364   2        }
 365   1      
 366   1        if  (lMnDat.fSave)  pStr = "ON";
 367   1        else        pStr = "OFF";
 368   1      
 369   1        DpSTR_DrawLin(ft_eng, pSel[MnDAT_L01_F_SAVE], 180, MnSTR_Y_HEIGHT*1, pStr); 
 370   1      }
 371          #if 0
              void DatDp_ListEngP1(U08* pSel)
              {
                U08 *pStr;
                U08 c  = MnDAT_L00_IDLE + 1;
                U08 ft = FT_EN_08x16;
                                        //   0123456789abcdef0123456789abcde
                MnLST_DispStr(ft, FALSE,   MnDAT_L00_IDLE+1,    "            DATA               ");
                MnLST_DispStr(ft, pSel[c++], MnDAT_L01_F_SAVE+1,  "Save                           ");
                MnLST_DispStr(ft, pSel[c++], MnDAT_L02_DOWNLOAD+1,  "Download                       ");
                MnLST_DispStr(ft, pSel[c++], MnDAT_L03_DELETE+1,  "Delete                         ");
                MnLST_DispStr(ft, pSel[c++], MnDAT_L04_SAV_INTV+1,  "Save Interval                  ");
                MnLST_DispStr(ft, pSel[c++], MnDAT_L05_DP_TERM+1, "Display Term                   ");
              
                if(lMnDat.fSave)  pStr = "ON";
                else        pStr = "OFF";
              
                DpSTR_DrawLin(FT_EN_08x16, pSel[MnDAT_L01_F_SAVE], 180, MnSTR_Y_HEIGHT*1, pStr);
              }
C51 COMPILER V9.55   MENU_DATA                                                             04/29/2026 17:23:07 PAGE 8   

              
              #if defined (_FT_LANG_KR)
              void DatDp_ListKorP1(U08* pSel)
              {
                U08 i;
                U08 *pStr;
              
                MnLST_DispClr(1);
                _F_SS(FKR_DE_,  FKR_I__,  FKR_TEO,  1,1,1,1,1,1,1,1,1,1,1,1);
                DpSTR_DrawLin(FT_LC_16x16, FALSE, MnDAT_X0_TITLE_KO, MnSTR_Y_HEIGHT*0, gFt_str);
              
                for(i=(MnDAT_L00_IDLE+1); i<MnDAT_LST_MAX; i++)
                {
                  switch(i)
                  {
                    case MnDAT_L01_F_SAVE:    _F_SS(FKR_JEO,  FKR_JANG, 1,      1,      1,1,1,1,1,1,1,1,1,1,1);   break;
                    case MnDAT_L02_DOWNLOAD:  _F_SS(FKR_DA_,  FKR_UN_,  FKR_RO_,  FKR_DEU,  1,1,1,1,1,1,1,1,1,1,1);   break;
                    case MnDAT_L03_DELETE:    _F_SS(FTR_SAG,  FKR_JE_,  1,      1,      1,1,1,1,1,1,1,1,1,1,1);   break;
                    case MnDAT_L04_SAV_INTV:  _F_SS(FKR_JEO,  FKR_JANG, FKR_JU_,  FKR_GI_,  1,1,1,1,1,1,1,1,1,1,1);   break;
                    case MnDAT_L05_DP_TERM:   _F_SS(FKR_HWA,  FKR_MYEON,  FKR_JU_,  FKR_GI_,  1,1,1,1,1,1,1,1,1,1,1);   break;
                  }
                  MnLST_DispStr(FT_LC_16x16, pSel[i], i+1, "");
                }
              
                if(lMnDat.fSave)  pStr = "ON";
                else        pStr = "OFF";
              
                DpSTR_DrawLin(FT_EN_08x16, pSel[MnDAT_L01_F_SAVE], 180, MnSTR_Y_HEIGHT*MnDAT_L01_F_SAVE, pStr);
              }
              
              #elif defined (_FT_LANG_CN)
              void DatDp_ListChnP1(U08* pSel)
              {
                U08 i;
                U08 *pStr;
                                  //   0123456789abcdef0123456789abcde
                DpSTR_DrawLin(FT_EN_08x16, FALSE, 0, 0, "            DATA               ");
              
                for(i=(MnDAT_L00_IDLE+1); i<MnDAT_LST_MAX; i++)
                {
                  switch(i)
                  {
                    case MnDAT_L01_F_SAVE:    _F_SS(49, 45,   90,   41,   1,    1,    1,1,1,1,1,1,1,1,1);   break;
                    case MnDAT_L02_DOWNLOAD:  _F_SS(49, 45,   2,    100,  1,    1,    1,1,1,1,1,1,1,1,1);   break;
                    case MnDAT_L03_DELETE:    _F_SS(49, 45,   14,   112,  1,    1,    1,1,1,1,1,1,1,1,1);   break;
                    case MnDAT_L04_SAV_INTV:  _F_SS(105,  115,  49,   45,   110,  113,  1,1,1,1,1,1,1,1,1);   break;
                    case MnDAT_L05_DP_TERM:   _F_SS(53, 72,   85,   25,   1,    1,    1,1,1,1,1,1,1,1,1);   break;
                  }
                  MnLST_DispStr(FT_LC_16x16, pSel[i], i+1, "");
                }
              
                if(lMnDat.fSave)  pStr = "ON";
                else        pStr = "OFF";
              
                DpSTR_DrawLin(FT_EN_08x16, pSel[MnDAT_L01_F_SAVE], 180, MnSTR_Y_HEIGHT*MnDAT_L01_F_SAVE, pStr);
              }
              
              #elif defined (_FT_LANG_JP)
              void DatDp_ListJpnP1(U08* pSel)
              {
                U08 i;
                U08 *pStr;
C51 COMPILER V9.55   MENU_DATA                                                             04/29/2026 17:23:07 PAGE 9   

                                  //   0123456789abcdef0123456789abcde
                DpSTR_DrawLin(FT_EN_08x16, FALSE, 0, 0, "            DATA               ");
              
                for(i=(MnDAT_L00_IDLE+1); i<MnDAT_LST_MAX; i++)
                {
                  switch(i)
                  {
                    case MnDAT_L01_F_SAVE:    _F_SS(160,  95, 170,171,110,118,121,87, 0,  1,  1,  1,1,1,1);   break;
                    case MnDAT_L02_DOWNLOAD:  _F_SS(115,  89, 166,160,170,124,0,  1,  1,  1,  1,  1,1,1,1);   break;
                    case MnDAT_L03_DELETE:    _F_SS(122,  157,170,123,0,  1,  1,  1,  1,  1,  1,  1,1,1,1);   break;
                    case MnDAT_L04_SAV_INTV:  _F_SS(104,  166,138,157,166,99, 171,106,152,89, 96, 0,1,1,1);   break;
                    case MnDAT_L05_DP_TERM:   _F_SS(122,  86, 108,138,159,87, 171,107,94, 166,0,  1,1,1,1);   break;
                  }
                  MnLST_DispStr(FT_LC_16x16, pSel[i], i+1, "");
                }
              
                if(lMnDat.fSave)  pStr = "ON";
                else        pStr = "OFF";
              
                DpSTR_DrawLin(FT_EN_08x16, pSel[MnDAT_L01_F_SAVE], 180, MnSTR_Y_HEIGHT*MnDAT_L01_F_SAVE, pStr);
              }
              
              #endif
              #endif
 476          void DatDp_ProcList(U08 sel)
 477          {
 478   1        U08 i;
 479   1        U08 page = MNU_PAGE_01;
 480   1        U08 font = FT_EN_08x16;
 481   1        U08 pSel[MnDAT_LST_MAX] = {0, };
 482   1      
 483   1        pSel[sel] = TRUE;
 484   1      
 485   1        if    (sel > (MNU_LIST_NUM*2))    page = MNU_PAGE_03;
 486   1        else if (sel > (MNU_LIST_NUM*1))    page = MNU_PAGE_02;
 487   1        else                  page = MNU_PAGE_01;
 488   1      
 489   1        if    (sel > (MNU_LIST_NUM*2))    pSel[sel-(MNU_LIST_NUM*2)] = TRUE;
 490   1        else if (sel > (MNU_LIST_NUM*1))    pSel[sel-(MNU_LIST_NUM*1)] = TRUE;
 491   1        else                  pSel[sel-(MNU_LIST_NUM*0)] = TRUE;
 492   1      
 493   1      #if 1
 494   1        switch(page)
 495   1        {   
 496   2          case MNU_PAGE_01: DatDp_ListP1(pSel); break;
 497   2          default:
 498   2            return;
 499   2        }
 500   1      #else
                if(page > MNU_PAGE_01)
                  return;
              
                switch(MnSYS_GetLang())
                {
              #if 1
                  case MnSYS_LANG_LOC:
              #if defined (_FT_LANG_KR)
                    DatDp_ListKorP1(pSel);
              
              #elif defined (_FT_LANG_CN)
                    DatDp_ListChnP1(pSel);
              
C51 COMPILER V9.55   MENU_DATA                                                             04/29/2026 17:23:07 PAGE 10  

              #elif defined (_FT_LANG_JP)
                    DatDp_ListJpnP1(pSel);
              
              #endif
                    break;
              
              #else
                  case MnSYS_LANG_KOR:    DatDp_ListKorP1(pSel);    break;
                  case MnSYS_LANG_CHN:    DatDp_ListChnP1(pSel);    break;
                  case MnSYS_LANG_JPN:    DatDp_ListJpnP1(pSel);    break;
              #endif
              
                  case MnSYS_LANG_ENG:
                  default:
                    DatDp_ListEngP1(pSel);
                    break;
                }
              #endif
 532   1        for(i=(MnDAT_LST_MAX+1); i<=(MNU_LIST_NUM+1); i++)
 533   1          MnLST_DispClr(i);
 534   1      
 535   1          LDT_UpdBuff(LCD_Y_START,LCD_Y_END);
 536   1        DLY_RunMsec(100);
 537   1      }
 538          
 539          void DatChk_Vari(void)
 540          {
 541   1        if(lMnDat.fSave    >  TRUE)       lMnDat.fSave    = TRUE;
 542   1        if(lMnDat.sav_intv >= MnDAT_INTV_MAX) lMnDat.sav_intv = MnDAT_INTV_01M;
 543   1        if(lMnDat.disp_01m >= MnDAT_DISP_MAX) lMnDat.disp_01m = MnDAT_DISP_I0;
 544   1        if(lMnDat.disp_10m >= MnDAT_DISP_MAX) lMnDat.disp_10m = MnDAT_DISP_I0;
 545   1        if(lMnDat.disp_60m >= MnDAT_DISP_MAX) lMnDat.disp_60m = MnDAT_DISP_I0;
 546   1      }
 547          
 548          
 549          //--------------------------------------------------------------------------------------------------------
             -----------------------
 550          //  Global APIs - Access Local Variables
 551          //--------------------------------------------------------------------------------------------------------
             -----------------------
 552          // Get
 553          U08 MnDAT_GetFgSave(void)   { return lMnDat.fSave;    }
 554          U08 MnDAT_GetSavIntv(void)    { return lMnDat.sav_intv;   }
 555          U08 MnDAT_GetDisp01m(void)    { return lMnDat.disp_01m;   }
 556          U08 MnDAT_GetDisp10m(void)    { return lMnDat.disp_10m;   }
 557          U08 MnDAT_GetDisp60m(void)    { return lMnDat.disp_60m;   }
 558          // Set
 559          
 560          
 561          //--------------------------------------------------------------------------------------------------------
             -----------------------
 562          //  Global APIs - Memory Access
 563          //--------------------------------------------------------------------------------------------------------
             -----------------------
 564          void MnDAT_MemLoad(void)
 565          {
 566   1        lMnDat.fSave    = FLS_Rd1Byte(F010_DAT_F_SAVE);
 567   1        lMnDat.sav_intv = FLS_Rd1Byte(F026_DAT_SAV_INTV);
 568   1        lMnDat.disp_01m = FLS_Rd1Byte(F027_DAT_DISP_01M);
 569   1        lMnDat.disp_10m = FLS_Rd1Byte(F028_DAT_DISP_10M);
 570   1        lMnDat.disp_60m = FLS_Rd1Byte(F029_DAT_DISP_60M);
 571   1      }
C51 COMPILER V9.55   MENU_DATA                                                             04/29/2026 17:23:07 PAGE 11  

 572          
 573          void MnDAT_MemSave(void)
 574          {
 575   1        FLS_Wr1Byte(F010_DAT_F_SAVE,   lMnDat.fSave);
 576   1        FLS_Wr1Byte(F026_DAT_SAV_INTV, lMnDat.sav_intv);
 577   1        FLS_Wr1Byte(F027_DAT_DISP_01M, lMnDat.disp_01m);
 578   1        FLS_Wr1Byte(F028_DAT_DISP_10M, lMnDat.disp_10m);
 579   1        FLS_Wr1Byte(F029_DAT_DISP_60M, lMnDat.disp_60m);
 580   1      }
 581          
 582          void MnDAT_MemFtry(void)
 583          {
 584   1        FLS_Wr1Byte(F010_DAT_F_SAVE,   TRUE);
 585   1        FLS_Wr1Byte(F026_DAT_SAV_INTV, MnDAT_INTV_01M);
 586   1        FLS_Wr1Byte(F027_DAT_DISP_01M, MnDAT_DISP_I0);
 587   1        FLS_Wr1Byte(F028_DAT_DISP_10M, MnDAT_DISP_I0);
 588   1        FLS_Wr1Byte(F029_DAT_DISP_60M, MnDAT_DISP_I0);
 589   1      }
 590          
 591          
 592          //--------------------------------------------------------------------------------------------------------
             -----------------------
 593          //  Global APIs - Public
 594          //--------------------------------------------------------------------------------------------------------
             -----------------------
 595          void MnDAT_InitVari(void)
 596          {
 597   1        MnDAT_MemLoad();
 598   1        DatChk_Vari();
 599   1      }
 600          
 601          void MnDAT_ProcMain(void)
 602          {
 603   1        U08 fDp = FALSE;
 604   1        U08 sel = MnDAT_L00_IDLE + 1;
 605   1      
 606   1        DatDp_ProcList(sel);
 607   1      
 608   1        do
 609   1        {
 610   2          if(!_SBIT_BTN_DOWN)
 611   2          {
 612   3            if(sel < (MnDAT_LST_MAX-1))   sel++;
 613   3            else              sel = MnDAT_L00_IDLE + 1;
 614   3            fDp = TRUE;
 615   3          }
 616   2      
 617   2          if(!_SBIT_BTN_UP)
 618   2          {
 619   3            if(sel > (MnDAT_L00_IDLE+1))  sel--;
 620   3            else              sel = MnDAT_LST_MAX - 1;
 621   3            fDp = TRUE;
 622   3          }
 623   2      
 624   2          if(!_SBIT_BTN_SET)
 625   2          {
 626   3            switch(sel)
 627   3            { // Page 1
 628   4              case MnDAT_L01_F_SAVE:    MnDat_SaveEn();     break;
 629   4              case MnDAT_L02_DOWNLOAD:  MnDat_Download();   break;
 630   4              case MnDAT_L03_DELETE:    MnDat_Delete();     break;
 631   4              case MnDAT_L04_SAV_INTV:  MnDat_Interval();     break;
C51 COMPILER V9.55   MENU_DATA                                                             04/29/2026 17:23:07 PAGE 12  

 632   4              case MnDAT_L05_DP_TERM:   MnDat_DpTerm();     break;
 633   4              // Page 2
 634   4            }
 635   3            fDp = TRUE;
 636   3          }
 637   2      
 638   2          if(fDp)
 639   2          {
 640   3            DatDp_ProcList(sel);
 641   3            fDp = FALSE;
 642   3          }
 643   2        }
 644   1        while(_SBIT_BTN_EXIT);
 645   1      }
 646          
 647          
 648          //--------------------------------------------------------------------------------------------------------
             -----------------------
 649          //  EOF
 650          //--------------------------------------------------------------------------------------------------------
             -----------------------
 651          


MODULE INFORMATION:   STATIC OVERLAYABLE
   CODE SIZE        =   3164    ----
   CONSTANT SIZE    =    434    ----
   XDATA SIZE       =      5      36
   PDATA SIZE       =   ----    ----
   DATA SIZE        =   ----    ----
   IDATA SIZE       =   ----    ----
   BIT SIZE         =   ----    ----
END OF MODULE INFORMATION.


C51 COMPILATION COMPLETE.  0 WARNING(S),  0 ERROR(S)
