C51 COMPILER V9.55   PWM_MAIN                                                              04/29/2026 17:22:54 PAGE 1   


C51 COMPILER V9.55, COMPILATION OF MODULE PWM_MAIN
OBJECT MODULE PLACED IN .\Objects\pwm_main.obj
COMPILER INVOKED BY: C:\Keil_v5\C51\BIN\C51.EXE _Wess\bsp\pwm_main.c LARGE OPTIMIZE(8,SPEED) INCDIR(.\_src\b0_comm;.\_We
                    -ss\_compiler;.\_Wess\app;.\_Wess\bsp;.\_Wess\menu;.\_Wess\disp;.\_Wess\measure;.\_Wess\font;.\_Wess\screen) PRINT(.\List
                    -ings\pwm_main.lst) TABS(2) OBJECT(.\Objects\pwm_main.obj)

line level    source

   1          //--------------------------------------------------------------------
   2          //
   3          //  Copyright (C) 2020, WESS-Global Inc., All Rights Reserved.
   4          //
   5          //  The information contained herein is confidential property of
   6          //  WESS-Global Inc. The use, copying, transfer or disclosure of
   7          //  such information is prohibited except by express written agreement
   8          //  with WESS-Global Co.,LTD
   9          //
  10          //  $Id: templet_format.c 1 2020-07-13 12:00:00Z eddie $
  11          //  $Date: 2020-07-13 12:00:00 +0900 
  12          //  $Author: eddie $
  13          //  $Rev: 1.0 $
  14          //
  15          //--------------------------------------------------------------------
  16          
  17          
  18          //--------------------------------------------------------------------
  19          //  Includes
  20          //--------------------------------------------------------------------
  21          // chipset
  22          #include "compiler_defs.h"
  23          #include "C8051F120_defs.h"
  24          // sys
  25          #include "sys_def.h"
  26          // self
  27          #include "pwm_main.h"
  28          
  29          
  30          //--------------------------------------------------------------------
  31          //  Local Macros
  32          //--------------------------------------------------------------------
  33          
  34          
  35          //--------------------------------------------------------------------
  36          //  Local Type definitions
  37          //--------------------------------------------------------------------
  38          
  39          
  40          //--------------------------------------------------------------------
  41          //  Global variables
  42          //--------------------------------------------------------------------
  43          
  44          
  45          //--------------------------------------------------------------------
  46          //  Local variables
  47          //--------------------------------------------------------------------
  48          
  49          
  50          //--------------------------------------------------------------------
  51          // Funtion Definitions
  52          //--------------------------------------------------------------------
  53          // OLD: void Init_PCA(void)
C51 COMPILER V9.55   PWM_MAIN                                                              04/29/2026 17:22:54 PAGE 2   

  54          void PWM_InitPca(void)    // PCA: Programmable Counter Array
  55          {
  56   1        SFRPAGE = PCA0_PAGE;
  57   1        PCA0MD = 0x88;
  58   1      }
  59          
  60          
  61          // EOF
  62          


MODULE INFORMATION:   STATIC OVERLAYABLE
   CODE SIZE        =      7    ----
   CONSTANT SIZE    =   ----    ----
   XDATA SIZE       =   ----    ----
   PDATA SIZE       =   ----    ----
   DATA SIZE        =   ----    ----
   IDATA SIZE       =   ----    ----
   BIT SIZE         =   ----    ----
END OF MODULE INFORMATION.


C51 COMPILATION COMPLETE.  0 WARNING(S),  0 ERROR(S)
