C51 COMPILER V9.55   SCREEN_MAIN                                                           04/29/2026 17:22:38 PAGE 1   


C51 COMPILER V9.55, COMPILATION OF MODULE SCREEN_MAIN
OBJECT MODULE PLACED IN .\Objects\screen_main.obj
COMPILER INVOKED BY: C:\Keil_v5\C51\BIN\C51.EXE _Wess\screen\screen_main.c LARGE OPTIMIZE(8,SPEED) INCDIR(.\_src\b0_comm
                    -;.\_Wess\_compiler;.\_Wess\app;.\_Wess\bsp;.\_Wess\menu;.\_Wess\disp;.\_Wess\measure;.\_Wess\font;.\_Wess\screen) PRINT(
                    -.\Listings\screen_main.lst) TABS(2) OBJECT(.\Objects\screen_main.obj)

line level    source

   1          //--------------------------------------------------------------------------------------------------------
             -----------------------
   2          //  Copyright (C) 2021, WESS-Global Inc., All Rights Reserved.
   3          //
   4          //  The information contained herein is confidential property of WESS-Global Inc. The use, copying, transf
             -er or disclosure of
   5          //  such information is prohibited except by express written agreement with WESS-Global Co.,LTD
   6          //
   7          //  $ Date: 2020-07-13 12:00:00 +0900 $
   8          //--------------------------------------------------------------------------------------------------------
             -----------------------
   9          
  10          
  11          //--------------------------------------------------------------------------------------------------------
             -----------------------
  12          //  Includes
  13          //--------------------------------------------------------------------------------------------------------
             -----------------------
  14          // self
  15          #include "screen_main.h"
  16          // bsp
  17          #include "lcd_main.h"
  18          #include "lcd_data.h"
  19          #include "btn_main.h"
  20          // app
  21          #include "data_main.h"
  22          // disp
  23          #include "disp_main.h"
  24          
  25          
  26          //--------------------------------------------------------------------------------------------------------
             -----------------------
  27          //  Global variables
  28          //--------------------------------------------------------------------------------------------------------
             -----------------------
  29          
  30          
  31          //--------------------------------------------------------------------------------------------------------
             -----------------------
  32          //  Local variables
  33          //--------------------------------------------------------------------------------------------------------
             -----------------------
  34          
  35          
  36          //--------------------------------------------------------------------------------------------------------
             -----------------------
  37          //  Local Funtions
  38          //--------------------------------------------------------------------------------------------------------
             -----------------------
  39          U08 lScr_idx;
  40          
  41          
  42          //--------------------------------------------------------------------------------------------------------
C51 COMPILER V9.55   SCREEN_MAIN                                                           04/29/2026 17:22:38 PAGE 2   

             -----------------------
  43          //  Global APIs - Access Local Variables
  44          //--------------------------------------------------------------------------------------------------------
             -----------------------
  45          // Get
  46          U08 SCRN_GetScrnIdx(void)   { return lScr_idx;    }
  47          // Set
  48          
  49          
  50          //--------------------------------------------------------------------------------------------------------
             -----------------------
  51          //  Global APIs - Operation
  52          //--------------------------------------------------------------------------------------------------------
             -----------------------
  53          void SCRN_InitVari(void)
  54          {
  55   1        lScr_idx = SCR_I00_IDLE + 1;
  56   1      
  57   1        ScTRD_InitVai();
  58   1      }
  59          
  60          void SCRN_ProcKey(U08 key)
  61          {
  62   1        switch(key)
  63   1        {
  64   2          case BTN_IDX_RIGHT:
  65   2            if(++lScr_idx >= SCR_IDX_MAX)
  66   2              lScr_idx = SCR_I00_IDLE + 1;
  67   2            break;
  68   2      
  69   2          case BTN_IDX_LEFT:
  70   2            if(lScr_idx == SCR_I00_IDLE + 1)    lScr_idx = SCR_IDX_MAX - 1;
  71   2            else                  lScr_idx--;
  72   2            break;
  73   2        }
  74   1      }
  75          
  76          void SCRN_ProcDisp(void)
  77          {
  78   1        if(gTd_f_en)
  79   1        {
  80   2          LDT_UpdBuff(LCD_Y_START, LCD_Y_END);
  81   2          return;
  82   2        }
  83   1      
  84   1        LDT_ClrBuff(LCD_X_START, LCD_Y_START, LCD_X_END, LCD_Y_END);
  85   1      
  86   1        switch(lScr_idx)
  87   1        {
  88   2          case SCR_I01_FRONT:     DpFRT_ProcMain();       break;
  89   2          case SCR_I02_GRP_LIVE:
  90   2          case SCR_I03_GRP_AVRG:    DpGRP_ProcMain(lScr_idx);   break;
  91   2          case SCR_I04_INFO:      DpINF_ProcMain();       break;
  92   2          default:          return;
  93   2        }
  94   1      
  95   1        LDT_UpdBuff(LCD_Y_START, LCD_Y_END);
  96   1      }
  97          
  98          
  99          //--------------------------------------------------------------------------------------------------------
             -----------------------
C51 COMPILER V9.55   SCREEN_MAIN                                                           04/29/2026 17:22:38 PAGE 3   

 100          //  EOF
 101          //--------------------------------------------------------------------------------------------------------
             -----------------------
 102          


MODULE INFORMATION:   STATIC OVERLAYABLE
   CODE SIZE        =    119    ----
   CONSTANT SIZE    =   ----    ----
   XDATA SIZE       =      1    ----
   PDATA SIZE       =   ----    ----
   DATA SIZE        =   ----    ----
   IDATA SIZE       =   ----    ----
   BIT SIZE         =   ----    ----
END OF MODULE INFORMATION.


C51 COMPILATION COMPLETE.  0 WARNING(S),  0 ERROR(S)
