C51 COMPILER V9.55   UART_MAIN                                                             04/29/2026 17:22:47 PAGE 1   


C51 COMPILER V9.55, COMPILATION OF MODULE UART_MAIN
OBJECT MODULE PLACED IN .\Objects\uart_main.obj
COMPILER INVOKED BY: C:\Keil_v5\C51\BIN\C51.EXE _Wess\bsp\uart_main.c LARGE OPTIMIZE(8,SPEED) INCDIR(.\_src\b0_comm;.\_W
                    -ess\_compiler;.\_Wess\app;.\_Wess\bsp;.\_Wess\menu;.\_Wess\disp;.\_Wess\measure;.\_Wess\font;.\_Wess\screen) PRINT(.\Lis
                    -tings\uart_main.lst) TABS(2) OBJECT(.\Objects\uart_main.obj)

line level    source

   1          //--------------------------------------------------------------------------------------------------------
             -----------------------
   2          //  Copyright (C) 2021, WESS-Global Inc., All Rights Reserved.
   3          //
   4          //  The information contained herein is confidential property of WESS-Global Inc. The use, copying, transf
             -er or disclosure of
   5          //  such information is prohibited except by express written agreement with WESS-Global Co.,LTD
   6          //
   7          //  $ Date: 2020-07-13 12:00:00 +0900 $
   8          //--------------------------------------------------------------------------------------------------------
             -----------------------
   9          
  10          
  11          //--------------------------------------------------------------------------------------------------------
             -----------------------
  12          //  Includes
  13          //--------------------------------------------------------------------------------------------------------
             -----------------------
  14          // chipset
  15          #include "compiler_defs.h"
  16          #include "C8051F120_defs.h"
  17          // sys
  18          #include "sys_def.h"
  19          // bsp
  20          #include "flash_main.h"
  21          #include "uart_main.h"
  22          #include "gpio_main.h"
  23          #include "bsp_main.h"
  24          // app
  25          #include "app_main.h"
  26          #include "measure_main.h"
  27          #include "measure_analyze.h"
  28          #include "measure_temperature.h"
  29          #include "dly_main.h"
  30          #include "disp_main.h"
  31          #include "prtc_main.h"
  32          #include "rf_main.h"
  33          #include "isr_main.h"
  34          #include "crc_main.h"
  35          // menu
  36          #include "menu_measure.h"
  37          #include "menu_output.h"
  38          
  39          
  40          //--------------------------------------------------------------------------------------------------------
             -----------------------
  41          //  Global variables
  42          //--------------------------------------------------------------------------------------------------------
             -----------------------
  43          GV_UT gUt;
  44          
  45          U08 gUt_level[12];      // OLD: unsigned char UART_data_level_UC_G[12];
  46          U08 gUt_tmprt[12];      // OLD: unsigned char UART_data_temp_UC_G[12];
C51 COMPILER V9.55   UART_MAIN                                                             04/29/2026 17:22:47 PAGE 2   

  47          
  48          
  49          //--------------------------------------------------------------------------------------------------------
             -----------------------
  50          //  Local variables
  51          //--------------------------------------------------------------------------------------------------------
             -----------------------
  52          
  53          
  54          //--------------------------------------------------------------------------------------------------------
             -----------------------
  55          //  Local Funtions
  56          //--------------------------------------------------------------------------------------------------------
             -----------------------
  57          
  58          
  59          //--------------------------------------------------------------------------------------------------------
             -----------------------
  60          //  Global APIs - Access Local Variables
  61          //--------------------------------------------------------------------------------------------------------
             -----------------------
  62          // Get
  63          // Set
  64          
  65          
  66          //--------------------------------------------------------------------------------------------------------
             -----------------------
  67          //  Global APIs - Public
  68          //--------------------------------------------------------------------------------------------------------
             -----------------------
  69          void UAT_InitBoot(void) 
  70          {
  71   1        // UART0
  72   1        SFRPAGE = UART0_PAGE;
  73   1        SCON0   = 0x50;     // 8bit variable baud rate 
  74   1        SSTA0   = 0x0F;
  75   1        RI0 = 0;            // int flag 0 
  76   1        TI0 = 0;
  77   1        
  78   1        // UART1
  79   1        SFRPAGE = UART1_PAGE; // ENV100-M
  80   1        SCON1   = 0x50;
  81   1        RI1 = 0;
  82   1        TI1 = 0;
  83   1      }
  84          
  85          void UAT_Init2nd(void)
  86          {
  87   1        SFRPAGE = UART0_PAGE;
  88   1          RI0 = 0;  // mdb
  89   1      }
  90          
  91          void UAT_InitVari(void)
  92          {
  93   1          S16 i;
  94   1      
  95   1          gUt.f_rx = FALSE;
  96   1      
  97   1          for(i=0; i<20; i++)
  98   1          gUt.rx_pkt[i] = 0;
  99   1      
 100   1        gUt.tx_cnt = 0;
C51 COMPILER V9.55   UART_MAIN                                                             04/29/2026 17:22:47 PAGE 3   

 101   1      }
 102          
 103          void UAT_SetLevel(void)
 104          {
 105   1        U16 sg_thick = MEAS_GetSgThick();
 106   1      
 107   1        gUt_level[3] = (U08)((sg_thick>>8) & 0x00ff);
 108   1        gUt_level[4] = (U08)((sg_thick>>0) & 0x00ff);
 109   1      
 110   1        gUt_level[5] = 0x00;
 111   1        gUt_level[6] = 0x00;
 112   1      
 113   1        gUt_level[7] = 0x00;
 114   1        gUt_level[8] = 0x00;
 115   1      }
 116          
 117          // OLD: void Comm_Modbus_temp(void)
 118          void UAT_SetTmprt(void)
 119          {
 120   1        gUt_tmprt[3] = (S08)((gTp_now>>8) & 0x00ff);
 121   1        gUt_tmprt[4] = (S08)((gTp_now>>0) & 0x00ff);
 122   1        
 123   1        gUt_tmprt[5] = 0x00;
 124   1        gUt_tmprt[6] = 0x00;
 125   1      }
 126          
 127          void UAT_SetBaudrate(U08 val)
 128          {
 129   1          U08 old = SFRPAGE;
 130   1      
 131   1          SFRPAGE = TMR4_PAGE;
 132   1          TR4   = ISR_ITR_DISABLE;
 133   1      
 134   1          switch(val)
 135   1          {
 136   2          case MnOUT_MDB_BAUD_04800:  RCAP4H = 0xFC;  RCAP4L = 0xF3;  gUt.baud_cfg = 3600;  break;  // 720*(60/12)
 137   2          case MnOUT_MDB_BAUD_09600:  RCAP4H = 0xFE;  RCAP4L = 0x79;  gUt.baud_cfg = 1795;  break;  // 179*(60/12)
 138   2          case MnOUT_MDB_BAUD_19200:  RCAP4H = 0xFF;  RCAP4L = 0x3D;  gUt.baud_cfg = 895;   break;
 139   2          }
 140   1      
 141   1          gUt.baud_cnt = gUt.baud_cfg;
 142   1      
 143   1          TR4   = 1;
 144   1          SFRPAGE = old;
 145   1      }
 146          
 147          // OLD: void uart_tx_byte(unsigned char dat) 
 148          void UT0_TxByte(U08 dat) 
 149          {
 150   1          U08 old = SFRPAGE;
 151   1      
 152   1          SFRPAGE = UART0_PAGE;
 153   1      
 154   1          SBUF0 = dat;
 155   1          while(!TI0);
 156   1          TI0 = ISR_ITR_DISABLE;
 157   1      
 158   1          SFRPAGE = old;
 159   1      }
 160          
 161          // OLD: void uart_tx_ASCII(unsigned char dat)
 162          void UT0_TxAscii(U08 dat)
C51 COMPILER V9.55   UART_MAIN                                                             04/29/2026 17:22:47 PAGE 4   

 163          {
 164   1        U08 i;
 165   1        U08 val[2];
 166   1      
 167   1        val[0] = (dat / 10) % 10 + '0';
 168   1        val[1] =  dat % 10       + '0';
 169   1      
 170   1        for(i=0; i<2; i++)
 171   1          UT0_TxByte(val[i]);
 172   1      }
 173          
 174          // OLD: void uart1_tx_byte(unsigned char dat) 
 175          void UT1_TxByte(U08 dat)
 176          {
 177   1          U08 old = SFRPAGE;
 178   1      
 179   1          SFRPAGE = UART1_PAGE;
 180   1      
 181   1          SBUF1 = dat;
 182   1          while(!TI1);
 183   1          TI1 = ISR_ITR_DISABLE;
 184   1      
 185   1          SFRPAGE = old;
 186   1      }
 187          
 188          void Ut0Tx_Standard(void)
 189          {
 190   1        U08 i;
 191   1        S16 tmp2;
 192   1        U08 old = SFRPAGE;
 193   1        U08 unit = MnMSR_GetUnit();
 194   1        S16 level_mt = MsANL_GetLevelMt();
 195   1        S16 level_ft = MsANL_GetLevelFt();
 196   1        S16 dista_mt = MsANL_GetDistaMt();
 197   1        S16 dista_ft = MsANL_GetDistaFt();
 198   1      
 199   1        SFRPAGE = UART0_PAGE;
 200   1      
 201   1        UT0_TxByte(0x0d);    //CR
 202   1        UT0_TxByte(0x0a);    //LF
 203   1      
 204   1        UT0_TxByte(0x44);    //'D'
 205   1      
 206   1        if(unit == MnMSR_UNIT_FEET)
 207   1        {
 208   2          gDp_buff_str[0] = (dista_ft / 1000) % 10 + '0';
 209   2          gDp_buff_str[1] = (dista_ft /  100) % 10 + '0';
 210   2          gDp_buff_str[2] = (dista_ft /   10) % 10 + '0';
 211   2          gDp_buff_str[3] =  dista_ft         % 10 + '0';
 212   2        }
 213   1        else
 214   1        {
 215   2          gDp_buff_str[0] = (dista_mt / 1000) % 10 + '0';
 216   2          gDp_buff_str[1] = (dista_mt /  100) % 10 + '0';
 217   2          gDp_buff_str[2] = (dista_mt /   10) % 10 + '0';
 218   2          gDp_buff_str[3] =  dista_mt         % 10 + '0';
 219   2        }
 220   1      
 221   1        for(i=0; i<4; i++)                     //'Transfer Rag Level, unit 000cm
 222   1          UT0_TxByte(gDp_buff_str[i]);
 223   1      
 224   1        UT0_TxByte(0x53);    //'S'
C51 COMPILER V9.55   UART_MAIN                                                             04/29/2026 17:22:47 PAGE 5   

 225   1      
 226   1        if(unit == MnMSR_UNIT_FEET)
 227   1        {
 228   2          gDp_buff_str[0] = (level_ft / 1000) % 10 + '0';
 229   2          gDp_buff_str[1] = (level_ft /  100) % 10 + '0';
 230   2          gDp_buff_str[2] = (level_ft /   10) % 10 + '0';
 231   2          gDp_buff_str[3] =  level_ft         % 10 + '0';
 232   2        }
 233   1        else
 234   1        {
 235   2          gDp_buff_str[0] = (level_mt / 1000) % 10 + '0';
 236   2          gDp_buff_str[1] = (level_mt /  100) % 10 + '0';
 237   2          gDp_buff_str[2] = (level_mt /   10) % 10 + '0';
 238   2          gDp_buff_str[3] =  level_mt         % 10 + '0';
 239   2        }
 240   1      
 241   1        for (i = 0; i < 4; i++)                   //Transfer Sludge Level, 000unit cm
 242   1          UT0_TxByte(gDp_buff_str[i]);
 243   1      
 244   1        UT0_TxByte(0x54);   //'T'
 245   1        tmp2 = gTp_now;         //Trasnfer Temperature, 00unit 1'
 246   1      
 247   1        if (tmp2 < 0)
 248   1        {
 249   2          gDp_buff_str[0] = 0x2d;      //'-'
 250   2          tmp2 = tmp2 * -1;
 251   2        }
 252   1        else
 253   1          gDp_buff_str[0] = 0x2b;      //'+'
 254   1      
 255   1        gDp_buff_str[1] = (tmp2 / 100) % 10 + '0';
 256   1        gDp_buff_str[2] = (tmp2 /  10) % 10 + '0';
 257   1      
 258   1        for (i=0; i<3; i++)
 259   1          UT0_TxByte(gDp_buff_str[i]);
 260   1      
 261   1        UT0_TxByte(0x45);   // 'E'
 262   1      
 263   1        switch(MsANL_GetErrStat())
 264   1        {
 265   2          case MsANL_ERR_NONE:    UT0_TxByte(0x30);   UT0_TxByte(0x30);   break;    // '00'
 266   2          case MsANL_ERR_ECHO:    UT0_TxByte(0x30);   UT0_TxByte(0x31);   break;    // '01'
 267   2          case MsANL_ERR_TPRT:    UT0_TxByte(0x30);   UT0_TxByte(0x32);   break;    // '02'
 268   2        }
 269   1      
 270   1        UT0_TxByte(0x00);    // NULL
 271   1      
 272   1        SFRPAGE = old;
 273   1      }
 274          
 275          // OLD: void data_tx_RF(void) 
 276          void data_tx_RF(void) 
 277          {
 278   1        U08 i;
 279   1        U08 tx_buff[20];
 280   1        U16 aux;
 281   1        U08 cnt = 0;
 282   1        U08 old = SFRPAGE;
 283   1        U08 rf_ch = MnOUT_GetRfCh();
 284   1        S16 level_mt = MsANL_GetLevelMt();
 285   1        S16 level_ft = MsANL_GetLevelFt();
 286   1      
C51 COMPILER V9.55   UART_MAIN                                                             04/29/2026 17:22:47 PAGE 6   

 287   1        SFRPAGE = UART0_PAGE;
 288   1      
 289   1        tx_buff[cnt++] = (gUt.tx_cnt>>8)&0xff;  //master id
 290   1        tx_buff[cnt++] = (gUt.tx_cnt>>0)&0xff;  //master id
 291   1        tx_buff[cnt++] = '=';
 292   1        tx_buff[cnt++] = 0x05; // Header  
 293   1        tx_buff[cnt++] = (rf_ch / 10) + 0x30; //slave id
 294   1        tx_buff[cnt++] = (rf_ch % 10) + 0x30;   //slave id
 295   1        tx_buff[cnt++] = 'S';
 296   1      
 297   1        if(MnMSR_GetUnit() == MnMSR_UNIT_FEET)
 298   1        {
 299   2          tx_buff[cnt++] = (level_ft / 1000) % 10 + '0';
 300   2          tx_buff[cnt++] = (level_ft / 100)  % 10 + '0';
 301   2          tx_buff[cnt++] = (level_ft / 10)   % 10 + '0';
 302   2          tx_buff[cnt++] =  level_ft         % 10 + '0';
 303   2        }
 304   1        else
 305   1        {
 306   2          tx_buff[cnt++] = (level_mt / 1000) % 10 + '0';
 307   2          tx_buff[cnt++] = (level_mt / 100)  % 10 + '0';
 308   2          tx_buff[cnt++] = (level_mt / 10)   % 10 + '0';
 309   2          tx_buff[cnt++] =  level_mt         % 10 + '0';
 310   2        }       
 311   1        
 312   1        aux = DSP_GetCurrent();
 313   1      
 314   1        tx_buff[cnt++] = 'A';                     // 'A'
 315   1        tx_buff[cnt++] = (aux / 1000) % 10 + '0';
 316   1        tx_buff[cnt++] = (aux / 100)  % 10 + '0';
 317   1        tx_buff[cnt++] = (aux / 10)   % 10 + '0';
 318   1        tx_buff[cnt++] =  aux         % 10 + '0';
 319   1        tx_buff[cnt++] = 0x04;  // Tail
 320   1        tx_buff[cnt++] = 0x0D;  // CR  
 321   1      
 322   1        for(i=0; i<cnt; i++)
 323   1          UT0_TxByte(tx_buff[i]);
 324   1      
 325   1        SFRPAGE = old;
 326   1      }
 327          
 328          void data_tx_RF_1(void) 
 329          {
 330   1        U08 i;
 331   1        U08 tx_buff[20];
 332   1        U16 aux;
 333   1        U08 cnt = 0;
 334   1        U08 old = SFRPAGE;
 335   1        U08 rf_ch = MnOUT_GetRfCh();
 336   1        S16 level_mt = MsANL_GetLevelMt();
 337   1        S16 level_ft = MsANL_GetLevelFt();
 338   1      
 339   1        SFRPAGE = UART1_PAGE;
 340   1      
 341   1        tx_buff[cnt++] = (gUt.tx_cnt>>8)&0xff;  //master id
 342   1        tx_buff[cnt++] = (gUt.tx_cnt>>0)&0xff;  //master id
 343   1        tx_buff[cnt++] = '=';
 344   1        tx_buff[cnt++] = 0x05; // Header  
 345   1        tx_buff[cnt++] = (rf_ch / 10) + 0x30; //slave id
 346   1        tx_buff[cnt++] = (rf_ch % 10) + 0x30;   //slave id
 347   1        tx_buff[cnt++] = 'S';
 348   1      
C51 COMPILER V9.55   UART_MAIN                                                             04/29/2026 17:22:47 PAGE 7   

 349   1        if(MnMSR_GetUnit() == MnMSR_UNIT_FEET)
 350   1        {
 351   2          tx_buff[cnt++] = (level_ft / 1000) % 10 + '0';
 352   2          tx_buff[cnt++] = (level_ft / 100)  % 10 + '0';
 353   2          tx_buff[cnt++] = (level_ft / 10)   % 10 + '0';
 354   2          tx_buff[cnt++] =  level_ft         % 10 + '0';
 355   2        }
 356   1        else
 357   1        {
 358   2          tx_buff[cnt++] = (level_mt / 1000) % 10 + '0';
 359   2          tx_buff[cnt++] = (level_mt / 100)  % 10 + '0';
 360   2          tx_buff[cnt++] = (level_mt / 10)   % 10 + '0';
 361   2          tx_buff[cnt++] =  level_mt         % 10 + '0';
 362   2        }       
 363   1        
 364   1        aux = DSP_GetCurrent();
 365   1      
 366   1        tx_buff[cnt++] = 'A';                     // 'A'
 367   1        tx_buff[cnt++] = (aux / 1000) % 10 + '0';
 368   1        tx_buff[cnt++] = (aux / 100)  % 10 + '0';
 369   1        tx_buff[cnt++] = (aux / 10)   % 10 + '0';
 370   1        tx_buff[cnt++] =  aux         % 10 + '0';
 371   1        tx_buff[cnt++] = 0x04;  // Tail
 372   1        tx_buff[cnt++] = 0x0D;  // CR  
 373   1      
 374   1        for(i=0; i<cnt; i++)
 375   1          UT1_TxByte(tx_buff[i]);
 376   1        
 377   1        SFRPAGE = old;
 378   1      }
 379          
 380          void UT0_PrcTx(U08 sel)
 381          {
 382   1        U08 old = SFRPAGE;
 383   1      
 384   1      #if 1
 385   1      
 386   1        switch(sel)
 387   1        {
 388   2          case MnOUT_PROT_STD:  UAT_SetBaudrate(MnOUT_MDB_BAUD_19200);    break;
 389   2          case MnOUT_PROT_RF:   UAT_SetBaudrate(MnOUT_MDB_BAUD_09600);    break;
 390   2          case MnOUT_PROT_MDBS: 
 391   2          default:        return;
 392   2        }
 393   1        
 394   1        SFRPAGE = CONFIG_PAGE;
 395   1        SBIT_RS485_TR = PRT_485_TX_ON;
 396   1        DLY_RunMsec(1);
 397   1      
 398   1        switch(sel)
 399   1        {
 400   2          case MnOUT_PROT_STD:  
 401   2            Ut0Tx_Standard();   
 402   2            break;
 403   2          case MnOUT_PROT_RF:   
 404   2            gUt.tx_cnt++;
 405   2            data_tx_RF();
 406   2            DLY_RunMsec(1);
 407   2            data_tx_RF_1();
 408   2            break;
 409   2          default:      
 410   2            break;
C51 COMPILER V9.55   UART_MAIN                                                             04/29/2026 17:22:47 PAGE 8   

 411   2        }
 412   1      
 413   1        SFRPAGE = CONFIG_PAGE;
 414   1        SBIT_RS485_TR = PRT_485_RX_ON;
 415   1      
 416   1      
 417   1        SFRPAGE = old;
 418   1      
 419   1      #else
              
                if(MnOUT_GetProtocol() == MnOUT_PROT_MDBS)
                  return;
              
                UAT_SetBaudrate(1);
              
                SFRPAGE = CONFIG_PAGE;
                SBIT_RS485_TR = PRT_485_TX_ON;
                DLY_RunMsec(1);
              
                if(sel == 0) 
                  Ut0Tx_Standard();
                else if (sel == 1) 
                {
                  #if 1
                  gUt.tx_cnt++;
                  #endif
                  data_tx_RF();
                }
              
                SFRPAGE = CONFIG_PAGE;
                SBIT_RS485_TR = PRT_485_RX_ON;
              
                UAT_SetBaudrate(1);
              
                SFRPAGE = old;
              #endif
 447   1      }
 448          
 449          
 450          //--------------------------------------------------------------------------------------------------------
             -----------------------
 451          //  EOF
 452          //--------------------------------------------------------------------------------------------------------
             -----------------------
 453          


MODULE INFORMATION:   STATIC OVERLAYABLE
   CODE SIZE        =   2561    ----
   CONSTANT SIZE    =   ----    ----
   XDATA SIZE       =     63      68
   PDATA SIZE       =   ----    ----
   DATA SIZE        =   ----    ----
   IDATA SIZE       =   ----    ----
   BIT SIZE         =   ----    ----
END OF MODULE INFORMATION.


C51 COMPILATION COMPLETE.  0 WARNING(S),  0 ERROR(S)
